Ear:BodyPart=Ear
Helix:BodyPart=Ear
Antihelix:BodyPart=Ear
Anti helix:BodyPart=Ear
Anti-helix:BodyPart=Ear
Conchal bowl:BodyPart=Ear
Concha:BodyPart=Ear
Cymba:BodyPart=Ear
Triangular fossa:BodyPart=Ear
Crus of helix:BodyPart=Ear
Helical rim:BodyPart=Ear
Helix rim:BodyPart=Ear
Anti-helix:BodyPart=Ear
Anti helix:BodyPart=Ear
Antihelix:BodyPart=Ear
Crura of anti-helix:BodyPart=Ear
Crura of anti helix:BodyPart=Ear
Crura of antihelix:BodyPart=Ear
Tragus:BodyPart=Ear
Tragal notch:BodyPart=Ear
External auditory meatus:BodyPart=Ear
EAM:BodyPart=Ear
Lobe:BodyPart=Ear
Lobule:BodyPart=Ear
Posterior auricular sulcus:BodyPart=Ear
Posterior-auricular sulcus:BodyPart=Ear
Posterior auricular:BodyPart=Ear
Posterior-auricular:BodyPart=Ear
Post auricular sulcus:BodyPart=Ear
Post-auricular sulcus:BodyPart=Ear
Postauricular sulcus:BodyPart=Ear
Post auricular:BodyPart=Ear
Post-auricular:BodyPart=Ear
Postauricular:BodyPart=Ear
Postauricular area:BodyPart=Ear
Post-auricular area:BodyPart=Ear
Postauricular area:BodyPart=Ear
Postauricular region:BodyPart=Ear
Post-auricular region:BodyPart=Ear
Postauricular region:BodyPart=Ear
Pre auricular sulcus:BodyPart=Ear
Pre-auricular sulcus:BodyPart=Ear
Preauricular sulcus:BodyPart=Ear
Pre auricular:BodyPart=Ear
Pre-auricular:BodyPart=Ear
Preauricular:BodyPart=Ear
Pre auricular area:BodyPart=Ear
Pre-auricular area:BodyPart=Ear
Preauricular area:BodyPart=Ear
Pre auricular region:BodyPart=Ear
Pre-auricular region:BodyPart=Ear
Preauricular region:BodyPart=Ear
Nose:BodyPart=Nose
Nasal sidewall:BodyPart=Nose
Nasal side wall:BodyPart=Nose
Nasal side-wall:BodyPart=Nose
Alar lobule:BodyPart=Nose
Alar:BodyPart=Nose
Soft triangle:BodyPart=Nose
Dorsal nose:BodyPart=Nose
Tip:BodyPart=Nose
Supratip:BodyPart=Nose
Supra-tip:BodyPart=Nose
Columella:BodyPart=Nose
Scalp:BodyPart=Scalp
Temporal scalp:BodyPart=Scalp
Parietal scalp:BodyPart=Scalp
Vertex scalp:BodyPart=Scalp
Occipital scalp:BodyPart=Scalp
Nuchal scalp:BodyPart=Scalp
Hairline:BodyPart=Scalp
Hair line:BodyPart=Scalp
Temple:BodyPart=Temple
Cheek:BodyPart=Cheek
Infra-orbital:BodyPart=Cheek
Infraorbital:BodyPart=Cheek
Infra-orbital rim:BodyPart=Cheek
Infraorbital rim:BodyPart=Cheek
Zygoma:BodyPart=Cheek
Malar:BodyPart=Cheek
Tear trough:BodyPart=Cheek
Naso-labial:BodyPart=Cheek
Naso labial:BodyPart=Cheek
Nasolabial:BodyPart=Cheek
Melo-labial:BodyPart=Cheek
Melo labial:BodyPart=Cheek
Melolabial:BodyPart=Cheek
Eyelid:BodyPart=Eyelid
Upper eyelid:BodyPart=Eyelid
Lower eyelid:BodyPart=Eyelid
Eye lid:BodyPart=Eyelid
Upper eye lid:BodyPart=Eyelid
Lower eye lid:BodyPart=Eyelid
Grey line:BodyPart=Eyelid
Conjunctiva:BodyPart=Eyelid
Tarus:BodyPart=Eyelid
Tarsal plate:BodyPart=Eyelid
Forehead:BodyPart=Forehead
Supra-orbital:BodyPart=Forehead
Supra orbital:BodyPart=Forehead
Supra-orbital rim:BodyPart=Forehead
Supra orbital rim:BodyPart=Forehead
Eyebrow:BodyPart=Forehead
Eye brow:BodyPart=Forehead
Glabellar:BodyPart=Forehead
Glabellar region:BodyPart=Forehead
Glabellar area:BodyPart=Forehead
Chin:BodyPart=Chin
Mental:BodyPart=Chin
Lip:BodyPart=Lip
Upper lip:BodyPart=Lip
Lower lip:BodyPart=Lip
Dry mucosa:BodyPart=Lip
Wet mucosa:BodyPart=Lip
Lip:BodyPart=Lip
Vermilion:BodyPart=Lip
Commissure:BodyPart=Lip
Oral commissure:BodyPart=Lip
White roll:BodyPart=Lip
Philtrum:BodyPart=Lip
Philtral column:BodyPart=Lip
Neck:BodyPart=Neck
Level 1 neck:BodyPart=Neck 
Level I neck:BodyPart=Neck 
Level 2 neck:BodyPart=Neck 
Level II neck:BodyPart=Neck 
Level 3 neck:BodyPart=Neck 
Level III neck:BodyPart=Neck 
Level 4 neck:BodyPart=Neck 
Level IV neck:BodyPart=Neck 
Level 5 neck:BodyPart=Neck 
Level V:BodyPart=Neck 
Anterior triangle neck:BodyPart=Neck 
Posterior triangle neck:BodyPart=Neck 
Supraclavicular neck:BodyPart=Neck
Supra-clavicular neck:BodyPart=Neck
Sub-mental:BodyPart=Neck
Sub mental:BodyPart=Neck
Submental:BodyPart=Neck
Mastoid:BodyPart=Neck
Mastoid process:BodyPart=Neck
Mastoid area:BodyPart=Neck
Mastoid region:BodyPart=Neck
Chest:BodyPart=Chest
Anterior chest:BodyPart=Chest
Anterior chestwall:BodyPart=Chest
Anterior chest wall:BodyPart=Chest
Clavicle:BodyPart=Chest
Infraclavicular:BodyPart=Chest
Infra-clavicular:BodyPart=Chest
Infra clavicular:BodyPart=Chest
Sternum:BodyPart=Chest
Manubrium:BodyPart=Chest
Xiphisternum:BodyPart=Chest
Xiphoid process:BodyPart=Chest
Nipple:BodyPart=Chest
Nipple-areola complex:BodyPart=Chest
Nipple areolar complex:BodyPart=Chest
NAC:BodyPart=Chest
Areolar:BodyPart=Chest
Areolar:BodyPart=Chest
Back:BodyPart=Back
Posterior chest:BodyPart=Back
Posterior chestwall:BodyPart=Back
Posterior chest wall:BodyPart=Back
Cervical:BodyPart=Back
Thoracic:BodyPart=Back
Lumbar:BodyPart=Back
Sacral:BodyPart=Back
Cervical spine:BodyPart=Back
Thoracic spine:BodyPart=Back
Lumbar spine:BodyPart=Back
Sacral spine:BodyPart=Back
Buttock:BodyPart=Back
Gluteus:BodyPart=Back
Abdomen:BodyPart=Abdomen
Abdominal:BodyPart=Abdomen
Abdominal wall:BodyPart=Abdomen
Anterior abdominal wall:BodyPart=Abdomen
Hypochondrium:BodyPart=Abdomen 
Hypochondrial:BodyPart=Abdomen 
Illiac fossa:BodyPart=Abdomen 
Epigastric:BodyPart=Abdomen 
Umbilical:BodyPart=Abdomen
Peri-umbilical:BodyPart=Abdomen 
Peri umbilical:BodyPart=Abdomen 
Periumbilical:BodyPart=Abdomen 
Hypogastric:BodyPart=Abdomen
Hypogastrium:BodyPart=Abdomen 
Pubic:BodyPart=Abdomen
Mons:BodyPart=Abdomen
Mons pubis:BodyPart=Abdomen 
Flank:BodyPart=Abdomen
Arm:BodyPart=Arm
Shoulder:BodyPart=Arm
Deltoid:BodyPart=Arm
Antecubital fossa:BodyPart=Arm
ACF:BodyPart=Arm
Elbow:BodyPart=Arm
Forearm:BodyPart=Arm
Groin:BodyPart=Leg 
Thigh:BodyPart=Leg 
Knee:BodyPart=Leg
Popliteal fossa:BodyPart=Leg 
Calf:BodyPart=Leg
Pretibial:BodyPart=Leg 
Pre tibial:BodyPart=Leg
Pre-tibial:BodyPart=Leg
Pretibia:BodyPart=Leg 
Pre tibia:BodyPart=Leg
Pre-tibia:BodyPart=Leg
Ankle:BodyPart=Leg
Malleolus:BodyPart=Leg
Lateral malleolus:BodyPart=Leg
Medial Malleolus:BodyPart=Leg
Hand:BodyPart=Hand
Wrist:BodyPart=Hand
Finger:BodyPart=Hand
Thumb:BodyPart=Hand
Palm:BodyPart=Hand
Thenar eminenceBodyPart=Hand
Hypothenar eminenceBodyPart=Hand
Hypo-thenar eminenceBodyPart=Hand
Foot:BodyPart=Foot
Toe:BodyPart=Foot
Great toe:BodyPart=Foot
Thigh:BodyPart=Thigh
Hip:BodyPart=Thigh
Trochanter:BodyPart=Thigh
Trochanteric:BodyPart=Thigh
Greater trochanter:BodyPart=Thigh
Lesser trochanter:BodyPart=Thigh
NailComplex:BodyPart=NailComplex 
Nail:BodyPart=NailComplex 
Nail bed:BodyPart=NailComplex
Eponychium:BodyPart=NailComplex
Hyponychium:BodyPart=NailComplex
Paronychium:BodyPart=NailComplex
Paronychial fold:BodyPart=NailComplex
Lateral nail fold:BodyPart=NailComplex
Genito-urinary:BodyPart=Genito-urinary
Penis:BodyPart=Genito-urinary
Penile:BodyPart=Genito-urinary
Glans:BodyPart=Genito-urinary
Corpus:BodyPart=Genito-urinary
Scrotal:BodyPart=Genito-urinary
Vagina:BodyPart=Genito-urinary
Labia:BodyPart=Genito-urinary
Labia minora:BodyPart=Genito-urinary
Labia majora:BodyPart=Genito-urinary
Vulva:BodyPart=Genito-urinary
Vulval:BodyPart=Genito-urinary
Perineum:BodyPart=Genito-urinary
Anus:BodyPart=Genito-urinary
Anal:BodyPart=Genito-urinary
Anal margin:BodyPart=Genito-urinary