Nodular:CUI=C4083056:BCCClass=Nodular
Superficial:CUI=C0862889:BCCClass=Superficial
Multifocal:CUI=C0862889:BCCClass=Superficial
Infiltrative:CUI=C1304298:BCCClass=Infiltrative
Infiltrating:CUI=C1304298:BCCClass=Infiltrative
Morphoeic:CUI=C0555191:BCCClass=Morphoeic
Morhpea:CUI=C0555191:BCCClass=Morphoeic
Sclerosing:CUI=C0555191:BCCClass=Morphoeic
Micronodular:CUI=C1367861:BCCClass=Micronodular
Micro-nodular:CUI=C1367861:BCCClass=Micronodular
Micro nodular:CUI=C1367861:BCCClass=Micronodular
Multinodular:BCCClass=MultiNodular
Multi-nodular:BCCClass=MultiNodular
Multi nodular:BCCClass=MultiNodular
Pigmented:CUI=C1368275:BCCClass=Pigmented
Cystic:CUI=C1275193:BCCClass=Cystic
Nodulocystic:BCCClass=Nodulocystic
Nodulo cystic:BCCClass=Nodulocystic
Nodulo-cystic:BCCClass=Nodulocystic
Mixed:BCCClass=Mixed
Fibroepithelial:BCCClass=Fibroepithelial
Fibro-epithelial:BCCClass=Fibroepithelial
Fibro epithelial:BCCClass=Fibroepithelial
Basosquamous:CUI=C0007118:BCCClass=Basosquamous
Baso-squamous:CUI=C0007118:BCCClass=Basosquamous
Other:BCCClass=Other