Nodular:BCCClass=Nodular
Superficial:BCCClass=Superficial
Multifocal:BCCClass=Superficial
Multi focal:BCCClass=Superficial
Multi-focal:BCCClass=Superficial
Multicentric:BCCClass=Superficial
Multi centric:BCCClass=Superficial
Multi-centric:BCCClass=Superficial
Infiltrative:BCCClass=Infiltrative
Infiltrating:BCCClass=Infiltrative
Morphoeic:BCCClass=Morphoeic
Morphoea:BCCClass=Morphoeic
Sclerosing:BCCClass=Morphoeic
Sclerotic:BCCClass=Morphoeic
Micronodular:BCCClass=Micronodular
Micro nodular:BCCClass=Micronodular
Micro-nodular:BCCClass=Micronodular
MultiNodular:BCCClass=MultiNodular
Multi Nodular:BCCClass=MultiNodular
Multi-Nodular:BCCClass=MultiNodular
Pigmented:BCCClass=Pigmented
Cystic:BCCClass=Cystic
Nodulocystic:BCCClass=Nodulocystic
Nodulo cystic:BCCClass=Nodulocystic
Nodulo-cystic:BCCClass=Nodulocystic
Mixed:BCCClass=Mixed
Fibroepithelial:BCCClass=Fibroepithelial
Fibro epithelial:BCCClass=Fibroepithelial
Fibro-epithelial:BCCClass=Fibroepithelial
Basosquamous:BCCClass=Basosquamous
Baso squamous:BCCClass=Basosquamous
Baso-squamous:BCCClass=Basosquamous
Basalsquamous:BCCClass=Basosquamous
Basal squamous:BCCClass=Basosquamous
Basal-squamous:BCCClass=Basosquamous
