Basal squamous:BCCClass=Basosquamous
Basal-squamous:BCCClass=Basosquamous
Basal/squamous:BCCClass=Basosquamous
Basalsquamous:BCCClass=Basosquamous
Baso squamous:BCCClass=Basosquamous
Baso-squamous:BCCClass=Basosquamous
Basosquamous:BCCClass=Basosquamous
Cystic:BCCClass=Cystic
Desmoplastic:BCCClass=Morphoeic
Fibro epithelial:BCCClass=Fibroepithelial
Fibro-epithelial:BCCClass=Fibroepithelial
Fibroepithelial:BCCClass=Fibroepithelial
Infiltrative (high risk):BCCClass=Infiltrative
Infiltrative (high-risk):BCCClass=Infiltrative
Infiltrative:BCCClass=Infiltrative
Infiltrating:BCCClass=Infiltrative
Micro nodular:BCCClass=Micronodular
Micro-nodular:BCCClass=Micronodular
Micronodular:BCCClass=Micronodular
Mixed:BCCClass=Mixed
Morphoea (high risk):BCCClass=Morphoeic
Morphoea (high-risk):BCCClass=Morphoeic
Morphoea:BCCClass=Morphoeic
Morphoeic (high risk):BCCClass=Morphoeic
Morphoeic (high-risk):BCCClass=Morphoeic
Morphoeic:BCCClass=Morphoeic
Morphea (high risk):BCCClass=Morphoeic
Morphea (high-risk):BCCClass=Morphoeic
Morphea:BCCClass=Morphoeic
Morpheic (high risk):BCCClass=Morphoeic
Morpheic (high-risk):BCCClass=Morphoeic
Morpheic:BCCClass=Morphoeic
Multi centric:BCCClass=Superficial
Multi focal:BCCClass=Superficial
Multi Nodular:BCCClass=MultiNodular
Multi-centric:BCCClass=Superficial
Multi-centric:BCCClass=Superficial
Multi-focal:BCCClass=Superficial
Multi-Nodular:BCCClass=MultiNodular
Multicentric:BCCClass=Superficial
Multifocal:BCCClass=Superficial
MultiNodular:BCCClass=MultiNodular
Nodular:BCCClass=Nodular
Nodulo cystic:BCCClass=Nodulocystic
Nodulo-cystic:BCCClass=Nodulocystic
Nodulocystic:BCCClass=Nodulocystic
Pigmented:BCCClass=Pigmented
Sclerosing:BCCClass=Morphoeic
Sclerotic:BCCClass=Morphoeic
Squamous/basal cell carcinoma:BCCClass=Basosquamous
Superficial multifocal:BCCClass=Superficial
Superficial:BCCClass=Superficial

