Abdomen:BodyPart=Abdomen
Abdominal wall:BodyPart=Abdomen
Abdominal:BodyPart=Abdomen
Abdomninal wall:BodyPart=Abdomen
Abdomninal:BodyPart=Abdomen
Abductor digiti minimi:BodyPart=Foot 
Abductor digiti minimi:BodyPart=Hand
Abductor hallucis:BodyPart=Foot 
Abductor pollicis brevis:BodyPart=Hand
Abductor pollicis longus:BodyPart=Arm
ACF:BodyPart=Arm
Adductor brevis:BodyPart=Thigh
Adductor hallucis:BodyPart=Foot 
Adductor longus:BodyPart=Thigh
Adductor magnus:BodyPart=Thigh
Adductor pollicis:BodyPart=Hand
Adductors:BodyPart=Thigh
Ala base:BodyPart=Nose
Ala lobule:BodyPart=Nose
Ala:BodyPart=Nose
Alar base:BodyPart=Nose
Alar lobule:BodyPart=Nose
Alar:BodyPart=Nose
Ampulla:BodyPart=MedialCanthus
Anal margin:BodyPart=Genito-urinary
Anal:BodyPart=Genito-urinary
Anatomical snuffbox:BodyPart=Hand
Anconeus:BodyPart=Arm
Ankle:BodyPart=Leg
Ante - cubital fossa:BodyPart=Arm
Ante -cubital fossa:BodyPart=Arm
Ante cubital fossa:BodyPart=Arm
Ante- cubital fossa:BodyPart=Arm
Antecubital fossa:BodyPart=Arm
Anterior abdominal wall:BodyPart=Abdomen
Anterior chest wall:BodyPart=Chest
Anterior chest:BodyPart=Chest
Anterior chestwall:BodyPart=Chest
Anterior triangle neck:BodyPart=Neck
Anterior triangle neck:BodyPart=Neck 
Anti - helical rim:BodyPart=Ear
Anti - helix:BodyPart=Ear
Anti -helical rim:BodyPart=Ear
Anti -helix:BodyPart=Ear
Anti helical rim:BodyPart=Ear
Anti helix:BodyPart=Ear
Anti- helical rim:BodyPart=Ear
Anti- helix:BodyPart=Ear
Anti-helical rim:BodyPart=Ear
Anti-helix:BodyPart=Ear
Antihelical rim:BodyPart=Ear
Antihelix:BodyPart=Ear
Anus:BodyPart=Genito-urinary
Areolar:BodyPart=Chest
Arm:BodyPart=Arm
Articularis genu:BodyPart=Thigh
Arytenoid:BodyPart=Neck
Auricular sulcus:BodyPart=Ear
Auricular:BodyPart=Ear
Auricularis:BodyPart=Ear
Axillary tail:BodyPart=Chest
Back:BodyPart=Back
Biceps femoris:BodyPart=Thigh
Biceps:BodyPart=Arm
Brachialis:BodyPart=Arm
Brachioradialis:BodyPart=Arm
Breast:BodyPart=Chest
Buccinator:BodyPart=Cheek
Buttock:BodyPart=Back
Buttocks:BodyPart=Back
Calcaneum:BodyPart=Foot
Calf:BodyPart=Leg
Canaliculi:BodyPart=MedialCanthus
Canaliculus:BodyPart=MedialCanthus
Capitate:BodyPart=Hand 
Carotid triangle:BodyPart=Neck
Carpal tunnel:BodyPart=Hand
Cervical spine:BodyPart=Back
Cervical spine:BodyPart=Neck
Cervical vertebra:BodyPart=Neck
Cervical vertebrae:BodyPart=Back
Cervical:BodyPart=Back
Cheek:BodyPart=Cheek
Chest:BodyPart=Chest
Chin:BodyPart=Chin
Chondroglossus:BodyPart=Neck
Clavicle:BodyPart=Chest
Coccygeal:BodyPart=Back
Coccyx:BodyPart=Back
Collar - bone:BodyPart=Chest
Collar -bone:BodyPart=Chest
Collar bone:BodyPart=Chest
Collar- bone:BodyPart=Chest
Collar-bone:BodyPart=Chest
Collarbone:BodyPart=Chest
Columella:BodyPart=Nose
Commissure:BodyPart=Lip
Concha:BodyPart=Ear
Conchal bowl:BodyPart=Ear
Conjunctiva:BodyPart=Eyelid
Coracobrachialis:BodyPart=Arm
Corpus:BodyPart=Genito-urinary
Corrugator:BodyPart=Forehead
Costal:BodyPart=Chest
Cricoarytenoid:BodyPart=Neck
Cricothyroid:BodyPart=Neck
Crura of anti - helix:BodyPart=Ear
Crura of anti -helix:BodyPart=Ear
Crura of anti helix:BodyPart=Ear
Crura of anti- helix:BodyPart=Ear
Crura of anti-helix:BodyPart=Ear
Crura of antihelix:BodyPart=Ear
Crura:BodyPart=Ear
Crus of helix:BodyPart=Ear
Crus:BodyPart=Ear
Cubital fossa:BodyPart=Arm
Cuboid:BodyPart=Foot 
Cuneiform:BodyPart=Foot 
Cymba:BodyPart=Ear
Deltoid:BodyPart=Arm
Depressor anguli oris:BodyPart=Chin
Depressor labii inferioris:BodyPart=Chin
Depressor septi nasi:BodyPart=Nose
Depressor supercilii:BodyPart=Forehead
Digastric triangle:BodyPart=Neck
Digastric:BodyPart=Neck
Digit:BodyPart=Hand
Dilatator naris:BodyPart=Nose
DIPJ:BodyPart=Hand
Distal - Radial - Ulnar - Joint:BodyPart=Hand
Distal - Radio - Ulnar - Joint:BodyPart=Hand
Distal -Radial -Ulnar -Joint:BodyPart=Hand
Distal -Radio -Ulnar -Joint:BodyPart=Hand
Distal interphalangeal joint:BodyPart=Hand
Distal Radial Ulnar Joint:BodyPart=Hand
Distal RadialUlnar Joint:BodyPart=Hand
Distal RadioUlnar Joint:BodyPart=Hand
Distal- Radial- Ulnar- Joint:BodyPart=Hand
Distal- Radio- Ulnar- Joint:BodyPart=Hand
Distal-Radial-Ulnar-Joint:BodyPart=Hand
Distal-Radio-Ulnar-Joint:BodyPart=Hand
Dorsal interossei:BodyPart=Hand
Dorsal nose:BodyPart=Nose
Dorsum nose:BodyPart=Nose
DRUJ:BodyPart=Hand
Dry mucosa:BodyPart=Lip
EAM:BodyPart=Ear
Ear lobe:BodyPart=Ear
Ear:BodyPart=Ear
Earlobe:BodyPart=Ear
Elbow:BodyPart=Arm
Epigastric:BodyPart=Abdomen
Epigastric:BodyPart=Abdomen 
Epigastrium:BodyPart=Abdomen
Eponychial fold:BodyPart=NailComplex
Eponychium:BodyPart=NailComplex
Erector spinae:BodyPart=Back
Extensor carpi radialis brevis:BodyPart=Arm
Extensor carpi radialis longus:BodyPart=Arm
Extensor carpi ulnaris:BodyPart=Arm
Extensor digiti minimi:BodyPart=Arm
Extensor digitorum brevis:BodyPart=Foot 
Extensor digitorum longus:BodyPart=Leg
Extensor digitorum:BodyPart=Arm
Extensor hallucis brevis:BodyPart=Foot 
Extensor hallucis longus:BodyPart=Leg
Extensor indicis:BodyPart=Arm
Extensor pollicis brevis:BodyPart=Arm
Extensor pollicis longus:BodyPart=Arm
External auditory meatus:BodyPart=Ear
External oblique:BodyPart=Abdomen
Eye - lid:BodyPart=Eyelid
Eye -lid:BodyPart=Eyelid
Eye brow:BodyPart=Eyebrow
Eye brow:BodyPart=Forehead
Eye lid:BodyPart=Eyelid
Eye- lid:BodyPart=Eyelid
Eye-lid:BodyPart=Eyelid
Eyebrow:BodyPart=Eyebrow
Eyebrow:BodyPart=Forehead
Eyelid:BodyPart=Eyelid
Face:BodyPart=Face
Facial:BodyPart=Face
Femoral:BodyPart=Thigh
Femur:BodyPart=Thigh
Fibula:BodyPart=Leg
Finger:BodyPart=Hand
Flank:BodyPart=Abdomen
Flexor carpi radialis:BodyPart=Arm
Flexor carpi ulnaris:BodyPart=Arm
Flexor digiti minimi brevis:BodyPart=Foot 
Flexor digiti minimi brevis:BodyPart=Hand
Flexor digitorum brevis:BodyPart=Foot 
Flexor digitorum longus:BodyPart=Leg
Flexor digitorum profundus:BodyPart=Arm
Flexor digitorum superficialis:BodyPart=Arm
Flexor hallucis brevis:BodyPart=Foot 
Flexor hallucis longus:BodyPart=Leg
Flexor pollicis brevis:BodyPart=Hand
Flexor pollicis longus:BodyPart=Arm
Foot:BodyPart=Foot
Fore head:BodyPart=Forehead
Forearm:BodyPart=Arm
Forefoot:BodyPart=Foot
Forehead:BodyPart=Forehead
Gastrocnemius:BodyPart=Leg
Genioglossus:BodyPart=Neck
Geniohyoid:BodyPart=Neck
Genito-urinary:BodyPart=Genito-urinary
Glabellar area:BodyPart=Forehead
Glabellar region:BodyPart=Forehead
Glabellar:BodyPart=Forehead
Glans:BodyPart=Genito-urinary
Gluteus maximus muscle:BodyPart=Thigh
Gluteus medius muscle:BodyPart=Thigh
Gluteus:BodyPart=Back
Gracilis:BodyPart=Thigh
Great toe:BodyPart=Foot
Greater Trochanter:BodyPart=Thigh
Grey line:BodyPart=Eyelid
Groin:BodyPart=Leg
Groin:BodyPart=Leg 
Hair line:BodyPart=Scalp
Hairline:BodyPart=Scalp
Hamate:BodyPart=Hand
Hand:BodyPart=Hand
Heel:BodyPart=Foot
Helical rim:BodyPart=Ear
Helical:BodyPart=Ear
Helix rim:BodyPart=Ear
Helix:BodyPart=Ear
Hindfoot:BodyPart=Foot
Hip:BodyPart=Thigh
Humerus:BodyPart=Arm
Hyoglossus:BodyPart=Neck
Hyoid:BodyPart=Neck
Hypo-thenar eminenceBodyPart=Hand
Hypochondriac:BodyPart=Abdomen
Hypochondrial:BodyPart=Abdomen 
Hypochondric:BodyPart=Abdomen
Hypochondrium:BodyPart=Abdomen
Hypochondrium:BodyPart=Abdomen 
Hypogastric:BodyPart=Abdomen
Hypogastrium:BodyPart=Abdomen 
Hyponychial fold:BodyPart=NailComplex
Hyponychium:BodyPart=NailComplex
Hypothenar eminenceBodyPart=Hand
Iliac:BodyPart=Abdomen
Iliacus:BodyPart=Thigh
Iliocostalis:BodyPart=Back
Iliopsoas:BodyPart=Thigh
Ilium:BodyPart=Abdomen
Illiac fossa:BodyPart=Abdomen 
Illiac:BodyPart=Abdomen
Inferior gemellus:BodyPart=Thigh
Infra - mammary fold:BodyPart=Chest
Infra - orbital:BodyPart=Cheek
Infra - temporal fossa:BodyPart=Temple
Infra -mammary fold:BodyPart=Chest
Infra -orbital:BodyPart=Cheek
Infra -temporal fossa:BodyPart=Temple
Infra clavicular:BodyPart=Chest
Infra mammary fold:BodyPart=Chest
Infra temporal fossa:BodyPart=Temple
Infra- mammary fold:BodyPart=Chest
Infra- orbital:BodyPart=Cheek
Infra- temporal fossa:BodyPart=Temple
Infra-clavicular:BodyPart=Chest
Infra-orbital rim:BodyPart=Cheek
Infra-orbital:BodyPart=Cheek
Infra-temporal fossa:BodyPart=Temple
Infraclavicular:BodyPart=Chest
Inframammary fold:BodyPart=Chest
Infraorbital rim:BodyPart=Cheek
Infraorbital:BodyPart=Cheek
Infraspinatus:BodyPart=Arm
Inguinal:BodyPart=Thigh
Inter - phalangeal joint:BodyPart=Hand
Inter -phalangeal joint:BodyPart=Hand
Inter phalangeal joint:BodyPart=Hand
Inter- phalangeal joint:BodyPart=Hand
Inter-phalangeal joint:BodyPart=Hand
Intercostal:BodyPart=Back
Intercostals:BodyPart=Back
Internal oblique:BodyPart=Abdomen
Interphalangeal joint:BodyPart=Hand
Interspinales:BodyPart=Back
Intertransversarii:BodyPart=Back
IPJ:BodyPart=Hand
Ischial:BodyPart=Thigh
Ischium:BodyPart=Thigh
Knee:BodyPart=Leg
Labia majora:BodyPart=Genito-urinary
Labia minora:BodyPart=Genito-urinary
Labia:BodyPart=Genito-urinary
Labial:BodyPart=Genito-urinary
Lacrimal duct:BodyPart=MedialCanthus
Lacrimal sac:BodyPart=MedialCanthus
Lateral canthus:BodyPart=LateralCanthus
Lateral malleolus:BodyPart=Leg
Lateral nail fold:BodyPart=NailComplex
Lateral nasal wall:BodyPart=Nose
Lateral wall:BodyPart=Nose
Latissimus dorsi:BodyPart=Back
Leg:BodyPart=Leg
Lesser Trochanter:BodyPart=Thigh
Levator anguli oris:BodyPart=Cheek
Levator ani:BodyPart=Genito-urinary
Levator labii superioris:BodyPart=Cheek
Levator scapulae:BodyPart=Neck
Levator veli palatini:BodyPart=Neck
Levatores costarum:BodyPart=Back
Level 1 neck:BodyPart=Neck
Level 1 neck:BodyPart=Neck 
Level 2 neck:BodyPart=Neck
Level 2 neck:BodyPart=Neck 
Level 3 neck:BodyPart=Neck
Level 3 neck:BodyPart=Neck 
Level 4 neck:BodyPart=Neck
Level 4 neck:BodyPart=Neck 
Level 5 neck:BodyPart=Neck
Level 5 neck:BodyPart=Neck 
Level I neck:BodyPart=Neck
Level I neck:BodyPart=Neck 
Level II neck:BodyPart=Neck
Level II neck:BodyPart=Neck 
Level III neck:BodyPart=Neck
Level III neck:BodyPart=Neck 
Level IV neck:BodyPart=Neck
Level IV neck:BodyPart=Neck 
Level V:BodyPart=Neck
Level V:BodyPart=Neck 
Lip:BodyPart=Lip
Lobe:BodyPart=Ear
Lobule:BodyPart=Ear
Longissimus capitis:BodyPart=Neck
Longissimus:BodyPart=Back
Lower eye lid:BodyPart=Eyelid
Lower eyelid:BodyPart=Eyelid
Lower lip:BodyPart=Lip
Lumbar spine:BodyPart=Back
Lumbar vertebra:BodyPart=Back
Lumbar vertebrae:BodyPart=Back
Lumbar:BodyPart=Back
Lumbrical:BodyPart=Hand
Lumbricals:BodyPart=Hand
Lunate:BodyPart=Hand 
Malar:BodyPart=Cheek
Malleolus:BodyPart=Leg
Mandible:BodyPart=Chin
Manubrium:BodyPart=Chest
Masseter:BodyPart=Cheek
Mastoid area:BodyPart=Neck
Mastoid process:BodyPart=Neck
Mastoid region:BodyPart=Neck
Mastoid:BodyPart=Neck
Maxilla:BodyPart=Cheek
MCPJ:BodyPart=Hand
Medial canthus:BodyPart=MedialCanthus
Medial Malleolus:BodyPart=Leg
Melo - labial:BodyPart=Cheek
Melo -labial:BodyPart=Cheek
Melo labial:BodyPart=Cheek
Melo- labial:BodyPart=Cheek
Melo-labial:BodyPart=Cheek
Melolabial:BodyPart=Cheek
Mental:BodyPart=Chin
Mentalis:BodyPart=Chin
Meta - tarso - phalangeal joint:BodyPart=Foot
Meta -tarso -phalangeal joint:BodyPart=Foot
Meta tarso phalangeal joint:BodyPart=Foot
Meta- tarso- phalangeal joint:BodyPart=Foot
Meta-tarso-phalangeal joint:BodyPart=Foot
Metacarpal:BodyPart=Hand
metacarpophalangeal joint:BodyPart=Hand
Metatarsal:BodyPart=Foot 
Midfoot:BodyPart=Foot
Mobile wad:BodyPart=Arm
Mons pubis:BodyPart=Abdomen 
Mons:BodyPart=Abdomen
MTPJ:BodyPart=Foot
Multifidus:BodyPart=Back
Muscular triangle:BodyPart=Neck
Mylohyoid:BodyPart=Neck
NAC:BodyPart=Chest
Nail bed:BodyPart=NailComplex
Nail Complex:BodyPart=NailComplex 
Nail:BodyPart=NailComplex
Nail:BodyPart=NailComplex 
NailComplex:BodyPart=NailComplex 
Nasal side - wall:BodyPart=Nose
Nasal side -wall:BodyPart=Nose
Nasal side wall:BodyPart=Nose
Nasal side- wall:BodyPart=Nose
Nasal side-wall:BodyPart=Nose
Nasal sidewall:BodyPart=Nose
Nasal tip:BodyPart=Nose
Nasal wall:BodyPart=Nose
Nasal:BodyPart=Nose
Nasalis:BodyPart=Nose
Naso - jugal:BodyPart=Cheek
Naso - labial:BodyPart=Cheek
Naso -jugal:BodyPart=Cheek
Naso -labial:BodyPart=Cheek
Naso jugal:BodyPart=Cheek
Naso labial:BodyPart=Cheek
Naso- jugal:BodyPart=Cheek
Naso- labial:BodyPart=Cheek
Naso-jugal:BodyPart=Cheek
Naso-labial:BodyPart=Cheek
Nasojugal:BodyPart=Cheek
Nasolabial:BodyPart=Cheek
Nasolacrimal duct:BodyPart=MedialCanthus
Navel:BodyPart=Abdomen
Navicular:BodyPart=Foot 
Neck:BodyPart=Neck
Nipple - areolar - complex:BodyPart=Chest
Nipple - areolar complex:BodyPart=Chest
Nipple - areolar- complex:BodyPart=Chest
Nipple -areolar -complex:BodyPart=Chest
Nipple areolar complex:BodyPart=Chest
Nipple- areolar complex:BodyPart=Chest
Nipple- areolar- complex:BodyPart=Chest
Nipple-areola complex:BodyPart=Chest
Nipple-areolar-complex:BodyPart=Chest
Nipple:BodyPart=Chest
Nose:BodyPart=Nose
Nuchal scalp:BodyPart=Scalp
Obliquus capitis superior:BodyPart=Neck
Obturator externus:BodyPart=Thigh
Obturator internus:BodyPart=Thigh
Occipital scalp:BodyPart=Scalp
Omohyoid:BodyPart=Neck
Opponens digiti minimi:BodyPart=Hand
Opponens pollicis:BodyPart=Hand
Oral commissure:BodyPart=Lip
Orbicularis oculi=Eyelid
Orbicularis oris:BodyPart=Lip
Palatoglossus:BodyPart=Neck
Palatopharyngeus:BodyPart=Neck
Palm:BodyPart=Hand
Palmar interossei:BodyPart=Hand
Palmaris brevis:BodyPart=Hand
Palmaris longus:BodyPart=Arm
Parietal scalp:BodyPart=Scalp
Paronychial fold:BodyPart=NailComplex
Paronychium:BodyPart=NailComplex
Patella:BodyPart=Leg 
Pectineus:BodyPart=Thigh
Pectoralis major:BodyPart=Chest
Pectoralis minor:BodyPart=Chest
Penile:BodyPart=Genito-urinary
Penis:BodyPart=Genito-urinary
Per - auricular:BodyPart=Pre -auricular
Per - auricular:BodyPart=Pre-auricular
Per - left - auricular:BodyPart=Pre -auricular
Per - left - auricular:BodyPart=Pre-auricular
Per - right - auricular:BodyPart=Pre -auricular
Per - right - auricular:BodyPart=Pre-auricular
Per auricular:BodyPart=Pre-auricular
Per left auricular:BodyPart=Pre-auricular
Per right auricular:BodyPart=Pre-auricular
Per- auricular:BodyPart=Pre-auricular
Per- left- auricular:BodyPart=Pre-auricular
Per- right- auricular:BodyPart=Pre-auricular
Per-auricular:BodyPart=Pre-auricular
Per-left-auricular:BodyPart=Pre-auricular
Per-right-auricular:BodyPart=Pre-auricular
Peri - auricular area:BodyPart=Ear
Peri -auricular area:BodyPart=Ear
Peri auricular area:BodyPart=Ear
Peri umbilical:BodyPart=Abdomen 
Peri- auricular area:BodyPart=Ear
Peri-auricular area:BodyPart=Ear
Peri-umbilical:BodyPart=Abdomen 
Perineum:BodyPart=Genito-urinary
Periumbilical:BodyPart=Abdomen 
Peroneus brevis:BodyPart=Leg
Peroneus longus:BodyPart=Leg
Peroneus tertius:BodyPart=Leg
Philtral column:BodyPart=Lip
Philtral:BodyPart=Lip
Philtrum:BodyPart=Lip
Pinna:BodyPart=Ear
PIPJ:BodyPart=Hand
Piriformis:BodyPart=Thigh
Pisiform:BodyPart=Hand 
Plantar foot:BodyPart=Foot
Plantaris:BodyPart=Leg
Platysma:BodyPart=Neck
Popliteal fossa:BodyPart=Leg
Popliteal fossa:BodyPart=Leg 
Popliteal:BodyPart=Leg
Popliteus:BodyPart=Leg
Post - auricular:BodyPart=Post -auricular
Post - auricular:BodyPart=Post-auricular
Post - left - auricular:BodyPart=Post -auricular
Post - left - auricular:BodyPart=Post-auricular
Post - right - auricular:BodyPart=Post -auricular
Post - right - auricular:BodyPart=Post-auricular
Post auricular sulcus:BodyPart=Ear
Post auricular:BodyPart=Ear
Post auricular:BodyPart=Post-auricular
Post left auricular:BodyPart=Post-auricular
Post right auricular:BodyPart=Post-auricular
Post- auricular:BodyPart=Post-auricular
Post- left- auricular:BodyPart=Post-auricular
Post- right- auricular:BodyPart=Post-auricular
Post-auricular area:BodyPart=Ear
Post-auricular region:BodyPart=Ear
Post-auricular sulcus:BodyPart=Ear
Post-auricular:BodyPart=Ear
Post-auricular:BodyPart=Post-auricular
Post-left-auricular:BodyPart=Post-auricular
Post-right-auricular:BodyPart=Post-auricular
Postauricular area:BodyPart=Ear
Postauricular region:BodyPart=Ear
Postauricular sulcus:BodyPart=Ear
Postauricular:BodyPart=Ear
Postauricular:BodyPart=Post-auricular
Posterior auricular sulcus:BodyPart=Ear
Posterior auricular:BodyPart=Ear
Posterior chest wall:BodyPart=Back
Posterior chest:BodyPart=Back
Posterior chestwall:BodyPart=Back
Posterior triangle neck:BodyPart=Neck
Posterior triangle neck:BodyPart=Neck 
Posterior-auricular sulcus:BodyPart=Ear
Posterior-auricular:BodyPart=Ear
Pre - auricular:BodyPart=Pre -auricular
Pre - auricular:BodyPart=Pre-auricular
Pre - left - auricular:BodyPart=Pre-auricular
Pre - left auricular:BodyPart=Pre -auricular
Pre - right - auricular:BodyPart=Pre-auricular
Pre - right auricular:BodyPart=Pre -auricular
Pre - tibia:BodyPart=Leg
Pre -tibia:BodyPart=Leg
Pre auricular area:BodyPart=Ear
Pre auricular region:BodyPart=Ear
Pre auricular sulcus:BodyPart=Ear
Pre auricular:BodyPart=Ear
Pre auricular:BodyPart=Pre-auricular
Pre left auricular:BodyPart=Pre-auricular
Pre right auricular:BodyPart=Pre-auricular
Pre tibia:BodyPart=Leg
Pre tibial:BodyPart=Leg
Pre- auricular:BodyPart=Pre-auricular
Pre- left auricular:BodyPart=Pre-auricular
Pre- right auricular:BodyPart=Pre-auricular
Pre- tibia:BodyPart=Leg
Pre-auricular area:BodyPart=Ear
Pre-auricular region:BodyPart=Ear
Pre-auricular sulcus:BodyPart=Ear
Pre-auricular:BodyPart=Ear
Pre-auricular:BodyPart=Pre-auricular
Pre-left-auricular:BodyPart=Pre-auricular
Pre-right-auricular:BodyPart=Pre-auricular
Pre-tibia:BodyPart=Leg
Pre-tibial:BodyPart=Leg
Preauricular area:BodyPart=Ear
Preauricular region:BodyPart=Ear
Preauricular sulcus:BodyPart=Ear
Preauricular:BodyPart=Ear
Preauricular:BodyPart=Pre-auricular
Pretibia:BodyPart=Leg 
Pretibial:BodyPart=Leg
Pretibial:BodyPart=Leg 
Procerus:BodyPart=Forehead
Pronator quadratus:BodyPart=Arm
Pronator teres:BodyPart=Arm
Proximal interphalangeal joint:BodyPart=Hand
Psoas major:BodyPart=Thigh
Psoas minor:BodyPart=Thigh
Pterygo - palatine fossa:BodyPart=Temple
Pterygo -palatine fossa:BodyPart=Temple
Pterygo palatine fossa:BodyPart=Temple
Pterygo- palatine fossa:BodyPart=Temple
Pterygo-palatine fossa:BodyPart=Temple
Pterygoid:BodyPart=Cheek
Pterygoid:BodyPart=Chin
Pterygopalatine fossa:BodyPart=Temple
Pubic:BodyPart=Abdomen
Punctum:BodyPart=MedialCanthus
Pyramidalis:BodyPart=Abdomen
Quadratus femoris:BodyPart=Thigh
Quadratus plantae:BodyPart=Foot 
Quadriceps femoris:BodyPart=Thigh
Radius:BodyPart=Arm
Ray:BodyPart=Hand
Rectus abdominis:BodyPart=Abdomen
Rectus capitis lateralis:BodyPart=Neck
Rectus capitis:BodyPart=Neck
Rectus femoris:BodyPart=Thigh
Rhomboid major:BodyPart=Back
Rhomboid minor:BodyPart=Back
Rhomboids:BodyPart=Back
Rib:BodyPart=Chest
Ribs:BodyPart=Chest
Risorius:BodyPart=Cheek
Rotator cuff:BodyPart=Arm
Rotatores:BodyPart=Back
Sacral spine:BodyPart=Back
Sacral vertebra:BodyPart=Back
Sacral vertebrae:BodyPart=Back
Sacral:BodyPart=Back
Sacrum:BodyPart=Back
Salpingopharyngeus:BodyPart=Neck
Sartorius:BodyPart=Thigh
Scalene:BodyPart=Neck
Scalenes:BodyPart=Neck
Scalp:BodyPart=Scalp
Scaphoid:BodyPart=Hand
Scapula:BodyPart=Back
Scrotal:BodyPart=Genito-urinary
Scrotum:BodyPart=Genito-urinary
Semimembranosus:BodyPart=Thigh
Semispinalis capitis:BodyPart=Neck
Semispinalis:BodyPart=Back
Semitendinosus:BodyPart=Thigh
Serratus:BodyPart=Chest
Shin:BodyPart=Leg
Shoulder:BodyPart=Arm
Soft triangle:BodyPart=Nose
Soleus:BodyPart=Leg
Sphenoid:BodyPart=Temple
Spinalis:BodyPart=Back
Splenius capitis:BodyPart=Back
Splenius capitis:BodyPart=Neck
Splenius cervicis:BodyPart=Back
Stapedius:BodyPart=Ear
Sternocleidomastoid:BodyPart=Neck
Sternohyoid:BodyPart=Neck
Sternothyroid:BodyPart=Neck
Sternum:BodyPart=Chest
Styloglossus:BodyPart=Neck
Stylohyoid:BodyPart=Neck
Stylopharyngeus:BodyPart=Neck
Sub - mandibular:BodyPart=Neck
Sub - mental:BodyPart=Neck
Sub -mandibular:BodyPart=Neck
Sub -mental:BodyPart=Neck
Sub mandibular:BodyPart=Neck
Sub mental:BodyPart=Neck
Sub- mandibular:BodyPart=Neck
Sub- mental:BodyPart=Neck
Sub-mandibular:BodyPart=Neck
Sub-mental:BodyPart=Neck
Subclavius:BodyPart=Chest
Subcostal:BodyPart=Back
Subcostals:BodyPart=Back
Submandibular:BodyPart=Neck
Submental:BodyPart=Neck
Subscapularis:BodyPart=Arm
Superior gemellus:BodyPart=Thigh
Supinator:BodyPart=Arm
Supra - clavicular fossa:BodyPart=Neck
Supra - hyoid:BodyPart=Neck
Supra - orbital:BodyPart=Forehead
Supra - pubic:BodyPart=Abdomen
Supra - tip:BodyPart=Nose
Supra -clavicular fossa:BodyPart=Neck
Supra -hyoid:BodyPart=Neck
Supra -orbital:BodyPart=Forehead
Supra -pubic:BodyPart=Abdomen
Supra -tip:BodyPart=Nose
Supra clavicular fossa:BodyPart=Neck
Supra hyoid:BodyPart=Neck
Supra orbital rim:BodyPart=Forehead
Supra orbital:BodyPart=Forehead
Supra pubic:BodyPart=Abdomen
Supra tip:BodyPart=Nose
Supra- clavicular fossa:BodyPart=Neck
Supra- hyoid:BodyPart=Neck
Supra- orbital:BodyPart=Forehead
Supra- pubic:BodyPart=Abdomen
Supra- tip:BodyPart=Nose
Supra-clavicular fossa:BodyPart=Neck
Supra-clavicular neck:BodyPart=Neck
Supra-hyoid:BodyPart=Neck
Supra-orbital rim:BodyPart=Forehead
Supra-orbital:BodyPart=Forehead
Supra-tip:BodyPart=Nose
Supraclavicular fossa:BodyPart=Neck
Supraclavicular neck:BodyPart=Neck
Suprahyoid:BodyPart=Neck
Suprapubic:BodyPart=Abdomen
Supraspinatus:BodyPart=Arm
Supratip:BodyPart=Nose
Talus:BodyPart=Foot 
Tarsal plate:BodyPart=Eyelid
Tarus:BodyPart=Eyelid
Tear trough:BodyPart=Cheek
Temple:BodyPart=Temple
Temporal fossa:BodyPart=Temple
Temporal scalp:BodyPart=Scalp
Temporalis:BodyPart=Temple
Temporoparietalis:BodyPart=Ear
Tensor fascia lata:BodyPart=Thigh
Tensor fascia latae:BodyPart=Thigh
Tensor tympani:BodyPart=Ear
Tensor veli palatini:BodyPart=Neck
Teres major:BodyPart=Arm
Teres minor:BodyPart=Arm
Thenar eminenceBodyPart=Hand
Thigh:BodyPart=Leg 
Thigh:BodyPart=Thigh
Thoracic spine:BodyPart=Back
Thoracic vertebra:BodyPart=Back
Thoracic vertebrae:BodyPart=Back
Thoracic:BodyPart=Back
Thumb:BodyPart=Hand
Thyroarytenoid:BodyPart=Neck
Thyrohyoid:BodyPart=Neck
Tibia:BodyPart=Leg
Tibialis:BodyPart=Leg
Tip of nose:BodyPart=Nose
Tip:BodyPart=Nose
Toe:BodyPart=Foot
Toes:BodyPart=Foot
Tragal notch:BodyPart=Ear
Tragus:BodyPart=Ear
Transversospinales:BodyPart=Back
Transversus abdominis:BodyPart=Abdomen
Transversus thoracis:BodyPart=Back
Trapezium:BodyPart=Hand 
Trapezius:BodyPart=Back
Trapezoid:BodyPart=Hand 
Triangular fossa:BodyPart=Ear
Triceps:BodyPart=Arm
Triquetral:BodyPart=Hand 
Triquetrum:BodyPart=Hand
Trochanter:BodyPart=Thigh
Trochanteric:BodyPart=Thigh
Ulna:BodyPart=Arm
Umbilical:BodyPart=Abdomen
Umbilicus:BodyPart=Abdomen
Upper eye lid:BodyPart=Eyelid
Upper eyelid:BodyPart=Eyelid
Upper lip:BodyPart=Lip
Vagina:BodyPart=Genito-urinary
Vaginal:BodyPart=Genito-urinary
Vastus intermedius:BodyPart=Thigh
Vastus lateralis:BodyPart=Thigh
Vastus medialis:BodyPart=Thigh
Vermilion:BodyPart=Lip
Vertex scalp:BodyPart=Scalp
Verticalis muscle:BodyPart=Neck
Vestibule:BodyPart=Nose
Vulva:BodyPart=Genito-urinary
Vulval:BodyPart=Genito-urinary
Wet mucosa:BodyPart=Lip
White roll:BodyPart=Lip
Wrist:BodyPart=Hand
Xiphisternum:BodyPart=Chest
Xiphoid process:BodyPart=Chest
Zygoma:BodyPart=Cheek
Zygomaticus major:BodyPart=Cheek
Zygomaticus minor:BodyPart=Cheek
Zygomaticus:BodyPart=Cheek
