Clark level I:ClarkLevel=Clark level I
Clark level II:ClarkLevel=Clark level II
Clark level III:ClarkLevel=Clark level III
Clark level IV:ClarkLevel=Clark level IV
Clark level V:ClarkLevel=Clark level V
Clark level 1:ClarkLevel=Clark level I
Clark level 2:ClarkLevel=Clark level II
Clark level 3:ClarkLevel=Clark level III
Clark level 4:ClarkLevel=Clark level IV
Clark level 5:ClarkLevel=Clark level V
Clarke level I:ClarkeLevel=Clark level I
Clarke level II:ClarkeLevel=Clark level II
Clarke level III:ClarkeLevel=Clark level III
Clarke level IV:ClarkeLevel=Clark level IV
Clarke level V:ClarkeLevel=Clark level V
Clarke level 1:ClarkeLevel=Clark level I
Clarke level 2:ClarkeLevel=Clark level II
Clarke level 3:ClarkeLevel=Clark level III
Clarke level 4:ClarkeLevel=Clark level IV
Clarke level 5:ClarkeLevel=Clark level V
Clark's level I:Clark'sLevel=Clark level I
Clark's level II:Clark'sLevel=Clark level II
Clark's level III:Clark'sLevel=Clark level III
Clark's level IV:Clark'sLevel=Clark level IV
Clark's level V:Clark'sLevel=Clark level V
Clark's level 1:Clark'sLevel=Clark level I
Clark's level 2:Clark'sLevel=Clark level II
Clark's level 3:Clark'sLevel=Clark level III
Clark's level 4:Clark'sLevel=Clark level IV
Clark's level 5:Clark'sLevel=Clark level V
Clarks level I:ClarksLevel=Clark level I
Clarks level II:ClarksLevel=Clark level II
Clarks level III:ClarksLevel=Clark level III
Clarks level IV:ClarksLevel=Clark level IV
Clarks level V:ClarksLevel=Clark level V
Clarks level 1:ClarksLevel=Clark level I
Clarks level 2:ClarksLevel=Clark level II
Clarks level 3:ClarksLevel=Clark level III
Clarks level 4:ClarksLevel=Clark level IV
Clarks level 5:ClarksLevel=Clark level V
Clarkes level I:ClarkesLevel=Clark level I
Clarkes level II:ClarkesLevel=Clark level II
Clarkes level III:ClarkesLevel=Clark level III
Clarkes level IV:ClarkesLevel=Clark level IV
Clarkes level V:ClarkesLevel=Clark level V
Clarkes level 1:ClarkesLevel=Clark level I
Clarkes level 2:ClarkesLevel=Clark level II
Clarkes level 3:ClarkesLevel=Clark level III
Clarkes level 4:ClarkesLevel=Clark level IV
Clarkes level 5:ClarkesLevel=Clark level V
