Clark level I:ClarkLevel=I
Clark level II:ClarkLevel=II
Clark level III:ClarkLevel=III
Clark level IV:ClarkLevel=IV
Clark level V:ClarkLevel=V
Clark level 1:ClarkLevel=I
Clark level 2:ClarkLevel=II
Clark level 3:ClarkLevel=III
Clark level 4:ClarkLevel=IV
Clark level 5:ClarkLevel=V
Clarke level I:ClarkeLevel=I
Clarke level II:ClarkeLevel=II
Clarke level III:ClarkeLevel=III
Clarke level IV:ClarkeLevel=IV
Clarke level V:ClarkeLevel=V
Clarke level 1:ClarkeLevel=I
Clarke level 2:ClarkeLevel=II
Clarke level 3:ClarkeLevel=III
Clarke level 4:ClarkeLevel=IV
Clarke level 5:ClarkeLevel=V
Clark's level I:Clark'sLevel=I
Clark's level II:Clark'sLevel=II
Clark's level III:Clark'sLevel=III
Clark's level IV:Clark'sLevel=IV
Clark's level V:Clark'sLevel=V
Clark's level 1:Clark'sLevel=I
Clark's level 2:Clark'sLevel=II
Clark's level 3:Clark'sLevel=III
Clark's level 4:Clark'sLevel=IV
Clark's level 5:Clark'sLevel=V
Clarks level I:ClarksLevel=I
Clarks level II:ClarksLevel=II
Clarks level III:ClarksLevel=III
Clarks level IV:ClarksLevel=IV
Clarks level V:ClarksLevel=V
Clarks level 1:ClarksLevel=I
Clarks level 2:ClarksLevel=II
Clarks level 3:ClarksLevel=III
Clarks level 4:ClarksLevel=IV
Clarks level 5:ClarksLevel=V
Clarkes level I:ClarkesLevel=I
Clarkes level II:ClarkesLevel=II
Clarkes level III:ClarkesLevel=III
Clarkes level IV:ClarkesLevel=IV
Clarkes level V:ClarkesLevel=V
Clarkes level 1:ClarkesLevel=I
Clarkes level 2:ClarkesLevel=II
Clarkes level 3:ClarkesLevel=III
Clarkes level 4:ClarkesLevel=IV
Clarkes level 5:ClarkesLevel=V
