Dermis:CUI=C0011646:DeepMargin=Dermis
Dermal:CUI=C0011646:DeepMargin=Dermis
Fat:CUI=C0222331:DeepMargin=Fat
Subcutaneous fat:CUI=C0222331:DeepMargin=Fat
Subcut fat:CUI=C0222331:DeepMargin=Fat
Subcutaneous adipose tissue:CUI=C0222331:DeepMargin=Fat
Fascia:CUI=C0015641:DeepMargin=Fascia
Fascial:CUI=C0015641:DeepMargin=Fascia
Superficial fascia:DeepMargin=SuperficialFascia
Superficial fascial:DeepMargin=SuperficialFascia
Subcutaneous tissue:DeepMargin=SuperficialFascia
Superficial temporal fascia:DeepMargin=SuperficialFascia
Hypodermis:DeepMargin=SuperficialFascia
Hypodermal:DeepMargin=SuperficialFascia
Scarpa's fascia:DeepMargin=SuperficialFascia
Scarpas fascia:DeepMargin=SuperficialFascia
Camper's fascia:DeepMargin=SuperficialFascia
Camper fascia:DeepMargin=SuperficialFascia
Superficial investing layer:DeepMargin=SuperficialFascia
Superficial investing layer of cervical fascia:DeepMargin=SuperficialFascia
Superficial investing layer cervical fascia:DeepMargin=SuperficialFascia
Superficial layer of cervical fascia:DeepMargin=SuperficialFascia
Superficial cervical fascia:DeepMargin=SuperficialFascia
Deep fascia:DeepMargin=DeepFascia
Deep fascial:DeepMargin=DeepFascia
Deep temporal fascia:DeepMargin=DeepFascia
Deep investing layer:DeepMargin=DeepFascia
Deep investing layer cervical fascia:DeepMargin=DeepFascia
Deep investing layer of cervical fascia:DeepMargin=DeepFascia
Deep investing cervical fascia:DeepMargin=DeepFascia
Deep cervical fascia:DeepMargin=DeepFascia
Parotido-masseteric fascia:DeepMargin=DeepFascia
Parotido masseteric fascia:DeepMargin=DeepFascia
Parotido- masseteric fascia:DeepMargin=DeepFascia
Parotido -masseteric fascia:DeepMargin=DeepFascia
Parotid fascia:DeepMargin=DeepFascia
Galea:CUI=C0225210:DeepMargin=Galea
Galeal:CUI=C0225210:DeepMargin=Galea
Galea aponeurotica:CUI=C0225210:DeepMargin=Galea
Periosteum:CUI=C0031110:DeepMargin=Periosteum
Periosteal:CUI=C0031110:DeepMargin=Periosteum
Pericranium:CUI=C0031110:DeepMargin=Periosteum
Pericranial:CUI=C0031110:DeepMargin=Periosteum
SMAS:CUI=C1831580:DeepMargin=SMAS
Superficial musculoaponeurotic system:CUI=C1831580:DeepMargin=SMAS
Superficial musculo aponeurotic system:CUI=C1831580:DeepMargin=SMAS
Superficial musculo - aponeurotic system:CUI=C1831580:DeepMargin=SMAS
Superficial musculo- aponeurotic system:CUI=C1831580:DeepMargin=SMAS
Superficial musculo -aponeurotic system:CUI=C1831580:DeepMargin=SMAS
Muscle:CUI=C0026845:DeepMargin=Muscle
Striated muscle:CUI=C0026845:DeepMargin=Muscle
Smooth muscle:CUI=C0026845:DeepMargin=Muscle
Skeletal muscle:CUI=C0026845:DeepMargin=Muscle
Abductor digiti minimi:DeepMargin=Muscle
Abductor digiti minimi:DeepMargin=Muscle
Abductor hallucis:DeepMargin=Muscle
Abductor pollicis brevis:DeepMargin=Muscle
Abductor pollicis longus:DeepMargin=Muscle
Adductor brevis:DeepMargin=Muscle
Adductor hallucis:DeepMargin=Muscle
Adductor longus:DeepMargin=Muscle
Adductor magnus:DeepMargin=Muscle
Adductor pollicis:DeepMargin=Muscle
Adductor:DeepMargin=Muscle
Adductors:DeepMargin=Muscle
Anconeus:DeepMargin=Muscle
Articularis genu:DeepMargin=Muscle
Biceps femoris:DeepMargin=Muscle
Biceps:DeepMargin=Muscle
Brachialis:DeepMargin=Muscle
Brachioradialis:DeepMargin=Muscle
Buccinator:DeepMargin=Muscle
Chondroglossus:DeepMargin=Muscle
Coracobrachialis:DeepMargin=Muscle
Corpus:DeepMargin=Muscle
Corrugator:DeepMargin=Muscle
Deltoid:DeepMargin=Muscle
Depressor :DeepMargin=Muscle
Depressors:DeepMargin=Muscle
Digastric triangle:DeepMargin=Muscle
Digastric:DeepMargin=Muscle
Dilatator naris:DeepMargin=Muscle
Erector spinae:DeepMargin=Muscle
Extensor carpi radialis brevis:DeepMargin=Muscle
Extensor carpi radialis longus:DeepMargin=Muscle
Extensor carpi ulnaris:DeepMargin=Muscle
Extensor digiti minimi:DeepMargin=Muscle
Extensor digitorum brevis:DeepMargin=Muscle
Extensor digitorum longus:DeepMargin=Muscle
Extensor digitorum:DeepMargin=Muscle
Extensor hallucis brevis:DeepMargin=Muscle
Extensor hallucis longus:DeepMargin=Muscle
Extensor indicis:DeepMargin=Muscle
Extensor pollicis brevis:DeepMargin=Muscle
Extensor pollicis longus:DeepMargin=Muscle
External oblique:DeepMargin=Muscle
Flexor carpi radialis:DeepMargin=Muscle
Flexor carpi ulnaris:DeepMargin=Muscle
Flexor digiti minimi brevis:DeepMargin=Muscle
Flexor digiti minimi brevis:DeepMargin=Muscle
Flexor digitorum brevis:DeepMargin=Muscle
Flexor digitorum longus:DeepMargin=Muscle
Flexor digitorum profundus:DeepMargin=Muscle
Flexor digitorum superficialis:DeepMargin=Muscle
Flexor hallucis brevis:DeepMargin=Muscle
Flexor hallucis longus:DeepMargin=Muscle
Flexor pollicis brevis:DeepMargin=Muscle
Flexor pollicis longus:DeepMargin=Muscle
Gastrocnemius:DeepMargin=Muscle
Genioglossus:DeepMargin=Muscle
Geniohyoid:DeepMargin=Muscle
Gluteus:DeepMargin=Muscle
Gracilis:DeepMargin=Muscle
Hyoglossus:DeepMargin=Muscle
Iliacus:DeepMargin=Muscle
Iliocostalis:DeepMargin=Muscle
Iliopsoas:DeepMargin=Muscle
Infraspinatus:DeepMargin=Muscle
Intercostals:DeepMargin=Muscle
Internal oblique:DeepMargin=Muscle
Interspinales:DeepMargin=Muscle
Intertransversarii:DeepMargin=Muscle
Latissimus dorsi:DeepMargin=Muscle
Levator anguli oris:DeepMargin=Muscle
Levator ani:DeepMargin=Muscle
Levator labii superioris:DeepMargin=Muscle
Levator scapulae:DeepMargin=Muscle
Levator veli palatini:DeepMargin=Muscle
Levatores costarum:DeepMargin=Muscle
Longissimus capitis:DeepMargin=Muscle
Longissimus:DeepMargin=Muscle
Lumbrical:DeepMargin=Muscle
Lumbricals:DeepMargin=Muscle
Masseter:DeepMargin=Muscle
Mentalis:DeepMargin=Muscle
Mobile wad:DeepMargin=Muscle
Multifidus:DeepMargin=Muscle
Mylohyoid:DeepMargin=Muscle
Nasalis:DeepMargin=Muscle
Obliquus capitis superior:DeepMargin=Muscle
Obturator externus:DeepMargin=Muscle
Obturator internus:DeepMargin=Muscle
Omohyoid:DeepMargin=Muscle
Opponens digiti minimi:DeepMargin=Muscle
Opponens pollicis:DeepMargin=Muscle
Orbicularis oculi:DeepMargin=Muscle
Orbicularis oris:DeepMargin=Muscle
Palatoglossus:DeepMargin=Muscle
Palatopharyngeus:DeepMargin=Muscle
Palmar interossei:DeepMargin=Muscle
Palmaris brevis:DeepMargin=Muscle
Palmaris longus:DeepMargin=Muscle
Pectineus:DeepMargin=Muscle
Pectoralis major:DeepMargin=Muscle
Pectoralis minor:DeepMargin=Muscle
Peroneus brevis:DeepMargin=Muscle
Peroneus longus:DeepMargin=Muscle
Peroneus tertius:DeepMargin=Muscle
Piriformis:DeepMargin=Muscle
Plantaris:DeepMargin=Muscle
Platysma:DeepMargin=Muscle
Procerus:DeepMargin=Muscle
Pronator quadratus:DeepMargin=Muscle
Pronator teres:DeepMargin=Muscle
Psoas major:DeepMargin=Muscle
Psoas minor:DeepMargin=Muscle
Pterygoid:DeepMargin=Muscle
Pyramidalis:DeepMargin=Muscle
Quadratus femoris:DeepMargin=Muscle
Quadratus plantae:DeepMargin=Muscle
Quadriceps femoris:DeepMargin=Muscle
Rectus abdominis:DeepMargin=Muscle
Rectus capitis lateralis:DeepMargin=Muscle
Rectus capitis:DeepMargin=Muscle
Rectus femoris:DeepMargin=Muscle
Rhomboid major:DeepMargin=Muscle
Rhomboid minor:DeepMargin=Muscle
Rhomboids:DeepMargin=Muscle
Risorius:DeepMargin=Muscle
Rotator cuff:DeepMargin=Muscle
Rotatores:DeepMargin=Muscle
Salpingopharyngeus:DeepMargin=Muscle
Sartorius:DeepMargin=Muscle
Scalene:DeepMargin=Muscle
Scalenes:DeepMargin=Muscle
Semimembranosus:DeepMargin=Muscle
Semispinalis capitis:DeepMargin=Muscle
Semispinalis:DeepMargin=Muscle
Semitendinosus:DeepMargin=Muscle
Serratus:DeepMargin=Muscle
Soleus:DeepMargin=Muscle
Spinalis:DeepMargin=Muscle
Splenius capitis:DeepMargin=Muscle
Splenius capitis:DeepMargin=Muscle
Splenius cervicis:DeepMargin=Muscle
Stapedius:DeepMargin=Muscle
Sternocleidomastoid:DeepMargin=Muscle
Sternohyoid:DeepMargin=Muscle
Sternothyroid:DeepMargin=Muscle
Styloglossus:DeepMargin=Muscle
Stylohyoid:DeepMargin=Muscle
Stylopharyngeus:DeepMargin=Muscle
Subclavius:DeepMargin=Muscle
Subscapularis:DeepMargin=Muscle
Gemellus:DeepMargin=Muscle
Gemelli:DeepMargin=Muscle
Supinator:DeepMargin=Muscle
Supraspinatus:DeepMargin=Muscle
Temporalis:DeepMargin=Muscle
Temporoparietalis:DeepMargin=Muscle
Tensor:DeepMargin=Muscle
Teres:DeepMargin=Muscle
Thyroarytenoid:DeepMargin=Muscle
Thyrohyoid:DeepMargin=Muscle
Tibialis:DeepMargin=Muscle
Transversospinales:DeepMargin=Muscle
Transversus abdominis:DeepMargin=Muscle
Transversus thoracis:DeepMargin=Muscle
Trapezius:DeepMargin=Muscle
Triceps:DeepMargin=Muscle
Vastus:DeepMargin=Muscle
Verticalis:DeepMargin=Muscle
Zygomaticus:DeepMargin=Muscle
ADM:DeepMargin=Muscle
APB:DeepMargin=Muscle
APL:DeepMargin=Muscle
FCR:DeepMargin=Muscle
FCU:DeepMargin=Muscle
FDP:DeepMargin=Muscle
FDS:DeepMargin=Muscle
FPL:DeepMargin=Muscle
FPB:DeepMargin=Muscle
ECR:DeepMargin=Muscle
ECRL:DeepMargin=Muscle
ECRB:DeepMargin=Muscle
EDM:DeepMargin=Muscle
EDB:DeepMargin=Muscle
EDL:DeepMargin=Muscle
EHB:DeepMargin=Muscle
EHL:DeepMargin=Muscle
EI:DeepMargin=Muscle
EIP:DeepMargin=Muscle
EPB:DeepMargin=Muscle
EPL:DeepMargin=Muscle
Bone:CUI=C0262950:DeepMargin=Bone
Outer table:CUI=C0262950:DeepMargin=Bone
Diploic space:CUI=C0262950:DeepMargin=Bone
Diploe:CUI=C0262950:DeepMargin=Bone
Inner table:CUI=C0262950:DeepMargin=Bone
Cortex:CUI=C0262950:DeepMargin=Bone
Medulla:CUI=C0262950:DeepMargin=Bone
Calcaneum:DeepMargin=Bone
Capitate:DeepMargin=Bone
Clavicle:DeepMargin=Bone
Coccyx:DeepMargin=Bone
Collarbone:DeepMargin=Bone
Cuboid:DeepMargin=Bone
Cuneiform:DeepMargin=Bone
Elbow:DeepMargin=Bone
Femur:DeepMargin=Bone
Fibula:DeepMargin=Bone
Iliac:DeepMargin=Bone
Illiac:DeepMargin=Bone
Ischium:DeepMargin=Bone
Lunate:DeepMargin=Bone
Mastoid:DeepMargin=Bone
Mandible:DeepMargin=Bone
Manubrium:DeepMargin=Bone
Metacarpal:DeepMargin=Bone
Metatarsal:DeepMargin=Bone
Navicular:DeepMargin=Bone
Pisiform:DeepMargin=Bone
Radius:DeepMargin=Bone
Rib:DeepMargin=Bone
Ribs:DeepMargin=Bone
Sacrum:DeepMargin=Bone
Scaphoid:DeepMargin=Bone
Scapula:DeepMargin=Bone
Sphenoid:DeepMargin=Bone
Sternum:DeepMargin=Bone
Tibia:DeepMargin=Bone
Talus:DeepMargin=Bone
Trapezium:DeepMargin=Bone
Trapezoid:DeepMargin=Bone
Triquetral:DeepMargin=Bone
Triquetrum:DeepMargin=Bone
Trochanter:DeepMargin=Bone
Ulna:DeepMargin=Bone
Xiphisternum:DeepMargin=Bone
Zygoma:DeepMargin=Bone
Cartilage:CUI=C0007301:DeepMargin=Cartilage
Perichondrium:CUI=C0225361:DeepMargin=Perichondrium
Perichondrial:CUI=C0225361:DeepMargin=Perichondrium
