Excision Biopsy:ExcisionType=ExcisionBiopsy
Excision Bx:ExcisionType=ExcisionBiopsy
Excision:ExcisionType=ExcisionBiopsy
Narrow margin excision:ExcisionType=ExcisionBiopsy
Wide Local Excision:ExcisionType=WideLocalExcision
Wide Excision:ExcisionType=WideLocalExcision
WLE:ExcisionType=WideLocalExcision
Re-excision:ExcisionType=Re-excision
Re excision:ExcisionType=Re-excision
Wider Excision:ExcisionType=Re-excision
Wider local Excision:ExcisionType=Re-excision
Deeper Excision:ExcisionType=Re-excision
Mohs:ExcisionType=Mohs
Mohs surgery:ExcisionType=Mohs
Mohs micrographic surgery:ExcisionType=Mohs
Moh's:ExcisionType=Mohs
Moh's surgery:ExcisionType=Mohs
Moh's micrographic surgery:ExcisionType=Mohs
Wedge Excision:ExcisionType=WedgeExcision
Wedge:ExcisionType=WedgeExcision
Punch Biopsy:ExcisionType=PunchBiopsy
Punch Bx:ExcisionType=PunchBiopsy
Punch:ExcisionType=PunchBiopsy
Mapping biopsy:ExcisionType=PunchBiopsy
Mapping bx:ExcisionType=PunchBiopsy
Incision Biopsy:ExcisionType=IncisionBiopsy
Incision Bx:ExcisionType=IncisionBiopsy
Shave Biopsy:ExcisionType=ShaveBiopsy
Shave:ExcisionType=ShaveBiopsy
Shave Bx:ExcisionType=ShaveBiopsy
Curettage:ExcisionType=Curettage
Deep Margin Specimen:ExcisionType=SupplementalDeepMarginSpecimen
Deeper Specimen:ExcisionType=SupplementalDeepMarginSpecimen
Deeper Margin:ExcisionType=SupplementalDeepMarginSpecimen
Deeper Margin Specimen:ExcisionType=SupplementalDeepMarginSpecimen
Peripheral Margin Specimen:ExcisionType=Peripheral Margin Specimen
Wider Specimen:ExcisionType=Peripheral Margin Specimen
Wider Margin:ExcisionType=Peripheral Margin Specimen
Wider Margin Specimen:ExcisionType=Peripheral Margin Specimen
Further Deep Margin Specimen:ExcisionType=SupplementalDeepMarginSpecimen
Further Deeper Specimen:ExcisionType=SupplementalDeepMarginSpecimen
Further Deeper Margin:ExcisionType=SupplementalDeepMarginSpecimen
Further Deeper Margin Specimen:ExcisionType=SupplementalDeepMarginSpecimen
Further Peripheral Margin Specimen:ExcisionType=Peripheral Margin Specimen
Further Wider Specimen:ExcisionType=Peripheral Margin Specimen
Further Wider Margin:ExcisionType=Peripheral Margin Specimen
Further Wider Margin Specimen:ExcisionType=Peripheral Margin Specimen
Second Deep Margin Specimen:ExcisionType=SupplementalDeepMarginSpecimen
Second Deeper Specimen:ExcisionType=SupplementalDeepMarginSpecimen
Second Deeper Margin:ExcisionType=SupplementalDeepMarginSpecimen
Second Deeper Margin Specimen:ExcisionType=SupplementalDeepMarginSpecimen
Second Peripheral Margin Specimen:ExcisionType=SupplementalPeripheralMarginSpecimen
Second Wider Specimen:ExcisionType=SupplementalPeripheralMarginSpecimen
Second Wider Margin:ExcisionType=SupplementalPeripheralMarginSpecimen
Second Wider Margin Specimen:ExcisionType=SupplementalPeripheralMarginSpecimen
Supplemental Deep Margin Specimen:ExcisionType=SupplementalDeepMarginSpecimen
Supplemental Deeper Specimen:ExcisionType=SupplementalDeepMarginSpecimen
Supplemental Deeper Margin:ExcisionType=SupplementalDeepMarginSpecimen
Supplemental Deeper Margin Specimen:ExcisionType=SupplementalDeepMarginSpecimen
Supplemental Peripheral Margin Specimen:ExcisionType=SupplementalPeripheralMarginSpecimen
Supplemental Wider Specimen:ExcisionType=SupplementalPeripheralMarginSpecimen
Supplemental Wider Margin:ExcisionType=SupplementalPeripheralMarginSpecimen
Supplemental Wider Margin Specimen:ExcisionType=SupplementalPeripheralMarginSpecimen
Subsequent Deep Margin Specimen:ExcisionType=SupplementalDeepMarginSpecimen
Subsequent Deeper Specimen:ExcisionType=SupplementalDeepMarginSpecimen
Subsequent Deeper Margin:ExcisionType=SupplementalDeepMarginSpecimen
Subsequent Deeper Margin Specimen:ExcisionType=SupplementalDeepMarginSpecimen
Subsequent Peripheral Margin Specimen:ExcisionType=SupplementalPeripheralMarginSpecimen
Subsequent Wider Specimen:ExcisionType=SupplementalPeripheralMarginSpecimen
Subsequent Wider Margin:ExcisionType=SupplementalPeripheralMarginSpecimen
Subsequent Wider Margin Specimen:ExcisionType=SupplementalPeripheralMarginSpecimen
Deep Margin Specimens:ExcisionType=SupplementalDeepMarginSpecimen
Deeper Specimens:ExcisionType=SupplementalDeepMarginSpecimen
Deeper Margin:ExcisionType=SupplementalDeepMarginSpecimen
Deeper Margin Specimens:ExcisionType=SupplementalDeepMarginSpecimen
Peripheral Margin Specimens:ExcisionType=SupplementalPeripheralMarginSpecimen
Wider Specimens:ExcisionType=SupplementalPeripheralMarginSpecimen
Wider Margin:ExcisionType=SupplementalPeripheralMarginSpecimen
Wider Margin Specimens:ExcisionType=SupplementalPeripheralMarginSpecimen
Further Deep Margin Specimens:ExcisionType=SupplementalDeepMarginSpecimen
Further Deeper Specimens:ExcisionType=SupplementalDeepMarginSpecimen
Further Deeper Margin:ExcisionType=SupplementalDeepMarginSpecimen
Further Deeper Margin Specimens:ExcisionType=SupplementalDeepMarginSpecimen
Further Peripheral Margin Specimens:ExcisionType=SupplementalPeripheralMarginSpecimen
Further Wider Specimens:ExcisionType=SupplementalPeripheralMarginSpecimen
Further Wider Margin:ExcisionType=SupplementalPeripheralMarginSpecimen
Further Wider Margin Specimens:ExcisionType=SupplementalPeripheralMarginSpecimen
Second  Deep Margin Specimens:ExcisionType=SupplementalDeepMarginSpecimen
Second Deeper Specimens:ExcisionType=SupplementalDeepMarginSpecimen
Second Deeper Margin:ExcisionType=SupplementalDeepMarginSpecimen
Second Deeper Margin Specimens:ExcisionType=SupplementalDeepMarginSpecimen
Second Peripheral Margin Specimens:ExcisionType=SupplementalPeripheralMarginSpecimen
Second Wider Specimens:ExcisionType=SupplementalPeripheralMarginSpecimen
Second Wider Margin:ExcisionType=SupplementalPeripheralMarginSpecimen
Second Wider Margin Specimens:ExcisionType=SupplementalPeripheralMarginSpecimen
Supplemental Deep Margin Specimens:ExcisionType=SupplementalDeepMarginSpecimen
Supplemental Deeper Specimens:ExcisionType=SupplementalDeepMarginSpecimen
Supplemental Deeper Margin:ExcisionType=SupplementalDeepMarginSpecimen
Supplemental Deeper Margin Specimens:ExcisionType=SupplementalDeepMarginSpecimen
Supplemental Peripheral Margin Specimens:ExcisionType=SupplementalPeripheralMarginSpecimen
Supplemental Wider Specimens:ExcisionType=SupplementalPeripheralMarginSpecimen
Supplemental Wider Margin:ExcisionType=SupplementalPeripheralMarginSpecimen
Supplemental Wider Margin Specimens:ExcisionType=SupplementalPeripheralMarginSpecimen
Subsequent Deep Margin Specimens:ExcisionType=SupplementalDeepMarginSpecimen
Subsequent Deeper Specimens:ExcisionType=SupplementalDeepMarginSpecimen
Subsequent Deeper Margin:ExcisionType=SupplementalDeepMarginSpecimen
Subsequent Deeper Margin Specimens:ExcisionType=SupplementalDeepMarginSpecimen
Subsequent Peripheral Margin Specimens:ExcisionType=SupplementalPeripheralMarginSpecimen
Subsequent Wider Specimens:ExcisionType=SupplementalPeripheralMarginSpecimen
Subsequent Wider Margin:ExcisionType=SupplementalPeripheralMarginSpecimen
Subsequent Wider Margin Specimens:ExcisionType=SupplementalPeripheralMarginSpecimen
