Excision completed:Negatives=true
Excision is complete:Negatives=true
Excision complete:Negatives=true
Complete excision:Negatives=true
Completed excision:Negatives=true
Completely excised:Negatives=true
Appropriately excised:Negatives=true
Margins are clear:Negatives=true
Clear margins:Negatives=true
Appears complete:Negatives=true
Appears completed:Negatives=true
Looks complete:Negatives=true
Looks completed:Negatives=true
Look complete:Negatives=true
Look completed:Negatives=true
Excision incompleted:Negatives=false
Excision is incompleted:Negatives=false
Excision incomplete:Negatives=false
Excision is incomplete:Negatives=false
Excision is not complete:Negatives=false
Excision is not assured:Negatives=false
Excision cannnot be assured:Negatives=false
Complete excision cannnot be assured:Negatives=false
Completeness of excision is not assured:Negatives=false
Excision is not guaranteed:Negatives=false
Complete excision is not guaranteed:Negatives=false
Completeness of excision is not guaranteed:Negatives=false
Complete excision cannnot be guaranteed:Negatives=false
Completeness of excision cannnot be guaranteed:Negatives=false
Incomplete excision:Negatives=false
Inappropriately excised:Negatives=false
Excision is not appropriate:Negatives=false
Excision is inappropriate:Negatives=false
Inappropriate excision:Negatives=false
Margins are not clear:Negatives=false
Non clear margins:Negatives=false
Non-clear margins:Negatives=false
Non- clear margins:Negatives=false
Non -clear margins:Negatives=false

