Excision Biopsy:ExcisionType=Excision Biopsy
Excision Bx:ExcisionType=Excision Biopsy
Excision:ExcisionType=Excision Biopsy
Wide Local Excision:ExcisionType=Wide Local Excision
Wide Excision:ExcisionType=Wide Local Excision
WLE:ExcisionType=Wide Local Excision
Re-excision:ExcisionType=Re-excision
Re excision:ExcisionType=Re-excision
Wider Excision:ExcisionType=Re-excision
Wider local Excision:ExcisionType=Re-excision
Deeper Excision:ExcisionType=Re-excision
Mohs:ExcisionType=Mohs
Mohs surgery:ExcisionType=Mohs
Mohs micrographic surgery:ExcisionType=Mohs
Moh's:ExcisionType=Mohs
Moh's surgery:ExcisionType=Mohs
Moh's micrographic surgery:ExcisionType=Mohs
Wedge Excision:ExcisionType=Wedge Excision
Wedge:ExcisionType=Wedge Excision
Punch Biopsy:ExcisionType=Punch Biopsy
Punch Bx:ExcisionType=Punch Biopsy
Punch:ExcisionType=Punch Biopsy
Incision Biopsy:ExcisionType=Incision Biopsy
Incision Bx:ExcisionType=Incision Biopsy
Shave Biopsy:ExcisionType=Shave Biopsy
Shave:ExcisionType=Shave Biopsy
Shave Bx:ExcisionType=Shave Biopsy
Curettage:ExcisionType=Curettage
Deep Margin Specimen:ExcisionType=Supplemental Deep Margin Specimen
Deeper Specimen:ExcisionType=Supplemental Deep Margin Specimen
Deeper Margin:ExcisionType=Supplemental Deep Margin Specimen
Deeper Margin Specimen:ExcisionType=Supplemental Deep Margin Specimen
Peripheral Margin Specimen:ExcisionType=Peripheral Margin Specimen
Wider Specimen:ExcisionType=Peripheral Margin Specimen
Wider Margin:ExcisionType=Peripheral Margin Specimen
Wider Margin Specimen:ExcisionType=Peripheral Margin Specimen
Further Deep Margin Specimen:ExcisionType=Supplemental Deep Margin Specimen
Further Deeper Specimen:ExcisionType=Supplemental Deep Margin Specimen
Further Deeper Margin:ExcisionType=Supplemental Deep Margin Specimen
Further Deeper Margin Specimen:ExcisionType=Supplemental Deep Margin Specimen
Further Peripheral Margin Specimen:ExcisionType=Peripheral Margin Specimen
Further Wider Specimen:ExcisionType=Peripheral Margin Specimen
Further Wider Margin:ExcisionType=Peripheral Margin Specimen
Further Wider Margin Specimen:ExcisionType=Peripheral Margin Specimen
Second Deep Margin Specimen:ExcisionType=Supplemental Deep Margin Specimen
Second Deeper Specimen:ExcisionType=Supplemental Deep Margin Specimen
Second Deeper Margin:ExcisionType=Supplemental Deep Margin Specimen
Second Deeper Margin Specimen:ExcisionType=Supplemental Deep Margin Specimen
Second Peripheral Margin Specimen:ExcisionType=Supplemental Peripheral Margin Specimen
Second Wider Specimen:ExcisionType=Supplemental Peripheral Margin Specimen
Second Wider Margin:ExcisionType=Supplemental Peripheral Margin Specimen
Second Wider Margin Specimen:ExcisionType=Supplemental Peripheral Margin Specimen
Supplemental Deep Margin Specimen:ExcisionType=Supplemental Deep Margin Specimen
Supplemental Deeper Specimen:ExcisionType=Supplemental Deep Margin Specimen
Supplemental Deeper Margin:ExcisionType=Supplemental Deep Margin Specimen
Supplemental Deeper Margin Specimen:ExcisionType=Supplemental Deep Margin Specimen
Supplemental Peripheral Margin Specimen:ExcisionType=Supplemental Peripheral Margin Specimen
Supplemental Wider Specimen:ExcisionType=Supplemental Peripheral Margin Specimen
Supplemental Wider Margin:ExcisionType=Supplemental Peripheral Margin Specimen
Supplemental Wider Margin Specimen:ExcisionType=Supplemental Peripheral Margin Specimen
Subsequent Deep Margin Specimen:ExcisionType=Supplemental Deep Margin Specimen
Subsequent Deeper Specimen:ExcisionType=Supplemental Deep Margin Specimen
Subsequent Deeper Margin:ExcisionType=Supplemental Deep Margin Specimen
Subsequent Deeper Margin Specimen:ExcisionType=Supplemental Deep Margin Specimen
Subsequent Peripheral Margin Specimen:ExcisionType=Supplemental Peripheral Margin Specimen
Subsequent Wider Specimen:ExcisionType=Supplemental Peripheral Margin Specimen
Subsequent Wider Margin:ExcisionType=Supplemental Peripheral Margin Specimen
Subsequent Wider Margin Specimen:ExcisionType=Supplemental Peripheral Margin Specimen
Deep Margin Specimens:ExcisionType=Supplemental Deep Margin Specimen
Deeper Specimens:ExcisionType=Supplemental Deep Margin Specimen
Deeper Margin:ExcisionType=Supplemental Deep Margin Specimen
Deeper Margin Specimens:ExcisionType=Supplemental Deep Margin Specimen
Peripheral Margin Specimens:ExcisionType=Supplemental Peripheral Margin Specimen
Wider Specimens:ExcisionType=Supplemental Peripheral Margin Specimen
Wider Margin:ExcisionType=Supplemental Peripheral Margin Specimen
Wider Margin Specimens:ExcisionType=Supplemental Peripheral Margin Specimen
Further Deep Margin Specimens:ExcisionType=Supplemental Deep Margin Specimen
Further Deeper Specimens:ExcisionType=Supplemental Deep Margin Specimen
Further Deeper Margin:ExcisionType=Supplemental Deep Margin Specimen
Further Deeper Margin Specimens:ExcisionType=Supplemental Deep Margin Specimen
Further Peripheral Margin Specimens:ExcisionType=Supplemental Peripheral Margin Specimen
Further Wider Specimens:ExcisionType=Supplemental Peripheral Margin Specimen
Further Wider Margin:ExcisionType=Supplemental Peripheral Margin Specimen
Further Wider Margin Specimens:ExcisionType=Supplemental Peripheral Margin Specimen
Second  Deep Margin Specimens:ExcisionType=Supplemental Deep Margin Specimen
Second Deeper Specimens:ExcisionType=Supplemental Deep Margin Specimen
Second Deeper Margin:ExcisionType=Supplemental Deep Margin Specimen
Second Deeper Margin Specimens:ExcisionType=Supplemental Deep Margin Specimen
Second Peripheral Margin Specimens:ExcisionType=Supplemental Peripheral Margin Specimen
Second Wider Specimens:ExcisionType=Supplemental Peripheral Margin Specimen
Second Wider Margin:ExcisionType=Supplemental Peripheral Margin Specimen
Second Wider Margin Specimens:ExcisionType=Supplemental Peripheral Margin Specimen
Supplemental Deep Margin Specimens:ExcisionType=Supplemental Deep Margin Specimen
Supplemental Deeper Specimens:ExcisionType=Supplemental Deep Margin Specimen
Supplemental Deeper Margin:ExcisionType=Supplemental Deep Margin Specimen
Supplemental Deeper Margin Specimens:ExcisionType=Supplemental Deep Margin Specimen
Supplemental Peripheral Margin Specimens:ExcisionType=Supplemental Peripheral Margin Specimen
Supplemental Wider Specimens:ExcisionType=Supplemental Peripheral Margin Specimen
Supplemental Wider Margin:ExcisionType=Supplemental Peripheral Margin Specimen
Supplemental Wider Margin Specimens:ExcisionType=Supplemental Peripheral Margin Specimen
Subsequent Deep Margin Specimens:ExcisionType=Supplemental Deep Margin Specimen
Subsequent Deeper Specimens:ExcisionType=Supplemental Deep Margin Specimen
Subsequent Deeper Margin:ExcisionType=Supplemental Deep Margin Specimen
Subsequent Deeper Margin Specimens:ExcisionType=Supplemental Deep Margin Specimen
Subsequent Peripheral Margin Specimens:ExcisionType=Supplemental Peripheral Margin Specimen
Subsequent Wider Specimens:ExcisionType=Supplemental Peripheral Margin Specimen
Subsequent Wider Margin:ExcisionType=Supplemental Peripheral Margin Specimen
Subsequent Wider Margin Specimens:ExcisionType=Supplemental Peripheral Margin Specimen
