131 Stow Hill:gpPractise=131 Stow Hill, Newport, Gwent,  NP20 4SZ
180 KINGS ROAD:gpPractise=180 KINGS ROAD, CANTON, CARDIFF, SOUTH GLAMORGAN, CF11 9DG
4 CORPORATION ROAD:gpPractise=4 CORPORATION ROAD, GRANGETOWN, CARDIFF, SOUTH GLAMORGAN, CF11 7AT
4 GWILYM ROAD:gpPractise=4 GWILYM ROAD, CWMLLYNFELL, SWANSEA,  SA9 2GH
74 MONK STREET:gpPractise=74 MONK STREET, ABERDARE, MID GLAMORGAN,  CF44 7PA
ABER MEDICAL CENTRE:gpPractise=ABER MEDICAL CENTRE, 30 THOMAS STREET, ABERTRIDWR, CAERPHILLY, GWENT, CF83 4AZ
ABERBEEG MEDICAL PRACTICE:gpPractise=ABERBEEG MEDICAL PRACTICE, THE SQUARE, ABERBEEG, ABERTILLERY, NP13 2AB
ABERCYNON MEDICAL CENTRE:gpPractise=ABERCYNON MEDICAL CENTRE, YNYSMEURIG ROAD, ABERCYNON, MID GLAMORGAN, CF45 4YB
ABERTAWE MEDICAL PARTNERSHIP:gpPractise=ABERTAWE MEDICAL PARTNERSHIP, 151 ST HELENS ROAD, SWANSEA, WEST GLAMORGAN, SA1 4DF
ABERTILLERY GROUP PRACTICE:gpPractise=ABERTILLERY GROUP PRACTICE, THE BRIDGE CENTRE, FOUNDRY BRIDGE, ABERTILLERY, NP13 1BQ
ALBERT ROAD SURGERY:gpPractise=ALBERT ROAD SURGERY, ALBERT ROAD, PENARTH VALE OF GLAMORGAN, SOUTH GLAMORGAN, CF64 1BX
ALFRED ST. PRIMARY CARE CENTRE:gpPractise=ALFRED ST. PRIMARY CARE CENTRE, 12-14 ALFRED STREET, NEATH PORT TALBOT, WEST GLAMORGAN, SA11 1EF
ALLT GOCH MEDICAL CENTRE:gpPractise=ALLT GOCH MEDICAL CENTRE, LON Y BECWS, FLINT, FLINTSHIRE, CH6 5UZ
ALYN FAMILY DOCTORS:gpPractise=ALYN FAMILY DOCTORS, THE HEALTH CENTRE, SCHOOL ROAD, LLAY WREXHAM, LL12 0TR
AMMAN TAWE PARTNERSHIP:gpPractise=AMMAN TAWE PARTNERSHIP, GRAIG ROAD, GWAUN CAE GURWEN,  SA18 1EG
ARGYLE MEDICAL GROUP:gpPractise=ARGYLE MEDICAL GROUP, ARGYLE STREET, PEMBROKE DOCK, PEMBROKESHIRE, SA72 6HL
ASH GROVE MEDICAL CENTRE:gpPractise=ASH GROVE MEDICAL CENTRE, THOMAS STREET, LLANELLI,  SA15 3JH
AVENUE VILLA SURGERY:gpPractise=AVENUE VILLA SURGERY, BRYNMOR ROAD, LLANELLI, CARMARTHENSHIRE, DYFED, SA15 2TJ
BARLOW HOUSE SURGERY:gpPractise=BARLOW HOUSE SURGERY, MANCHESTER SQUARE HEALTHCENTRE, MANCHESTER SQUARE, MILFORD HAVEN,  PEMBROKESHIRE, SA73 2JW
BEECH HOUSE SURGERY:gpPractise=BEECH HOUSE SURGERY, 69 VALE STREET, DENBIGH, DENBIGHSHIRE, LL16 3AU
BEECHLEY MEDICAL CENTRE:gpPractise=BEECHLEY MEDICAL CENTRE, BRYNCABANAU, HIGHTOWN, WREXHAM, LL13 7BS
BEECHWOOD SURGERY:gpPractise=BEECHWOOD SURGERY, 371- 373 CHEPSTOW ROAD, NEWPORT, GWENT, NP19 8HL
BELLEVUE SURGERY:gpPractise=BELLEVUE SURGERY, BELLEVUE TERRACE, NEWPORT, GWENT, NP20 2WQ
BERLLAN SURGERY:gpPractise=BERLLAN SURGERY, 24 VALE STREET, DENBIGH, DENBIGHSHIRE, LL16 3BL
BIRCHGROVE SURGERY:gpPractise=BIRCHGROVE SURGERY, CAERPHILLY ROAD, BIRCHGROVE, CARDIFF, SOUTH GLAMORGAN, CF14 4QJ
BISHOPS ROAD MEDICAL CENTRE:gpPractise=BISHOPS ROAD MEDICAL CENTRE, 1 BISHOPS ROAD, WHITCHURCH, CARDIFF, SOUTH GLAMORGAN, CF14 1LT
BLACKWOOD MEDICAL GROUP:gpPractise=BLACKWOOD MEDICAL GROUP, AVICENNA MEDICAL CENTRE, PONTLLANFRAITH, BLACKWOOD, GWENT, NP12 2YU
BLAENAVON MEDICAL PRACTICE:gpPractise=BLAENAVON MEDICAL PRACTICE, MIDDLE COED ROAD, BLAENAVON, GWENT, NP4 9AW
BLAINA MEDICAL PRACTICE:gpPractise=BLAINA MEDICAL PRACTICE, REAR OF HIGH STREET, BLAINA, GWENT, NP13 3AT
BODNANT SURGERY:gpPractise=BODNANT SURGERY, MENAI AVENUE, BANGOR, GWYNEDD, LL57 2HH
BODOWEN SURGERY:gpPractise=BODOWEN SURGERY, HALKYN ROAD, HOLYWELL, FLINTSHIRE, CH8 7GA
BODREINALLT:gpPractise=BODREINALLT, CASTLE STREET, CONWY, CLWYD, LL32 8AT
BORRAS PARK SURGERY:gpPractise=BORRAS PARK SURGERY, BORRAS PARK ROAD, WREXHAM, CLWYD, LL12 7TH
BORTH SURGERY:gpPractise=BORTH SURGERY, HIGH STREET, BORTH, CEREDIGION, DYFED, SY24 5JE
BRADLEY'S PRACTICE:gpPractise=BRADLEY'S PRACTICE, BUCKLEY MEDICAL CENTRE, ALLTAMI ROAD, BUCKLEY FLINTSHIRE, CH7 3PG
BRECON CLINIC:gpPractise=BRECON CLINIC, 9 CASTLE STREET, BRECON, POWYS, LD3 9DD
BRIDGEND GROUP PRACTICE:gpPractise=BRIDGEND GROUP PRACTICE, MERTHYRMAWR ROAD, BRIDGEND, MID GLAMORGAN, CF31 3NW
BRO PEDR MEDICAL GROUP:gpPractise=BRO PEDR MEDICAL GROUP, TALIESYN SURGERY, TALIESYN COURT, LAMPETER , SA48 7AA
BRON DERW MEDICAL CENTRE:gpPractise=BRON DERW MEDICAL CENTRE, GLYNNE ROAD, BANGOR, GWYNEDD, LL57 1AH
BRON-Y-GARN SURGERY:gpPractise=BRON-Y-GARN SURGERY, MAESTEG HOSPITAL, NEATH ROAD, MAESTEG , CF34 9PW
BRONMEIRION:gpPractise=BRONMEIRION, CASTLE STREET, PENRHYNDEUDRAETH, GWYNEDD, LL48 6AL
BRONYFFYNNON SURGERY:gpPractise=BRONYFFYNNON SURGERY, 24 BRIDGE STREET, DENBIGH, DENBIGHSHIRE, LL16 3TH
BRUNSWICK HEALTH CENTRE:gpPractise=BRUNSWICK HEALTH CENTRE, 139-140 SAINT HELENS RD., SWANSEA, WEST GLAMORGAN, SA1 4DE
BRYN DARLAND SURGERY:gpPractise=BRYN DARLAND SURGERY, 53 HIGH STREET, COEDPOETH, WREXHAM, CLWYD, LL11 3SA
BRYNDERWEN SURGERY:gpPractise=BRYNDERWEN SURGERY, CRICKHOWELL ROAD, SAINT MELLONS, CARDIFF, SOUTH GLAMORGAN, CF3 0EF
BRYNGWYN SURGERY:gpPractise=BRYNGWYN SURGERY, 4 BRYNGWYN ROAD, NEWPORT, GWENT, NP20 4JS
BRYNHYFRYD MEDICAL CENTRE:gpPractise=BRYNHYFRYD MEDICAL CENTRE, 499 LLANGYFELACH ROAD, BRYNHYFRYD, SWANSEA, SA5 9EA
BRYNMAWR MEDICAL PRACTICE:gpPractise=BRYNMAWR MEDICAL PRACTICE, BRYNMAWR WELLBEING CENTRE, BLAENAVON RD, BRYNMAWR, EBBW VALE, NP23 4BR
BRYNTEG SURGERY:gpPractise=BRYNTEG SURGERY, BRYNMAWR AVENUE, AMMANFORD, CARMARTHENSHIRE, DYFED, SA18 2DA
BRYNTIRION SURGERY:gpPractise=BRYNTIRION SURGERY, WEST STREET, BARGOED, MID GLAMORGAN, CF81 8SA
BUTETOWN MEDICAL PRACTICE:gpPractise=BUTETOWN MEDICAL PRACTICE, LOUDOUN, PLAS IONA, BUTETOWN, CARDIFF, CF10 5HW
CADWGAN SURGERY:gpPractise=CADWGAN SURGERY, 11 BODELWYDDAN AVENUE, OLD COLWYN, CONWY, LL29 9NP
CAEREINION MEDICAL PRACTICE:gpPractise=CAEREINION MEDICAL PRACTICE, LLANFAIR CAEREINION, WELSHPOOL, POWYS, SY21 0RT
CAERGWRLE MEDICAL PRACTICE:gpPractise=CAERGWRLE MEDICAL PRACTICE, 39- 41 HIGH STREET, CAERGWRLE, WREXHAM, FLINTSHIRE, LL12 9LG
CAIA PARK SURGERY, Prince:gpPractise=CAIA PARK SURGERY, PRINCE CHARLES ROAD, WREXHAM, CLWYD, LL13 8TH
CANOLFAN FEDDYGOL YR HEN ORSAF:gpPractise=CANOLFAN FEDDYGOL YR HEN ORSAF, STATION ROAD, BETHESDA, GWYNEDD, LL57 3NE
CANOLFAN GOFFA FFESTINIOG:gpPractise=CANOLFAN GOFFA FFESTINIOG, WYNNE ROAD, BLAENAU FFESTINIOG, GWYNEDD, LL41 3DW
CANOLFAN IECHYD AMLWCH:gpPractise=CANOLFAN IECHYD AMLWCH, PARYS ROAD, ANGLESEY,  LL68 9AB
CANOLFAN IECHYD:gpPractise=CANOLFAN IECHYD, LLANGOLLEN HEALTH CENTRE, BISHOPS WALK, LLANGOLLEN, LL20 8RZ
CARDIFF BAY SURGERY:gpPractise=CARDIFF BAY SURGERY, 45 CAMBRIDGE STREET, GRANGETOWN, CARDIFF, SOUTH GLAMORGAN, CF11 7DJ
CARDIFF HEALTH ACCESS PRACTICE:gpPractise=CARDIFF HEALTH ACCESS PRACTICE, OUT PATIENTS DEPT.  C R I, LONGCROSS STREET, CARDIFF, CF24 0SZ
CARDIGAN HEALTH CENTRE:gpPractise=CARDIGAN HEALTH CENTRE, CARDIGAN INTERGRATED CARE CENT, RHODFA'R FELIN, CARDIGAN, CEREDIGION, SA43 1JX
CARITAS SURGERY:gpPractise=CARITAS SURGERY, THE HEALTH CENTRE SMITHY ROAD, COEDPOETH, WREXHAM CLWYD, LL11 3NS
CASTLE GATE MEDICAL PRACTICE:gpPractise=CASTLE GATE MEDICAL PRACTICE, REAR OF MONNOW STREET, MONMOUTH, GWENT, NP25 3EQ
CASTLE SURGERY:gpPractise=CASTLE SURGERY, 1 PRINCE OF WALES DRIVE, NEATH PORT TALBOT, WEST GLAMORGAN, SA11 3EW
CATHAYS SURGERY:gpPractise=CATHAYS SURGERY, 137 CATHAYS TERRACE, CARDIFF, SOUTH GLAMORGAN, CF24 4HU
CEREDIGION CDAT:gpPractise=CEREDIGION CDAT, GORWELION, LLANBADARN ROAD, ABERYSTWYTH, CEREDIGION, SY23 1HB
CEREDIGION LHB:gpPractise=CEREDIGION LHB, THE BRYN NORTH ROAD, LAMPETER, CEREDIGION, SA48 7HA
CHERITON MEDICAL CENTRE:gpPractise=CHERITON MEDICAL CENTRE, CHERITON CRESCENT, PORTMEAD, SWANSEA, WEST GLAMORGAN, SA5 5LB
CHIRK SURGERY:gpPractise=CHIRK SURGERY, CASTLE HEALTH CENTRE, COLLIERY ROAD CHIRK, WREXHAM, CLWYD, LL14 5DH
CHRONIC CONDITIONS PRACTICE:gpPractise=CHRONIC CONDITIONS PRACTICE, CONFERENCE CENTRE, FISHGUARD ROAD, HAVERFORDWEST, SA61 2PZ
CHURCHWOOD SURGERY:gpPractise=CHURCHWOOD SURGERY, PONTYPOOL MEDICAL CENTRE, OFF TOWN BRIDGE, PONTYPOOL, GWENT, NP4 6DH
CLARE ROAD MEDICAL CENTRE:gpPractise=CLARE ROAD MEDICAL CENTRE, 148 CLARE ROAD, GRANGETOWN, CARDIFF, SOUTH GLAMORGAN, CF11 6RW
CLARENCE MEDICAL CENTRE:gpPractise=CLARENCE MEDICAL CENTRE, WEST RHYL PRIMARY CARE CENTRE, WEST KINMEL STREET, RHYL, DENBIGHSHIRE, LL18 1DA
CLARK AVENUE SURGERY:gpPractise=CLARK AVENUE SURGERY, CLARK AVENUE, PONTNEWYDD, CWMBRAN, GWENT, NP44 1RY
CLASE SURGERY:gpPractise=CLASE SURGERY, 88 MYNYDD GARNLWYD ROAD, CLASE SWANSEA, WEST GLAMORGAN, SA6 7NZ
CLIFTON SURGERY:gpPractise=CLIFTON SURGERY, 151-153 NEWPORT ROAD, ROATH, CARDIFF, SOUTH GLAMORGAN, CF24 1AG
CLOUGHMORE MEDICAL CENTRE:gpPractise=CLOUGHMORE MEDICAL CENTRE, 19 SOUTH PARK ROAD, SPLOTT, CARDIFF, CF24 2LU
COACH & HORSES SURGERY:gpPractise=COACH & HORSES SURGERY, THE CAR PARK, ST.CLEARS, CARMARTHENSHIRE, DYFED, SA33 4AA
COALBROOK SURGERY:gpPractise=COALBROOK SURGERY, COALBROOK ROAD, PONTYBEREM, CARMARTHENSHIRE, DYFED, SA15 5HU
COED Y GLYN SURGERY:gpPractise=COED Y GLYN SURGERY, CHURCH STREET, LLANGEFNI, YNYS MON, LL77 7DU
CORWEN HEALTH CENTRE:gpPractise=CORWEN HEALTH CENTRE, GREEN LANE, CORWEN, DENBIGHSHIRE, LL21 0DN
CORWEN HOUSE:gpPractise=CORWEN HOUSE, MARKET PLACE, PENYGROES, GWYNEDD, LL54 6NN
COURT HOUSE MEDICAL CENTRE:gpPractise=COURT HOUSE MEDICAL CENTRE, HEOL BRO WEN, CAERPHILLY, MID GLAMORGAN, CF83 3GH
COURT ROAD SURGERY:gpPractise=COURT ROAD SURGERY, 29 COURT ROAD, BARRY, VALE OF GLAMORGAN, SOUTH GLAMORGAN, CF63 4YD
COWBRIDGE & VALE MEDICAL PRACT:gpPractise=COWBRIDGE & VALE MEDICAL PRACT, COWBRIDGE HEALTH CENTRE, THE BROAD SHROAD, COWBRIDGE, VALE OF GLAMORGAN, CF71 7DA
CRAIG Y DON MEDICAL PRACTICE:gpPractise=CRAIG Y DON MEDICAL PRACTICE, CLARENCE ROAD, CRAIG Y DON, LLANDUDNO, CONWY, LL30 1TA
CRANE MEDICAL CENTRE:gpPractise=CRANE MEDICAL CENTRE, CRANE STREET, CEFN MAWR, WREXHAM, CLWYD, LL14 3AB
CRWYS MEDICAL CENTRE:gpPractise=CRWYS MEDICAL CENTRE, WEDAL ROAD, HEATH, CARDIFF, SOUTH GLAMORGAN, CF14 3QX
CWM CALON:gpPractise=CWM CALON, THE BRIDGE CENTRE, FOUNDRY BRIDGE, ABERTILLERY, NP13 1BQ
CWM GARW PRACTICE:gpPractise=CWM GARW PRACTICE, VICTORIA STREET, PONTYCYMMER BRIDGEND, MID GLAMORGAN, CF32 8NN
CWM GWYRDD MEDICAL CENTRE:gpPractise=CWM GWYRDD MEDICAL CENTRE, HIGH STREET, GILFACH GOCH, RHONDDA CYNON TAF, MID GLAMORGAN, CF39 8SX
CWM HEALTH CENTRE:gpPractise=CWM HEALTH CENTRE, CANNING STREET, CWM, EBBW VALE, GWENT, NP23 7RW
CWMAMAN SURGERY:gpPractise=CWMAMAN SURGERY, 6-14 GLANAMAN ROAD, CWMAMAN,  ABERDARE, MID GLAMORGAN, CF44 6HY
CWMAVON HEALTH CENTRE:gpPractise=CWMAVON HEALTH CENTRE, PENLLYN CWMAVON, PORT TALBOT, WEST GLAMORGAN, SA12 9PY
CWMBRAN VILLAGE SURGERY:gpPractise=CWMBRAN VILLAGE SURGERY, VICTORIA STREET, CWMBRAN, GWENT, NP44 3JS
CWMFELIN MEDICAL CENTRE:gpPractise=CWMFELIN MEDICAL CENTRE, 298 CARMARTHEN ROAD, SWANSEA, WEST GLAMORGAN, SA1 1HW
CWMTAWE MEDICAL GROUP:gpPractise=CWMTAWE MEDICAL GROUP, 80 HIGH STREET, CLYDACH, SWANSEA, SA6 5LN
CYNCOED MEDICAL PRACTICE:gpPractise=CYNCOED MEDICAL PRACTICE, DARTINGTON DRIVE, PONTPRENAU, CARDIFF, SOUTH GLAMORGAN, CF23 8SQ
DANESCOURT SURGERY:gpPractise=DANESCOURT SURGERY, 4 RACHEL CLOSE, DANESCOURT, CARDIFF, SOUTH GLAMORGAN, CF5 2SH
DE WINTON FIELD PRACTICE:gpPractise=DE WINTON FIELD PRACTICE, TONYPANDY, RHONDDA CYNON TAFF, MID GLAMORGAN, CF40 2LE
DEESIDE MEDICAL CENTRE:gpPractise=DEESIDE MEDICAL CENTRE, 17- 21 CHESTER ROAD EAST, SHOTTON, DEESIDE, FLINTSHIRE, CH5 1QA
DINAS POWYS MEDICAL CENTRE:gpPractise=DINAS POWYS MEDICAL CENTRE, MURCH ROAD, DINAS POWYS, VALE OF GLAMORGAN, CF64 4RE
DIXTON ROAD SURGERY:gpPractise=DIXTON ROAD SURGERY, DIXTON ROAD, MONMOUTH, GWENT, NP25 3PL
DR BENSUSAN & PARTNERS:gpPractise=DR BENSUSAN & PARTNERS, 118 RAVENHILL ROAD, FFORESTFACH, SWANSEA, SA5 5AA
DR POWELL & PARTNERS:gpPractise=DR POWELL & PARTNERS, 118 RAVENHILL ROAD, FFORESTFACH, SWANSEA, SA5 5AA
DR WILKES & PARTNERS:gpPractise=DR WILKES & PARTNERS, BRITON FERRY MEDICAL CENTRE, BRUNEL WAY, BRITON FERRY, SA11 2FP
DSN OFFICE OPD2:gpPractise=DSN OFFICE OPD2, COUNTY HOSPITAL, COED-Y-GRIC ROAD, PONTYPOOL , NP4 5YA
DULAIS VALLEY PRIM CARE CTRE:gpPractise=DULAIS VALLEY PRIM CARE CTRE, NANT Y CAFN BUSINESS PARK, SEVEN SISTERS, NEATH PORT TALBOT, SA10 9EY
EGLWYSBACH MEDICAL PRACTICE:gpPractise=EGLWYSBACH MEDICAL PRACTICE, BERW ROAD, PONTYPRIDD, MID GLAMORGAN, CF37 2AA
ELY BRIDGE SURGERY:gpPractise=ELY BRIDGE SURGERY, 23 MILL ROAD, ELY, CARDIFF, SOUTH GLAMORGAN, CF5 4AD
ERYLDON:gpPractise=ERYLDON, CAMPBELL ROAD, CAERNARFON, GWYNEDD, LL55 1HU
ESTUARY GROUP PRACTICE:gpPractise=ESTUARY GROUP PRACTICE, 22 MILL STREET, GOWERTON, SWANSEA, WEST GLAMORGAN, SA4 3ED
EYTON PLACE SURGERY:gpPractise=EYTON PLACE SURGERY, FLINT HEALTH & WELLBEING, CENTRE EARL STREET, FLINT, CH6 5ER
FAIRFIELD MEDICAL CENTRE:gpPractise=FAIRFIELD MEDICAL CENTRE, PORT TALBOT RESOURCE CENTRE, MOOR ROAD NEATH, PORT TALBOT, SA12 7BJ
FAIRFIELD SURGERY:gpPractise=FAIRFIELD SURGERY, 1 PARK CRESCENT, LLANELLI, CARMARTHENSHIRE, SA15 3AE
FAIRWATER HEALTH CENTRE:gpPractise=FAIRWATER HEALTH CENTRE, PLASMAWR ROAD, CARDIFF, SOUTH GLAMORGAN, CF5 3JT
FELINHELI &PORTHAETHWY SURGERY:gpPractise=FELINHELI &PORTHAETHWY SURGERY, ROWEN, Y FELINHELI, GWYNEDD, LL56 4RX
FISHGUARD HEALTH CENTRE:gpPractise=FISHGUARD HEALTH CENTRE, ROPEWALK, FISHGUARD, PEMBROKESHIRE, SA65 9BT
FOREST VIEW MEDICAL CENTRE:gpPractise=FOREST VIEW MEDICAL CENTRE, ABERGORKI INDUSTRIAL ESTATE, TREORCHY, RHONDDA, MID GLAMORGAN, CF42 6DL
FOUR ELMS MEDICAL CENTRE:gpPractise=FOUR ELMS MEDICAL CENTRE, STIRLING CLOSE, FFORDD PENGAM PENGAM GREEN, CARDIFF, CF24 2HB
FURNACE HOUSE SURGERY:gpPractise=FURNACE HOUSE SURGERY, ST. ANDREWS ROAD, CARMARTHEN, CARMARTHENSHIRE, SA31 1EX
GLAN RHYD SURGERY:gpPractise=GLAN RHYD SURGERY, RIVERSIDE, BEAUFORT, EBBW VALE, GWENT, NP23 5NT
GLAN YR AFON SURGERY:gpPractise=GLAN YR AFON SURGERY, SHOP ROW, TREDEGAR, GWENT, NP22 4LB
GLANFA:gpPractise=GLANFA, ORME ROAD, BANGOR, GWYNEDD, LL57 1AY
GLYN EBWY SURGERY:gpPractise=GLYN EBWY SURGERY, JAMES STREET, EBBW VALE, GWENT, NP23 6JG
GOWER MEDICAL PRACTICE:gpPractise=GOWER MEDICAL PRACTICE, MONKSLAND ROAD, SCURLAGE, REYNOLDSTON, SWANSEA, SA3 1AY
GP CENTRAL OOH SERVICE:gpPractise=GP CENTRAL OOH SERVICE, YSBYTY GLAN CLWYD, RHYL, DENBIGHSHIRE, LL18 5UJ
GRANGE MEDICAL PRACTICE:gpPractise=GRANGE MEDICAL PRACTICE, BISHOP STREET, GRANGETOWN, CARDIFF, CF11 6PG
GRANGETOWN HEALTH CENTRE:gpPractise=GRANGETOWN HEALTH CENTRE, CAMBRIDGE STREET, GRANGETOWN, CARDIFF, SOUTH GLAMORGAN, CF11 7DJ
GRAY HILL SURGERY:gpPractise=GRAY HILL SURGERY, WOODSTOCK WAY, CALDICOT, GWENT, NP26 5AB
GREENMOUNT SURGERY:gpPractise=GREENMOUNT SURGERY, 25 CHURCH ROAD, CAERAU, SOUTH GLAMORGAN, CF5 5LQ
GWENT HEALTHCARE TRUST:gpPractise=GWENT HEALTHCARE TRUST, VANTAGE POINT HOUSE, TY COCH INDUSTRIAL ESTATE, CWMBRAN, NP44 7XX
GWRYCH MEDICAL CENTRE:gpPractise=GWRYCH MEDICAL CENTRE, CAE EITHIN, ABERGELE, CONWY, LL22 8LJ
GWYNEDD LHB:gpPractise=GWYNEDD LHB, ERYLDON CAMPBELL ROAD, CAERNARFON, GWYNEDD, LL55 1HU
HARBOURSIDE HEALTH CENTRE:gpPractise=HARBOURSIDE HEALTH CENTRE, BEACON CENTRE FOR HEALTH, LANGDON ROAD, SWANSEA, SA1 8QY
HAVEN WAY DAY HOSPITAL:gpPractise=HAVEN WAY DAY HOSPITAL, FORT ROAD, PEMBROKE DOCK, PEMBROKESHIRE, SA72 6SY
HAYGARTH MEDICAL CENTRE:gpPractise=HAYGARTH MEDICAL CENTRE, HAY ROAD, TALGARTH BRECON, POWYS, LD3 OAW
HEALTH CENTRE, Dyfed:gpPractise=HEALTH CENTRE, DYFED ROAD, NEATH, WEST GLAMORGAN, SA11 3AW
HEALTHY PRESTATYN IACH:gpPractise=HEALTHY PRESTATYN IACH, TY NANT, NANT HALL ROAD, PRESTATYN, LL19 9LN
HEATHBRIDGE HOUSE:gpPractise=HEATHBRIDGE HOUSE, 1A PISGAH STREET, KENFIG HILL BRIDGEND, MID GLAMORGAN, CF33 6BY
HEREFORD ROAD SURGERY:gpPractise=HEREFORD ROAD SURGERY, 6 HEREFORD ROAD, ABERGAVENNY, GWENT, NP7 5PR
HIGHLIGHT PARK MED PRACTICE:gpPractise=HIGHLIGHT PARK MED PRACTICE, LAKIN DRIVE HIGHLIGHT PARK, BARRY, VALE OF GLAMORGAN, SOUTH GLAMORGAN, CF62 8GP
HILLCREST MEDICAL CENTRE:gpPractise=HILLCREST MEDICAL CENTRE, 86 HOLT ROAD, WREXHAM, CLWYD, LL13 8RG
HIRWAUN MEDICAL CENTRE:gpPractise=HIRWAUN MEDICAL CENTRE, HIGH STREET, HIRWAUN, ABERDARE, MID GLAMORGAN, CF44 9SL
HOPE FAMILY MED CENTRE:gpPractise=HOPE FAMILY MED CENTRE, HAWARDEN ROAD, HOPE, WREXHAM, CLWYD, LL12 9NL
HWB IECHYD CYBI:gpPractise=HWB IECHYD CYBI, UCHELDRE AVENUE, HOLYHEAD, YNYS MON, LL65 1RA
Hwb Iechyd Eifionydd:gpPractise=Hwb Iechyd Eifionydd, CRICCIETH, GWYNEDD,  LL52 0RR
HYWEL DDA HEALTH BOARD:gpPractise=HYWEL DDA HEALTH BOARD, HAFAN DERWEN, ST DAVIDS PARC, JOBSWELL ROAD, CARMARTHEN, SA31 3BB
IECHYD BRO DDYFI-DYFI VALLEY:gpPractise=IECHYD BRO DDYFI-DYFI VALLEY, MACHYNLLETH HEALTH CENTRE, FORGE ROAD, POWYS, SY20 8EQ
ISCA MEDICAL CENTRE:gpPractise=ISCA MEDICAL CENTRE, CADOC HOUSE HIGH STREET, CAERLEON, GWENT, NP18 1AZ
KALEIDISCOPE:gpPractise=KALEIDISCOPE, SEVERN HOUSE, SEVERN SQUARE, NEWTOWN POWYS, SY16 2AG
KALEIDOSCOPE COMM PRESCRIBING:gpPractise=KALEIDOSCOPE COMM PRESCRIBING, THE LIGHTHOUSE GEORGE STREET, PONTYPOOL, GWENT      , NP4 6LR 
KALEIDOSCOPE THE MANSE:gpPractise=KALEIDOSCOPE THE MANSE, 47 COMMERCIAL STREET, YSTRADGYNLAIS, POWYS, SA9 1JH
KALEIDOSCOPE, Harlech:gpPractise=KALEIDOSCOPE, HARLECH COURT, BUTE TERRACE,  CARDIFF, CF10 2FE
KALEIDOSCOPE, St:gpPractise=KALEIDOSCOPE, ST DAVID'S UNITING CHURCH, GELLIWASTAD ROAD, PONTYPRIDD, CF37 2BN
KINGS HOUSE SURGERY:gpPractise=KINGS HOUSE SURGERY, KINGS AVENUE, RHYL, DENBIGHSHIRE, LL18 1LT
KINGS ROAD SURGERY:gpPractise=KINGS ROAD SURGERY, 2/4 KINGS ROAD, MUMBLES SWANSEA, WEST GLAMORGAN, SA3 4AJ
KINGS SURGERY:gpPractise=KINGS SURGERY, PORT TALBOT RESOURCE CENTRE, MOOR ROAD NEATH, PORT TALBOT, SA12 7BJ
KINGSWAY SURGERY:gpPractise=KINGSWAY SURGERY, 37 THE KINGSWAY, SWANSEA, WEST GLAMORGAN, SA1 5LF
KINMEL BAY MEDICAL CENTRE:gpPractise=KINMEL BAY MEDICAL CENTRE, THE SQUARE, KINMEL BAY RHYL, DENBIGHSHIRE, LL18 5AU
KNOX ROAD:gpPractise=KNOX ROAD, CARDIFF,  , CF24 0UG
LAKESIDE MEDICAL CENTRE:gpPractise=LAKESIDE MEDICAL CENTRE, 203 WELLINGTON ROAD, RHYL, DENBIGHSHIRE, LL18 1LR
LANSBURY SURGERY:gpPractise=LANSBURY SURGERY, WEDGEWOOD COURT, LANSBURY PARK, CAERPHILLY, MID GLAMORGAN, CF83 1RB
LEESWOOD SURGERY:gpPractise=LEESWOOD SURGERY, QUEEN STREET, LEESWOOD MOLD, FLINTSHIRE, CH7 4RQ
LIVERPOOL HOUSE:gpPractise=LIVERPOOL HOUSE, WAUNFAWR, CAERNARFON, GWYNEDD, LL55 4YY
LLAN HEALTH CENTRE:gpPractise=LLAN HEALTH CENTRE, MAELFA LLANEDEYRN, CARDIFF, SOUTH GLAMORGAN, CF23 9PN
LLANDAFF NORTH MED CENTRE:gpPractise=LLANDAFF NORTH MED CENTRE, 99 STATION ROAD, LLANDAFF NORTH, CARDIFF, SOUTH GLAMORGAN, CF14 2FD
LLANDAFF SURGERY:gpPractise=LLANDAFF SURGERY, 19A HIGH STREET, LLANDAFF, CARDIFF, SOUTH GLAMORGAN, CF5 2DY
LLANDRINDOD WELLS CLINIC:gpPractise=LLANDRINDOD WELLS CLINIC, GWALIA ANNEX, ITHON ROAD,, LLANDRINDOD WELLS, POWYS, LD1 6AS
LLANDRINDOD WELLS MEDICAL CENT:gpPractise=LLANDRINDOD WELLS MEDICAL CENT, SPA ROAD EAST, LLANDRINDOD WELLS, POWYS, LD1 5ES
LLANFAIR SURGERY:gpPractise=LLANFAIR SURGERY, LLANFAIR ROAD, LLANDOVERY, CARMARTHENSHIRE, DYFED, SA20 0HY
LLANFYLLIN GROUP PRACTICE:gpPractise=LLANFYLLIN GROUP PRACTICE, HIGH STREET, LLANFYLLIN, POWYS, SY22 5DG
LLANGENNECH SURGERY:gpPractise=LLANGENNECH SURGERY, PARK LANE, LLANGENNECH, LLANELLI, CARMARTHENSHIRE, SA14 8TU
LLANIDLOES PHARMACY:gpPractise=LLANIDLOES PHARMACY, 51 LONGBRIDGE STREET, LLANIDLOES, POWYS, SY18 6EF
LLANILAR HEALTH CENTRE:gpPractise=LLANILAR HEALTH CENTRE, LLANILAR, ABERYSTWYTH, CEREDIGION, DYFED, SY23 4PA
LLANISHEN COURT SURGERY:gpPractise=LLANISHEN COURT SURGERY, LLANISHEN, CARDIFF, SOUTH GLAMORGAN, CF14 5YU
LLANTWIT MAJOR & COASTAL VALE:gpPractise=LLANTWIT MAJOR & COASTAL VALE, MEDICAL PRACTICE STATION ROAD, LLANTWIT MAJOR, VALE OF GLAMMORGAN, SOUTH GLAMORGAN, CF61 1ST
LLANYRAVON SURGERY:gpPractise=LLANYRAVON SURGERY, LLANYRAVON WAY, CWMBRAN, GWENT, NP44 8HW
LLISWERRY MEDICAL CENTRE:gpPractise=LLISWERRY MEDICAL CENTRE, FALLOWFIELD DRIVE, LLISWERRY, NEWPORT, GWENT, NP19 4TD
LLWYN BRWYDRAU SURGERY:gpPractise=LLWYN BRWYDRAU SURGERY, 3 FREDERICK PLACE, LLANSAMLET, SWANSEA, SA7 9RY
LLWYNHENDY HEALTH CENTRE:gpPractise=LLWYNHENDY HEALTH CENTRE, LLWYNHENDY ROAD, LLWYNHENDY, DYFED, SA14 9BN
LLYNFI SURGERY:gpPractise=LLYNFI SURGERY, LLYNFI ROAD, MAESTEG BRIDGEND, MID GLAMORGAN, CF34 9DT
LLYNYFRAN SURGERY:gpPractise=LLYNYFRAN SURGERY, LLYNYFRAN ROAD, LLANDYSUL, CEREDIGION, DYFED, SA44 4JX
LLYS MEDDYG, 23:gpPractise=LLYS MEDDYG, 23 CASTLE STREET, CONWY, CLWYD, LL32 8AY
LLYS MEDDYG, VICTORIA:gpPractise=LLYS MEDDYG, VICTORIA ROAD, PENYGROES, GWYNEDD, LL54 6HD
LOCAL ENHANCED SERVICE:gpPractise=LOCAL ENHANCED SERVICE, 139 LOWER DOCK STREET, NEWPORT, GWENT      , NP20 1EE
LONGFORD HOUSE SURGERY:gpPractise=LONGFORD HOUSE SURGERY, LONGFORD ROAD, HOLYHEAD, YNYS MON, LL65 1TR
MADRYN HOUSE SURGERY:gpPractise=MADRYN HOUSE SURGERY, 6 MADRYN AVENUE, RHYL, DENBIGHSHIRE, LL18 4RS
MAENDY PLACE SURGERY:gpPractise=MAENDY PLACE SURGERY, 1 MAENDY PLACE, WEATHERALL STREET, ABERDARE, CF44 7AY
MAESYCOED:gpPractise=MAESYCOED, GLANDWR PARK, BUILTH WELLS, POWYS, LD2 3DZ
MALPAS BROOK HEALTH CENTRE:gpPractise=MALPAS BROOK HEALTH CENTRE, 107 MALPAS ROAD, NEWPORT, GWENT, NP20 5PJ
MANSELTON SURGERY:gpPractise=MANSELTON SURGERY, ELGIN STREET, MANSELTON, SWANSEA, SA5 8QE
MARCHES MEDICAL PRACTICE:gpPractise=MARCHES MEDICAL PRACTICE, 83 MAIN ROAD, BROUGHTON, NR. CHESTER, FLINTSHIRE, CH4 0NR
MARGARET STREET PRACTICE:gpPractise=MARGARET STREET PRACTICE, MARGARET STREET, AMMANFORD, CARMARTHENSHIRE, DYFED, SA18 2PJ
MARKET STREET PRACTICE:gpPractise=MARKET STREET PRACTICE, TONYFELIN MEDICAL CENTRE, TONYFELIN SURGERY BEDWAS ROAD, CAERPHILLY, CF83 1XP
MARKHAM MEDICAL CENTRE:gpPractise=MARKHAM MEDICAL CENTRE, JAMES STREET, MARKHAM ,BLACKWOOD, GWENT, NP12 0QN
MEDDYG CARE LONFA:gpPractise=MEDDYG CARE LONFA, GLYN-Y-MARL ROAD, LLANDUDNO JUNCTION, CONWY, LL31 9NS
MEDDYGFA ALBANY SURGERY:gpPractise=MEDDYGFA ALBANY SURGERY, 219-221 CITY ROAD, ROATH, CARDIFF, SOUTH GLAMORGAN, CF24 3JD
MEDDYGFA CANNA SURGERY:gpPractise=MEDDYGFA CANNA SURGERY, 27 WYNDHAM CRESCENT, CANTON, CARDIFF, SOUTH GLAMORGAN, CF11 9EE
MEDDYGFA CWM RHYMNI PRACTICE:gpPractise=MEDDYGFA CWM RHYMNI PRACTICE, R.I.H.S.C.C, UNIT 22 LAWN INDUSTRIAL ESTATE, RHYMNEY, NP22 5PW
MEDDYGFA EMLYN:gpPractise=MEDDYGFA EMLYN, ADPAR, NEWCASTLE EMLYN, CEREDIGION, DYFED, SA38 9NS
MEDDYGFA GELLIGAER SURGERY:gpPractise=MEDDYGFA GELLIGAER SURGERY, HEOL HEN YSGOL, GELLIGAER, MID GLAMORGAN, CF82 8FQ
MEDDYGFA GERAFON:gpPractise=MEDDYGFA GERAFON, MIN YR AFON, BENNLLECH, ANGLESEY, LL74 8TF
MEDDYGFA GLAN CYNON SURGERY:gpPractise=MEDDYGFA GLAN CYNON SURGERY, 55 OXFORD STREET, MOUNTAIN ASH, MID GLAMORGAN, CF45 3HD
MEDDYGFA GWYDIR:gpPractise=MEDDYGFA GWYDIR, SCHOOL BANK ROAD, LLANRWST, CONWY, LL26 0AR
MEDDYGFA GYFFIN:gpPractise=MEDDYGFA GYFFIN, WOODLANDS, GYFFIN, CONWY, LL32 8LT
MEDDYGFA HAFAN IECHYD:gpPractise=MEDDYGFA HAFAN IECHYD, DOC FICTORIA BALACLAFA ROAD, CAERNARFON, GWYNEDD, LL55 1TH
MEDDYGFA LANSDOWNE SURGERY:gpPractise=MEDDYGFA LANSDOWNE SURGERY, SANATORIUM ROAD, CANTON, CARDIFF, SOUTH GLAMORGAN, CF11 8DG
MEDDYGFA MINAFON:gpPractise=MEDDYGFA MINAFON, KIDWELLY, CARMARTHENSHIRE, DYFED, SA17 4UL
MEDDYGFA PADARN SURGERY:gpPractise=MEDDYGFA PADARN SURGERY, PENGLAIS ROAD, ABERYSTWYTH, CEREDIGION, SY23 3DU
MEDDYGFA PENYGROES:gpPractise=MEDDYGFA PENYGROES, BRIDGE STREET, PENYGROES, LLANELLI, CARMARTHENSHIRE, SA14 7RP
MEDDYGFA RHYDBACH:gpPractise=MEDDYGFA RHYDBACH, BOTWNNOG, PWLLHELI, GWYNEDD, LL53 8RE
MEDDYGFA STAR SURGERY:gpPractise=MEDDYGFA STAR SURGERY, STAR, GAERWEN, YNYS MON, LL60 6AH
MEDDYGFA TAF:gpPractise=MEDDYGFA TAF, NORTH ROAD, WHITLAND, CARMARTHENSHIRE, DYFED, SA34 0AJ
MEDDYGFA TEILO:gpPractise=MEDDYGFA TEILO, CRESCENT ROAD, LLANDEILO, CARMARTHENSHIRE, SA19 6HN
MEDDYGFA TYWI:gpPractise=MEDDYGFA TYWI, STATION ROAD, NANTGAREDIG, CARMARTHENSHIRE, DYFED, SA32 7LG
MEDDYGFA TYWYN BACH:gpPractise=MEDDYGFA TYWYN BACH, PARCYMINOS STREET, BURRY PORT, CARMARTHENSHIRE, SA16 0BN
MEDDYGFA VICTORIA SURGERY:gpPractise=MEDDYGFA VICTORIA SURGERY, VICTORIA ROAD, HOLYHEAD, ANGLESEY, LL65 1UD
MEDDYGFA, CANOLFAN:gpPractise=MEDDYGFA, CANOLFAN IECHYD, BALA, GWYNEDD, LL23 7BA
MEDDYGFA, FFORDD:gpPractise=MEDDYGFA, FFORDD GETHIN PENTRE DU, BETWS Y COED, ABERCONWY, LL24 0BP
MEDDYGFA'R LLAN:gpPractise=MEDDYGFA'R LLAN, PORTLAND STREET, ABERYSTWYTH, CEREDIGION, DYFED, SY23 2DX
MEDDYGFA'R SARN:gpPractise=MEDDYGFA'R SARN, 12 HEOL Y MEINCIAU, PONTYATES, LLANELLI, CARMARTHENSHIRE, SA15 5TR
MEDDYGFA'R TYMBL:gpPractise=MEDDYGFA'R TYMBL, 6 HEOL Y BRYN, UPPER TYMBLE, LLANELLI, CARMARTHENSHIRE, SA14 6DP
MIDDLE LANE SURGERY:gpPractise=MIDDLE LANE SURGERY, MIDDLE LANE, DENBIGH, DENBIGHSHIRE, LL16 3UW
MINFOR SURGERY:gpPractise=MINFOR SURGERY, PARK ROAD, BARMOUTH, GWYNEDD, LL42 1PL
MONTGOMERY MEDICAL PRACTICE:gpPractise=MONTGOMERY MEDICAL PRACTICE, WELL STREET, MONTGOMERY, POWYS, SY15 6PF
MORFA LANE SURGERY:gpPractise=MORFA LANE SURGERY, CARMARTHEN, CARMARTHENSHIRE, DYFED, SA31 3AX
MORLAIS MEDICAL PRACTICE:gpPractise=MORLAIS MEDICAL PRACTICE, TY MORLAIS BERRY SQUARE, DOWLAIS, MERTHYR TYDFIL, MID GLAMORGAN, CF48 3AL
MOSTYN HOUSE MEDICAL PRACTICE:gpPractise=MOSTYN HOUSE MEDICAL PRACTICE, MOSTYN BROADWAY, LLANDUDNO, CONWY, LL30 1YL
MOUNT PLEASANT PRACTICE:gpPractise=MOUNT PLEASANT PRACTICE, CHEPSTOW COMMUNITY HOSPITAL, TEMPEST WAY, CHEPSTOW, GWENT, NP16 5XR
MOUNT SURGERY, Margam:gpPractise=MOUNT SURGERY, MARGAM ROAD, NEATH PORT TALBOT, WEST GLAMORGAN, SA13 2BN
MOUNTAIN VIEW HEALTH CENTRE:gpPractise=MOUNTAIN VIEW HEALTH CENTRE, 51 MAYHILL ROAD, MAYHILL, SWANSEA, WEST GLAMORGAN, SA1 6TD
NANT DOWLAIS HEALTH CENTRE:gpPractise=NANT DOWLAIS HEALTH CENTRE, FAIRWATER SQUARE, FAIRWATER, CWMBRAN, GWENT, NP44 4TA
NANTGARW ROAD MEDICAL CENTRE:gpPractise=NANTGARW ROAD MEDICAL CENTRE, 4 BEDDAU WAY, CAERPHILLY, MID GLAMORGAN, CF83 2AX
NANTYMOEL SURGERY:gpPractise=NANTYMOEL SURGERY, OGWY STREET, NANTYMOEL BRIDGEND, MID GLAMORGAN, CF32 7NA
NARBERTH SURGERY:gpPractise=NARBERTH SURGERY, NORTHFIELD ROAD, NARBERTH, PEMBROKESHIRE, DYFED, SA67 7AA
NELSON SURGERY:gpPractise=NELSON SURGERY, BRYNCELYN, NELSON, MID GLAMORGAN, CF46 6HL
NEW CHAPEL STREET SURGERY:gpPractise=NEW CHAPEL STREET SURGERY, HAROLD STREET, PONTNEWYDD, CWMBRAN, GWENT, NP44 1DU
NEW QUAY SURGERY:gpPractise=NEW QUAY SURGERY, CHURCH ROAD, NEW QUAY, CEREDIGION, DYFED, SA45 9PB
NEW STREET SURGERY:gpPractise=NEW STREET SURGERY, 3 NEW STREET, ABERKENFIG BRIDGEND, MID GLAMORGAN, CF32 9BL
NEW TYNEWYDD SURGERY:gpPractise=NEW TYNEWYDD SURGERY, WILLIAM STREET, TYNEWYDD,  TREHERBERT, MID GLAMORGAN, CF42 5LW
NEWPARK SURGERY:gpPractise=NEWPARK SURGERY, HEOL Y GYFFRAITH, TALBOT GREEN, LLANTRISANT, MID GLAMORGAN, CF72 8AJ
NEWPORT SURGERY:gpPractise=NEWPORT SURGERY, LONG STREET, NEWPORT, PEMBROKESHIRE, DYFED, SA42 0TJ
NEWTOWN MEDICAL CENTRE:gpPractise=NEWTOWN MEDICAL CENTRE, PARK STREET, NEWTOWN, POWYS, SY16 1EF
NEYLAND SURGERY:gpPractise=NEYLAND SURGERY, ST CLEMENTS ROAD, NEYLAND, MILFORD HAVEN, SA73 1SH
NICHOLL STREET  MEDICAL CENTRE:gpPractise=NICHOLL STREET  MEDICAL CENTRE, 33 NICHOLL STREET, SWANSEA, WEST GLAMORGAN, SA1 4HF
NORTH CARDIFF MEDICAL CENTRE:gpPractise=NORTH CARDIFF MEDICAL CENTRE, EXCALIBUR DRIVE, THORNHILL, CARDIFF, SOUTH GLAMORGAN, CF14 9BB
NORTH CELYNEN PRACTICE:gpPractise=NORTH CELYNEN PRACTICE, CROWN STREET, CRUMLIN, GWENT, NP11 4PQ
NORTH ROAD MEDICAL PRACTICE:gpPractise=NORTH ROAD MEDICAL PRACTICE, 182 NORTH ROAD, GABALFA, CARDIFF, SOUTH GLAMORGAN, CF14 3XQ
NORTH WALES GP 00H SERVICE:gpPractise=NORTH WALES GP 00H SERVICE, YSBYTY GWYNEDD, PENRHOSGARNEDD, BANGOR  GWYNEDD, LL57 2PW
NPT Community Resource Team:gpPractise=NPT Community Resource Team, Acute Clinical Team, Cimla Hospital, Cimla, NEATH, SA11 3SU
OAK STREET SURGERY:gpPractise=OAK STREET SURGERY, OAK STREET, CWMBRAN, GWENT, NP44 3LT
OAK TREE SURGERY:gpPractise=OAK TREE SURGERY, WHITETHORN DRIVE, BRACKLA BRIDGEND, MID GLAMORGAN, CF31 2PQ
OAKFIELD SURGERY:gpPractise=OAKFIELD SURGERY, OAKFIELD STREET, YSTRAD MYNACH HENGOED, MID GLAMORGAN, CF82 7WX
OAKLANDS SURGERY:gpPractise=OAKLANDS SURGERY, OAKLAND STREET, BEDLINOG, TREHARRIS, MID GLAMORGAN, CF46 6TE
OGMORE VALE SURGERY:gpPractise=OGMORE VALE SURGERY, COMMERCIAL STREET, OGMORE VALE, BRIDGEND, CF32 7BL
OLD SCHOOL SURGERY:gpPractise=OLD SCHOOL SURGERY, SCHOOL STREET, PONTYCLUN, MID GLAMORGAN, CF72 9AA
OLD STATION SURGERY:gpPractise=OLD STATION SURGERY, BRECON ROAD, ABERGAVENNY, GWENT, NP7 5UH
OVERTON MEDICAL PRACTICE:gpPractise=OVERTON MEDICAL PRACTICE, 15 HIGH STREET, OVERTON ON DEE, WREXHAM, LL13 0ED
PANTEG HEALTH CENTRE:gpPractise=PANTEG HEALTH CENTRE, KEMYS STREET, GRIFFITHSTOWN, PONTYPOOL, GWENT, NP4 5DJ
PANTON SURGERY:gpPractise=PANTON SURGERY, HALKYN ROAD, HOLYWELL, FLINTSHIRE, CH8 7TZ
PARC CANOL SURGERY:gpPractise=PARC CANOL SURGERY, CENTRAL PARK, CHURCH VILLAGE, PONTYPRIDD, MID GLAMORGAN, CF38 1RJ
PARC GLAS:gpPractise=PARC GLAS, BODORGAN, YNYS MON,  LL62 5NL
PARK HOUSE SURGERY:gpPractise=PARK HOUSE SURGERY, 26 NANT HALL ROAD, PRESTATYN, DENBIGHSHIRE, LL19 9LN
PARK LANE SURGERY:gpPractise=PARK LANE SURGERY, MILL STREET, TONYREFAIL, MID GLAMORGAN, CF39 8AG
PARK SURGERY, 375:gpPractise=PARK SURGERY, 375 CHEPSTOW ROAD, NEWPORT, GWENT, NP19 8XR
PEN Y BONT SURGERY:gpPractise=PEN Y BONT SURGERY, THE ROE, ST ASAPH, DENBIGHSHIRE, LL17 0LU
PEN Y MAES HEALTH CENTRE:gpPractise=PEN Y MAES HEALTH CENTRE, BEECH STREET, SUMMERHILL, WREXHAM, CLWYD, LL11 4UF
PEN-Y-CAE SURGERY:gpPractise=PEN-Y-CAE SURGERY, THE HEALTH CENTRE, BRIDGE STREET, EBBW VALE, GWENT, NP23 6EY
PENARTH HEALTHCARE PARTNERSHIP:gpPractise=PENARTH HEALTHCARE PARTNERSHIP, STANWELL ROAD, PENARTH, VALE OF GLAMORGAN, SOUTH GLAMORGAN, CF64 3XE
PENDRE SURGERY:gpPractise=PENDRE SURGERY, COLESHILL STREET, HOLYWELL, FLINTSHIRE, CLWYD, CH8 7RS
PENGAM HEALTH CENTRE:gpPractise=PENGAM HEALTH CENTRE, GLAN YR AFON LANE, FLEUR DE LIS, BLACKWOOD, GWENT, NP12 3WA
PENGOROF SURGERY:gpPractise=PENGOROF SURGERY, GOROF ROAD, YSTRADGYNLAIS, POWYS, SA9 1DS
PENNANT SURGERY:gpPractise=PENNANT SURGERY, OFF HIGH STREET, HOLYWELL, FLINTSHIRE, CH8 7TR
PENRHIWCEIBER MEDICAL CENTRE:gpPractise=PENRHIWCEIBER MEDICAL CENTRE, PENRHIWCEIBER ROAD, MOUNTAIN ASH, RHONDDA CYNON TAF, MID GLAMORGAN, CF45 3SQ
PENYGRAIG SURGERY:gpPractise=PENYGRAIG SURGERY, GEORGE STREET, PENYGRAIG, PORTH, RHONDDA, MID GLAMORGAN, CF40 1QN
PLAS MEDDYG:gpPractise=PLAS MEDDYG, STATION ROAD, RUTHIN, DENBIGHSHIRE, LL15 1BP
PLAS MENAI SURGERY:gpPractise=PLAS MENAI SURGERY, PENMAENMAWR ROAD, LLANFAIRFECHAN, CONWY, LL33 0PE
PLAS Y BRYN MEDICAL CENTRE:gpPractise=PLAS Y BRYN MEDICAL CENTRE, CHAPEL STREET, WREXHAM, CLWYD, LL13 7DE
PONT NEWYDD MEDICAL CENTRE:gpPractise=PONT NEWYDD MEDICAL CENTRE, ABERRHONDDA ROAD, PORTH, RHONDDA CYNON TAF, MID GLAMORGAN, CF39 0LD
PONTARDAWE PRIMARY CARE CENTRE:gpPractise=PONTARDAWE PRIMARY CARE CENTRE, TAWE TERRACE, PONTARDAWE, SWANSEA, WEST GLAMORGAN, SA8 4JU
PONTCAE MEDICAL PRACTICE:gpPractise=PONTCAE MEDICAL PRACTICE, DYNEVOR STREET, GEORGETOWN, MERTHYR TYDFIL, MID GLAMORGAN, CF48 1YE
PONTLLANFRAITH HEALTH CENTRE:gpPractise=PONTLLANFRAITH HEALTH CENTRE, BLACKWOOD ROAD, PONTLLANFRAITH, BLACKWOOD, GWENT, NP12 2YU
PORTHCAWL MEDICAL CENTRE:gpPractise=PORTHCAWL MEDICAL CENTRE, CLOS Y MAMETZ, PORTHCAWL BRIDGEND, MID GLAMORGAN, CF36 5DJ
PORTHMADOG HEALTH CENTRE:gpPractise=PORTHMADOG HEALTH CENTRE, PORTHMADOG, GWYNEDD,  LL49 9NU
Powys Teaching Health Board:gpPractise=Powys Teaching Health Board, Bronllys Hospital, Bronllys, BRECON, LD3 0LU
PRACTICE 1:gpPractise=PRACTICE 1, KEIR HARDIE HEALTH PARK, ABERDARE ROAD, MERTHYR TYDFIL, CF48 1BZ
PRACTICE 2:gpPractise=PRACTICE 2, KEIR HARDIE HEALTH PARK, ABERDARE ROAD, MERTHYR TYDFIL, CF48 1BZ
PRACTICE 3:gpPractise=PRACTICE 3, KEIR HARDIE HEALTH PARK, ABERDARE ROAD, MERTHYR TYDFIL, CF48 1BZ
PRESTEIGNE MEDICAL PRACTICE:gpPractise=PRESTEIGNE MEDICAL PRACTICE, LUGG VIEW, PRESTEIGNE, POWYS, LD8 2RJ
PRIMARY CARE SMP:gpPractise=PRIMARY CARE SMP, THE ELMS, RHOSDDU ROAD, WREXHAM, LL11 1EB
PRINCESS STREET SURGERY:gpPractise=PRINCESS STREET SURGERY, PRINCESS STREET, GORSEINON, SWANSEA, WEST GLAMORGAN, SA4 4US
QUEENSFERRY MEDICAL PRACTICE:gpPractise=QUEENSFERRY MEDICAL PRACTICE, PIERCE STREET, QUEENSFERRY, FLINTSHIRE, CH5 1SY
RADYR MEDICAL CENTRE:gpPractise=RADYR MEDICAL CENTRE, RECTORY CLOSE, RADYR, CARDIFF, SOUTH GLAMORGAN, CF15 8DZ
REDLANDS SURGERY:gpPractise=REDLANDS SURGERY, REDLANDS ROAD, PENARTH, VALE OF GLAMORGAN, SOUTH GLAMORGAN, CF64 3WX
RHAYADER GROUP PRACTICE:gpPractise=RHAYADER GROUP PRACTICE, CAE HERBERT LANE, RHAYADER, POWYS, LD6  5ED
RHOSLAN SURGERY:gpPractise=RHOSLAN SURGERY, WEST END MEDICAL CENTRE, CONWAY ROAD, COLWYN BAY, LL29 7DA
RICHMOND CLINIC:gpPractise=RICHMOND CLINIC, 172 CAERLEON ROAD, NEWPORT, GWENT, NP19 7FY
RINGLAND MEDICAL PRACTICE:gpPractise=RINGLAND MEDICAL PRACTICE, RINGLAND CIRCLE, NEWPORT, GWENT, NP19 9PS
RISCA SURGERY:gpPractise=RISCA SURGERY, CHURCH HOUSE FIELD, ST.MARY STREET RISCA, GWENT, NP11 6YS
RIVERSDALE HOUSE:gpPractise=RIVERSDALE HOUSE, MERTHYRMAWR ROAD, BRIDGEND, MID GLAMORGAN, CF31 3NL
RIVERSIDE HEALTH CENTRE:gpPractise=RIVERSIDE HEALTH CENTRE, CANTON COURT WELLINGTON ST, CARDIFF, SOUTH GLAMORGAN, CF11 9SH
RIVERSIDE SURGERY:gpPractise=RIVERSIDE SURGERY, PORT TALBOT RESOURCE CENTRE, MOOR ROAD, NEATH PORT TALBOT, WEST GLAMORGAN, SA12 7BJ
ROATH HOUSE SURGERY:gpPractise=ROATH HOUSE SURGERY, 100 PENYLAN ROAD, PENYLAN, CARDIFF, SOUTH GLAMORGAN, CF23 5RH
ROATHWELL SURGERY:gpPractise=ROATHWELL SURGERY, 116 NEWPORT ROAD, ROATH, CARDIFF, SOUTH GLAMORGAN, CF24 1YT
ROSEDALE MEDICAL PRACTICE:gpPractise=ROSEDALE MEDICAL PRACTICE, PORT TALBOT RESOURCE CENTRE, MOOR ROAD, PORT TALBOT, SA12 7BJ
ROSENEATH MEDICAL PRACTICE:gpPractise=ROSENEATH MEDICAL PRACTICE, BUCKLEY MEDICAL CENTRE, ALLTAMI ROAD, BUCKLEY, FLINTSHIRE, CH7 3PG
RUMNEY PRIMARY CARE CENTRE:gpPractise=RUMNEY PRIMARY CARE CENTRE, BARMOUTH ROAD, RUMNEY, CARDIFF, CF3 3LG
RURAL SOUTH CLINIC:gpPractise=RURAL SOUTH CLINIC, CANOLFAN CRWST, FFORDD TAN-YR-YSGOL LLANRWST, CONWY, LL26 0AR
RYSSELDENE SURGERY:gpPractise=RYSSELDENE SURGERY, WEST END MEDICAL CENTRE, CONWAY ROAD, COLWYN BAY, LL29 7LS
SAINT ANDREWS SURGERY:gpPractise=SAINT ANDREWS SURGERY, 1 DE WINTON STREET, TONYPANDY, RHONDDA, MID GLAMORGAN, CF40 2QZ
SAINT THOMAS SURGERY:gpPractise=SAINT THOMAS SURGERY, RIFLEMAN LANE, SAINT THOMAS GREEN, HAVERFORDWEST,  PEMBROKESHIRE, SA61 1QX
SALTMEAD MEDICAL CENTRE:gpPractise=SALTMEAD MEDICAL CENTRE, 107 CLARE ROAD, GRANGETOWN, CARDIFF, SOUTH GLAMORGAN, CF11 6QQ
SAUNDERSFOOT MEDICAL CENTRE:gpPractise=SAUNDERSFOOT MEDICAL CENTRE, WESTFIELD ROAD, SAUNDERSFOOT, PEMBROKESHIRE, DYFED, SA69 9JW
SHOTTON LANE SURGERY:gpPractise=SHOTTON LANE SURGERY, 38 SHOTTON LANE, SHOTTON, DEESIDE, FLINTSHIRE, CH5 1QT
SKETTY & KILLAY MEDICAL CENTRE:gpPractise=SKETTY & KILLAY MEDICAL CENTRE, DE LA BECHE ROAD, SKETTY, SWANSEA, WEST GLAMORGAN, SA2 9EA
SKEWEN MEDICAL CENTRE:gpPractise=SKEWEN MEDICAL CENTRE, QUEENS ROAD, SKEWEN  NEATH PORT TALBOT, WEST GLAMORGAN, SA10 6UH
SMS ANGLESEY:gpPractise=SMS ANGLESEY, ISCRAIG CLINIC, LON NEWYDD, LLANGEFNI, YNYS MON, LL77 7PS
SMS GWYNEDD:gpPractise=SMS GWYNEDD, BRO CASTELL, SEGONTIUM TERRACE, CAERNARFON, GWYNEDD, LL55 2PH
SOLVA SURGERY:gpPractise=SOLVA SURGERY, CYSGOD YR EGLWYS, SOLVA, HAVERFORDWEST, PEMBROKESHIRE, SA62 6TW
SOUTH STREET SURGERY:gpPractise=SOUTH STREET SURGERY, SOUTH STREET, BARGOED, MID GLAMORGAN, CF81 8ST
ST DAVID'S CLINIC:gpPractise=ST DAVID'S CLINIC, BELLEVUE TERRACE, NEWPORT, GWENT, NP20 2LB
ST GEORGE'S CRESCENT SURGERY:gpPractise=ST GEORGE'S CRESCENT SURGERY, 40 SAINT GEORGES CRESCENT, WREXHAM, CLWYD, LL13 8DB
ST JOHN'S MEDICAL PRACTICE:gpPractise=ST JOHN'S MEDICAL PRACTICE, HIGH STREET, ABERDARE, MID GLAMORGAN, CF44 7DD
ST JULIANS MEDICAL CENTRE:gpPractise=ST JULIANS MEDICAL CENTRE, 13a STAFFORD ROAD, NEWPORT, GWENT, NP19 7DQ
ST MARKS DEE VIEW SURGERY:gpPractise=ST MARKS DEE VIEW SURGERY, THE QUAY HEALTH CENTRE, FRON ROAD, CONNAHS QUAY, FLINTSHIRE, CH5 4PJ
ST PETER'S SURGERY:gpPractise=ST PETER'S SURGERY, ST PETER'S STREET, CARMARTHEN, CARMARTHENSHIRE, DYFED, SA31 1AH
ST. BRIDES MEDICAL CENTRE:gpPractise=ST. BRIDES MEDICAL CENTRE, TREDEGAR HOUSE DRIVE, DUFFRYN, NEWPORT, GWENT, NP10 8UX
ST. DAVID'S MEDICAL CENTRE:gpPractise=ST. DAVID'S MEDICAL CENTRE, PENTWYN DRIVE, PENTWYN, CARDIFF, CF23 7SD
ST. DAVIDS SURGERY ERYL MOR:gpPractise=ST. DAVIDS SURGERY ERYL MOR, 36 NEW STREET, ST.DAVIDS, PEMBROKESHIRE, DYFED, SA62 6SS
ST. ISAN ROAD SURGERY:gpPractise=ST. ISAN ROAD SURGERY, 46 ST. ISAN ROAD, HEATH, CARDIFF, SOUTH GLAMORGAN, CF14 4UU
ST. LUKE'S SURGERY:gpPractise=ST. LUKE'S SURGERY, (OFF GWYDDON ROAD), ABERCARN, NEWBRIDGE, GWENT, NP11 5GX
ST. PAUL'S CLINIC:gpPractise=ST. PAUL'S CLINIC, PALMYRA PLACE KEYNSHAM AVENUE, NEWPORT, GWENT, NP20 4EJ
ST. THOMAS SURGERY:gpPractise=ST. THOMAS SURGERY, YSGOL STREET, ST. THOMAS, SWANSEA, WEST GLAMORGAN, SA1 8LH
STRATHMORE MED PRACTICE:gpPractise=STRATHMORE MED PRACTICE, 26-28 CHESTER ROAD, WREXHAM, CLWYD, LL11 2SA
STRAWBERRY PLACE SURGERY:gpPractise=STRAWBERRY PLACE SURGERY, 5 STRAWBERRY PLACE, MORRISTON, SWANSEA, SA6 7AG
SULLY SURGERY:gpPractise=SULLY SURGERY, 25 SOUTH ROAD SULLY, PENARTH, VALE OF GLAMORGAN, SOUTH GLAMORGAN, CF64 5TG
SUNNYBANK HEALTH CENTRE:gpPractise=SUNNYBANK HEALTH CENTRE, BRYN ROAD, CEFN FFOREST, BLACKWOOD, GWENT, NP12 3NA
TABERNACLE SURGERY:gpPractise=TABERNACLE SURGERY, 4 TABERNACLE STREET, SKEWEN NEATH, PORT TALBOT, SA10 6UF
TAFF RIVERSIDE PRACTICE:gpPractise=TAFF RIVERSIDE PRACTICE, HEALTH CENTRE WELLINGTON ST, RIVERSIDE, CARDIFF, SOUTH GLAMORGAN, CF11 9SH
TAFF VALE PRACTICE:gpPractise=TAFF VALE PRACTICE, DUFFRYN ROAD, RHYDYFELIN, PONTYPRIDD, MID GLAMORGAN, CF37 5RW
TALYBONT SURGERY:gpPractise=TALYBONT SURGERY, STATION ROAD, PONTARDULAIS, SWANSEA, WEST GLAMORGAN, SA4 8TJ
TANYFRON PRIMARY CARE:gpPractise=TANYFRON PRIMARY CARE, ABERAERON INTEGRATED CARE CENT, VICARAGE HILL, ABERAERON, SA46 0DY
TENBY SURGERY:gpPractise=TENBY SURGERY, THE NORTON, TENBY, PEMBROKESHIRE, SA70 8AB
THE ARWYSTLI MEDICAL PRACTICE:gpPractise=THE ARWYSTLI MEDICAL PRACTICE, MOUNT LANE, LLANIDLOES, POWYS, SY18 6EZ
THE ASHGROVE SURGERY:gpPractise=THE ASHGROVE SURGERY, MORGAN STREET, PONTYPRIDD, MID GLAMORGAN, CF37 2DR
THE BEACON CENTRE FOR HEALTH:gpPractise=THE BEACON CENTRE FOR HEALTH, LANGDON ROAD, SWANSEA, WEST GLAMORGAN, SA1 8QY
THE CITY SURGERY:gpPractise=THE CITY SURGERY, 187 CITY ROAD, ROATH, CARDIFF, SOUTH GLAMORGAN, CF24 3WD
THE CLINIC:gpPractise=THE CLINIC, MOUNT STREET, RUTHIN, DENBIGHSHIRE, LL15 1BG
THE DAWN CENTRE,:gpPractise=THE DAWN CENTRE,, 35-37 PRINCESS DRIVE,, COLWYN BAY, CONWY, LL29 8PD
The Elms:gpPractise=The Elms, Rhosddu Road, Wrexham,  LL11 1EB
THE GROVE MEDICAL CENTRE:gpPractise=THE GROVE MEDICAL CENTRE, 6 UPLANDS TERRACE, UPLANDS, SWANSEA, SA2 0GU
THE HEALTH CENTRE, Beaumaris:gpPractise=THE HEALTH CENTRE, Beaumaris Library, BEAUMARIS, YNYS MON, LL58 8AL
THE HEALTH CENTRE, Beech:gpPractise=THE HEALTH CENTRE, BEECH AVENUE, RHOSLLANERCHRUGOG, WREXHAM, CLWYD, LL14 1AA
THE HEALTH CENTRE, Green:gpPractise=THE HEALTH CENTRE, GREEN LANE, CORWEN, DENBIGHSHIRE, LL21 0DN
THE HEALTH CENTRE, LLANFAIRPWLL:gpPractise=THE HEALTH CENTRE, LLANFAIRPWLL, YNYS MON, GWYNEDD, LL61 5YZ
THE HEALTH CENTRE, Smithy:gpPractise=THE HEALTH CENTRE, SMITHY ROAD, COEDPOETH, WREXHAM, CLWYD, LL11 3NS
THE HEALTH CENTRE, Waun:gpPractise=THE HEALTH CENTRE, WAUN AVENUE, GLYNCORRWG PORT TALBOT, WEST GLAMORGAN, SA13 3DP
THE LAURELS SURGERY:gpPractise=THE LAURELS SURGERY, FLINT HEALTH & WELLBEING, CENTRE EARL STREET, FLINT, CH6 5ER
THE LAWN MEDICAL PRACTICE:gpPractise=THE LAWN MEDICAL PRACTICE, THE LAWN INDUSTRIAL ESTATE, RHYMNEY, TREDEGAR, NP22 5PW
THE MAERDY FERNDALE MGP:gpPractise=THE MAERDY FERNDALE MGP, FERNDALE MEDICAL CENTRE, 56 - 58 HIGH STREET, FERNDALE, MID GLAMORGAN, CF43 4XX
THE MEDICAL CENTRE USK:gpPractise=THE MEDICAL CENTRE USK, MONMOUTH HOUSE MARYPORT STREET, USK, GWENT, NP15 1AB
THE MEDICAL CENTRE, Cardiff:gpPractise=THE MEDICAL CENTRE, CARDIFF ROAD, TAFFS WELL, MID GLAMORGAN, CF15 7YG
THE MEDICAL CENTRE, Heol:gpPractise=THE MEDICAL CENTRE, HEOL YR ONNEN, PENCOED BRIDGEND, MID GLAMORGAN, CF35 5PF
THE MEDICAL CENTRE, High:gpPractise=THE MEDICAL CENTRE, HIGH STREET, RUABON, WREXHAM, CLWYD, LL14 6NH
THE MEDICAL CENTRE, Plas:gpPractise=THE MEDICAL CENTRE, PLAS PENRHYN, PENRHYN BAY, LLANDUDNO, CONWY, LL30 3EU
THE MOUNT SURGERY, Pontypool:gpPractise=THE MOUNT SURGERY, PONTYPOOL MEDICAL CENTRE, OFF TOWN BRIDGE, PONTYPOOL, GWENT, NP4 6DH
THE MUMBLES MEDICAL PRACTICE:gpPractise=THE MUMBLES MEDICAL PRACTICE, 10 WEST CROSS AVENUE, NORTON, SWANSEA, WEST GLAMORGAN, SA3 5UA
THE NEW SURGERY:gpPractise=THE NEW SURGERY, PRIMARY CARE CENTRE, MIN Y NANT, PENCOED, CF35 6YP
THE PENYLAN SURGERY:gpPractise=THE PENYLAN SURGERY, 74 PENYLAN ROAD, PENYLAN, CARDIFF, SOUTH GLAMORGAN, CF23 5SY
THE PRACTICE OF HEALTH:gpPractise=THE PRACTICE OF HEALTH, 31 BARRY ROAD, BARRY, VALE OF GLAMORGAN, SOUTH GLAMORGAN, CF63 1BA
THE QUAY SURGERY:gpPractise=THE QUAY SURGERY, THE QUAY HEALTH CENTRE, FRON ROAD, CONNAHS QUAY, FLINTSHIRE, CH5 4PJ
THE ROBERT STREET SURGERY:gpPractise=THE ROBERT STREET SURGERY, MANCHESTER SQUARE HEALTHCENTRE, MANCHESTER SQUARE, PEMBROKESHIRE, SA73 2JW
THE ROGERSTONE PRACTICE:gpPractise=THE ROGERSTONE PRACTICE, CHAPELWOOD PRIMARY CARE CENTRE, WESTERN VALLEY RD, ROGERSTONE, GWENT, NP10 9DU
THE RUGBY SURGERY:gpPractise=THE RUGBY SURGERY, 5 KELVEDON STREET, NEWPORT, GWENT, NP19 0DW
THE STABLES MEDICAL PRACTICE:gpPractise=THE STABLES MEDICAL PRACTICE, 27 GLYNNE WAY, HAWARDEN DEESIDE, FLINTSHIRE, CH5 3PA
THE SURGERY JAMES HOUSE:gpPractise=THE SURGERY JAMES HOUSE, MARYPORT STREET, USK, GWENT, NP15 1AB
THE SURGERY, 150:gpPractise=THE SURGERY, 150 TYNTYLA ROAD, LLWYNYPIA, TONYPANDY, MID GLAMORGAN, CF40 2SX
THE SURGERY, Cae:gpPractise=THE SURGERY, CAE HETI, LLANBERIS, GWYNEDD, LL55 4SU
THE SURGERY, GARDDEN:gpPractise=THE SURGERY, GARDDEN ROAD, RHOSLLANERCHRUGOG, WREXHAM, CLWYD, LL14 2EN
THE SURGERY, GWALCHMAI:gpPractise=THE SURGERY, GWALCHMAI, HOLYHEAD, YNYS MON, LL65 4RS
THE SURGERY, Heol:gpPractise=THE SURGERY, HEOL FACH, NORTH CORNELLY BRIDGEND, MID GLAMORGAN, CF33 4LD
THE SURGERY, Old:gpPractise=THE SURGERY, OLD ROAD, ABERSYCHAN, PONTYPOOL, GWENT, NP4 7BH
THE SURGERY, Sandy:gpPractise=THE SURGERY, SANDY LANE, HANMER, WHITCHURCH, SHROPSHIRE, SY13 3DL
THE SURGERY, Springfield:gpPractise=THE SURGERY, SPRINGFIELD STREET, CAERFFYNNON, DOLGELLAU, GWYNEDD, LL40 1LY
THE SURGERY, ST DAVID's Court:gpPractise=THE SURGERY, ST DAVIDS COURT, 68A COWBRIDGE ROAD EAST, CARDIFF, CF11 9DN
THE SURGERY, ST DAVID's Ct:gpPractise=THE SURGERY, ST DAVIDS COURT, 68A COWBRIDGE ROAD EAST, CARDIFF, CF11 9DN
THE SURGERY, ST DAVIDs Court:gpPractise=THE SURGERY, ST DAVIDS COURT, 68A COWBRIDGE ROAD EAST, CARDIFF, CF11 9DN
THE SURGERY, ST DAVIDs Ct:gpPractise=THE SURGERY, ST DAVIDS COURT, 68A COWBRIDGE ROAD EAST, CARDIFF, CF11 9DN
THE SURGERY, ST DAVID's Street:gpPractise=THE SURGERY, ST. DAVID'S STREET, TON PENTRE, RHONDDA, MID GLAMORGAN, CF41 7BD
THE SURGERY, ST DAVID's St:gpPractise=THE SURGERY, ST. DAVID'S STREET, TON PENTRE, RHONDDA, MID GLAMORGAN, CF41 7BD
THE SURGERY, ST DAVIDs Street:gpPractise=THE SURGERY, ST. DAVID'S STREET, TON PENTRE, RHONDDA, MID GLAMORGAN, CF41 7BD
THE SURGERY, ST DAVIDs St:gpPractise=THE SURGERY, ST. DAVID'S STREET, TON PENTRE, RHONDDA, MID GLAMORGAN, CF41 7BD
THE VILLAGE SURGERY:gpPractise=THE VILLAGE SURGERY, 2 LEWIS TERRACE, LLANBRADACH, CAERPHILLY, MID GLAMORGAN, CF83 3JZ
THE WATERFRONT MEDICAL CENTRE:gpPractise=THE WATERFRONT MEDICAL CENTRE, HEOL Y LLONGAU, BARRY, VALE OF GLAMORGAN, SOUTH GLAMORGAN, CF63 4AR
TOWN GATE PRACTICE:gpPractise=TOWN GATE PRACTICE, CHEPSTOW COMMUNITY HOSPITAL, TEMPEST WAY, CHEPSTOW, GWENT, NP16 5XP
TREDEGAR HEALTH CENTRE:gpPractise=TREDEGAR HEALTH CENTRE, PARK ROW, TREDEGAR, BLAENAU GWENT, NP22 3XP
TREFLAN:gpPractise=TREFLAN, LOWER CARDIFF ROAD, PWLLHELI, GWYNEDD, LL53 5NF
TREGARON SURGERY:gpPractise=TREGARON SURGERY, SALOP HOUSE, TREGARON, CEREDIGION, DYFED, SY25 6HA
TREHARRIS PRIMARY CARE CENTRE:gpPractise=TREHARRIS PRIMARY CARE CENTRE, FOX STREET, TREHARRIS, MID GLAMORGAN, CF46 5HE
TREM Y MOR:gpPractise=TREM Y MOR, BETTWS ROAD, BETTWS, BRIDGEND, CF32 8UN
TROED Y FAN MEDICAL PRACTICE:gpPractise=TROED Y FAN MEDICAL PRACTICE, ABERFAN SURGERY, COTTRELL STREET, ABERFAN, CF48 4QU
TROSNANT LODGE:gpPractise=TROSNANT LODGE, TROSNANT STREET, PONTYPOOL, GWENT, NP4 8AT
TUDOR GATE SURGERY:gpPractise=TUDOR GATE SURGERY, TUDOR STREET, ABERGAVENNY, GWENT, NP7 5DL
TY BRYN SURGERY:gpPractise=TY BRYN SURGERY, THE BRYN, TRETHOMAS, CAERPHILLY, MID GLAMORGAN, CF83 8GL
TY DOCTOR ISFRYN:gpPractise=TY DOCTOR ISFRYN, FFORDD DEWI SANT, NEFYN, GWYNEDD, LL53 6EG
TY ELLI GROUP PRACTICE:gpPractise=TY ELLI GROUP PRACTICE, TY ELLI SURGERY, VAUXHALL, LLANELLI, CARMARTHENSHIRE, SA15 3BD
TY HENRY VAUGHAN:gpPractise=TY HENRY VAUGHAN, BRIDGE STREET, BRECON, POWYS, LD3 8AH
TY'R FELIN SURGERY:gpPractise=TY'R FELIN SURGERY, CECIL ROAD, GORSEINON, SWANSEA, WEST GLAMORGAN, SA4 4BY
TYLORSTOWN SURGERY:gpPractise=TYLORSTOWN SURGERY, FERNDALE ROAD TYLORSTOWN, TYLORSTOWN, RHONDDA, MID GLAMORGAN, CF43 3HB
TYNYCOED SURGERY:gpPractise=TYNYCOED SURGERY, 20 MERFIELD CLOSE, BRYNCETHIN BRIDGEND, MID GLAMORGAN, CF32 9SW
TYWYN HEALTH CENTRE:gpPractise=TYWYN HEALTH CENTRE, ABERDOVEY ROAD, TYWYN, GWYNEDD, LL36 9HL
UNDERWOOD HEALTH CENTRE:gpPractise=UNDERWOOD HEALTH CENTRE, 81 BIRCH GROVE, LLANMARTIN, NEWPORT, NP18 2JB
UNIT A:gpPractise=UNIT A, 3 LONGBOW CLOSE, SHREWSBURY,  SY1 3GZ
UNIVERSITY HEALTH CENTRE:gpPractise=UNIVERSITY HEALTH CENTRE, PENMAEN RESIDENCE, SINGLETON PARK, SWANSEA, SA2 8PG
UPLANDS & MUMBLES SURGERY:gpPractise=UPLANDS & MUMBLES SURGERY, 48 SKETTY ROAD, UPLANDS, SWANSEA, WEST GLAMORGAN, SA2 0LJ
USK and PRESCOED:gpPractise=USK and PRESCOED, COEDYPAEN, PONTYPOOL,  NP4 0TB
UWCHALED MEDICAL PRACTICE:gpPractise=UWCHALED MEDICAL PRACTICE, MEDDYGFA, CERRIGYDRUDION, NR CORWEN, CONWY, LL21 9UB
VALE GROUP PRACTICE:gpPractise=VALE GROUP PRACTICE, RAVENSCOURT SURGERY, 36-38 TYNEWYDD ROAD, BARRY VALE OF GLAMORGAN, CF62 8AZ
VALE OF NEATH PRACTICE:gpPractise=VALE OF NEATH PRACTICE, VALE OF NEATH MEDICAL CENTRE, GLYNNEATH ROAD, GLYNNEATH, NEATH, SA11 5AL
VAUXHALL SURGERY:gpPractise=VAUXHALL SURGERY, VAUXHALL LANE, CHEPSTOW, GWENT, NP16 5PZ
VICTORIA GARDENS SURGERY:gpPractise=VICTORIA GARDENS SURGERY, VICTORIA GARDENS, NEATH PORT TALBOT, WEST GLAMORGAN, SA11 1HW
WAR MEMORIAL HEALTH CENTRE:gpPractise=WAR MEMORIAL HEALTH CENTRE, CRICKHOWELL, POWYS,  NP8 1AG
WATERSIDE MEDICAL PRACTICE:gpPractise=WATERSIDE MEDICAL PRACTICE, BRITON FERRY HEALTH CENTRE, BRUNEL WAY, BRITON FERRY, SA11 2FP
WELLSPRING MEDICAL CENTRE:gpPractise=WELLSPRING MEDICAL CENTRE, PARK ROAD, RISCA, GWENT, NP11 6BJ
WELSHPOOL MEDICAL CENTRE:gpPractise=WELSHPOOL MEDICAL CENTRE, SALOP ROAD, WELSHPOOL, POWYS, SY21 7ER
WEST QUAY MEDICAL CENTRE:gpPractise=WEST QUAY MEDICAL CENTRE, HOOD ROAD, BARRY, VALE OF GLAMORGAN, SOUTH GLAMORGAN, CF62 5QN
WEST SHORE SURGERY:gpPractise=WEST SHORE SURGERY, 9 BRYNIAU ROAD, LLANDUDNO, CONWY, LL30 2BL
WESTERN VALE FAMILY PRACTICE:gpPractise=WESTERN VALE FAMILY PRACTICE, THE BROAD SHROAD, COWBRIDGE, VALE OF GLAMORGAN, CF71 7DA
WESTFIELD MEDICAL CENTRE:gpPractise=WESTFIELD MEDICAL CENTRE, WESTFIELD AVENUE, MALPAS, NEWPORT, GWENT, NP20 6EY
WESTWAY SURGERY:gpPractise=WESTWAY SURGERY, 1 WILSON ROAD, ELY, CARDIFF, SOUTH GLAMORGAN, CF5 4LJ
WHITCHURCH MEDICAL CENTRE:gpPractise=WHITCHURCH MEDICAL CENTRE, PARK ROAD SURGERY, WHITCHURCH, CARDIFF, SOUTH GLAMORGAN, CF14 7EZ
WHITCHURCH ROAD SURGERY:gpPractise=WHITCHURCH ROAD SURGERY, 210 WHITCHURCH ROAD, HEATH, CARDIFF, SOUTH GLAMORGAN, CF14 3NB
WHITE ROSE MEDICAL CENTRE:gpPractise=WHITE ROSE MEDICAL CENT, WHITE ROSE WAY, NEW TREDEGAR, GWENT, NP24 6EE
WILLOWBROOK SURGERY:gpPractise=WILLOWBROOK SURGERY, STRATHY ROAD, SAINT MELLONS, CARDIFF, SOUTH GLAMORGAN, CF3 0SH
WINCH LANE SURGERY:gpPractise=WINCH LANE SURGERY, WINCH LANE, HAVERFORDWEST, PEMBROKESHIRE, DYFED, SA61 1RN
WOODLANDS MEDICAL CENTRE:gpPractise=WOODLANDS MEDICAL CENTRE, 1 GREENFARM ROAD, ELY CARDIFF, SOUTH GLAMORGAN, CF5 4RG
WOODLANDS SURGERY:gpPractise=WOODLANDS SURGERY, WOODLANDS TERRACE, CAERAU MAESTEG BRIDGEND, MID GLAMORGAN, CF34 0SR
WYE DEAN PRACTICE:gpPractise=WYE DEAN PRACTICE, TINTERN SURGERY, THE OLD POLICE STATION TINTERN, CHEPSTOW, GWENT, NP16 6SE
WYE VALLEY PRACTICE:gpPractise=WYE VALLEY PRACTICE, SMITHVILLE CLOSE, ST. BRIAVELS, GLOUCESTER, GL15 6TN
WYLCWM STREET SURGERY:gpPractise=WYLCWM STREET SURGERY, WYLCWM STREET, KNIGHTON, POWYS, LD7 1AD
YSTWYTH MEDICAL GROUP:gpPractise=YSTWYTH MEDICAL GROUP, PARC Y LLYN, LLANBADARN FAWR, ABERYSTWYTH, CEREDIGION, SY23 3TL
