Frontal:MultipleScalp=Frontal
Vertex:MultipleScalp=Vertex
Vertex of:MultipleScalp=Vertex
Temporal:MultipleScalp=Temporal
Parietal:MultipleScalp=Parietal
Occipital:MultipleScalp=Occipital
Nuchal:MultipleScalp=Nuchal
Frontotemporal:MultipleScalp=Fronto-temporal
Fronto-temporal:MultipleScalp=Fronto-temporal
Fronto- temporal:MultipleScalp=Fronto-temporal
Fronto -temporal:MultipleScalp=Fronto-temporal
Fronto temporal:MultipleScalp=Fronto-temporal
Frontoparietal:MultipleScalp=Fronto-parietal
Fronto-parietal:MultipleScalp=Fronto-parietal
Fronto -parietal:MultipleScalp=Fronto-parietal
Fronto- parietal:MultipleScalp=Fronto-parietal
Fronto parietal:MultipleScalp=Fronto-parietal
Fronto-parieto-temporo occipital:MultipleScalp=PanScalp
Fronto- parieto-temporo occipital:MultipleScalp=PanScalp
Fronto -parieto-temporo occipital:MultipleScalp=PanScalp
Fronto parieto temporo occipital:MultipleScalp=PanScalp
Frontal parietal temporal occipital:MultipleScalp=PanScalp
Fronto-temporo-occipito parietal:MultipleScalp=PanScalp
Fronto- temporo-occipito parietal:MultipleScalp=PanScalp
Fronto -temporo-occipito parietal:MultipleScalp=PanScalp
Fronto temporo occipito parietal:MultipleScalp=PanScalp
Frontal temporal occipital parietal:MultipleScalp=PanScalp
