Recurrent:Negatives=true
Evidence of Recurrent Disease:Negatives=true
Recurrent Disease Evident:Negatives=true
Recurrent Disease Present:Negatives=true
Presence of Recurrent disease:Negatives=true
Recurrent component:Negatives=true
Recurrent Disease is absent:Negatives=false
Recurrent Disease absent:Negatives=false
Recurrent disease is not Present:Negatives=false
Recurrent disease not Present:Negatives=false
Evidence of Recurrent tumour:Negatives=true
Recurrent tumour Evident:Negatives=true
Recurrent tumour Present:Negatives=true
Presence of disease:Negatives=true
Recurrent tumour:Negatives=true
Recurrent tumour absent:Negatives=false
Recurrent tumour not Present:Negatives=false
Evidence of Recurrent cancer:Negatives=true
Recurrent cancer Evident:Negatives=true
Recurrent cancer Present:Negatives=true
Presence of cancer disease:Negatives=true
Recurrent cancer:Negatives=true
Recurrent cancer absent:Negatives=false
Recurrent cancer not Present:Negatives=false
Evidence of Recurrent malignancy:Negatives=true
Recurrent malignancy Evident:Negatives=true
Recurrent malignancy Present:Negatives=true
Presence of malignant disease:Negatives=true
Recurrent malignancy:Negatives=true
Recurrent malignancy absent:Negatives=false
Recurrent malignancy not Present:Negatives=false
Recurrent/residual tumour:Negatives=true
