Shaun Roberts:Name=ShaunRoberts
S. Roberts:Name=ShaunRoberts
S Roberts:Name=ShaunRoberts
Allan Dawson:Name=AllanDawson
A. Dawson:Name=AllanDawson
A Dawson:Name=AllanDawson
Maurizio Brotto:Name=MaurizioBrotto
M. Brotto:Name=MaurizioBrotto
M Brotto:Name=MaurizioBrotto
Paul Griffiths:Name=PaulGriffiths
P. Griffiths:Name=PaulGriffiths
P Griffiths:Name=PaulGriffiths
Namor Williams:Name=NamorWilliams
Namor Wyn Williams:Name=NamorWilliams
N. Williams:Name=NamorWilliams
N Williams:Name=NamorWilliams
N. W. Williams:Name=NamorWilliams
N W Williams:Name=NamorWilliams
Susannah Howarth:Name=SusannahHowarth
Susanna Howarth:Name=SusannahHowarth
S. Howarth:Name=SusannahHowarth
S Howarth:Name=SusannahHowarth
Peter Davis:Name=PeterDavis
P. Davis:Name=PeterDavis
P Davis:Name=PeterDavis
Peter Davies:Name=PeterDavis
Nadine Burke:Name=NadineBurke
N. Burke:Name=NadineBurke
N Burke:Name=NadineBurke
Nasima Tofazzal:Name=NasimaTofazzal
N. Tofazzal:Name=NasimaTofazzal
N Tofazzal:Name=NasimaTofazzal
Danny Parker:Name=Danny Parker
D. Parker:Name=Danny Parker
D Parker:Name=Danny Parker
