A Emam:Name=AhmedEmamSpeciality=Plastics
A Ghattaura:Name=AmarGhattauraSpeciality=Plastics
A Mughal:Name=AvadMughalSpeciality=Dermatology
A. Emam:Name=AhmedEmam:Speciality=Plastics
A. Ghattaura:Name=AmarGhattaura:Speciality=Plastics
A. Mughal:Name=AvadMughal:Speciality=Dermatology
A.Emam:Name=AhmedEmam:Speciality=Plastics
A.Ghattaura:Name=AmarGhattaura:Speciality=Plastics
A.Mughal:Name=AvadMughal:Speciality=Dermatology
Ahmed Emam:Name=AhmedEmam:Speciality=Plastics
Amar Ghattaura:Name=AmarGhattaura:Speciality=Plastics
Avad Mughal:Name=AvadMughal:Speciality=Dermatology
B Dixon:Name=BillDixonSpeciality=Plastics
B. Dixon:Name=BillDixon:Speciality=Plastics
B.Dixon:Name=BillDixon:Speciality=Plastics
Bill Dixon:Name=BillDixon:Speciality=Plastics
D Boyce:Name=DeanBoyceSpeciality=Plastics
D Nguyen:Name=DaiNguyenSpeciality=Plastics
D. Boyce:Name=DeanBoyce:Speciality=Plastics
D.Boyce:Name=DeanBoyce:Speciality=Plastics
D.Nguyen:Name=DaiNguyen:Speciality=Plastics
Dai Nguyen:Name=DaiNguyen:Speciality=Plastics
Dean Boyce:Name=DeanBoyce:Speciality=Plastics
E Azzopardi:Name=ErnestAzzopardiSpeciality=Plastics
E. Azzopardi:Name=ErnestAzzopardi:Speciality=Plastics
E.Azzopardi:Name=ErnestAzzopardi:Speciality=Plastics
Ernest Azzopardi:Name=ErnestAzzopardi:Speciality=Plastics
F Schreuder:Name=FredSchreuderSpeciality=Plastics
F. Schreuder:Name=FredSchreuder:Speciality=Plastics
F.Schreuder:Name=FredSchreuder:Speciality=Plastics
Fred Schreuder:Name=Fred Schreuder:Speciality=Plastics
Fredrick Schreuder:Name=Fred Schreuder:Speciality=Plastics
H Dafydd:Name=HywelDafyddSpeciality=Plastics
H Laing:Name=HamishLaingSpeciality=Plastics
H. Dafydd:Name=HywelDafydd:Speciality=Plastics
H. Laing:Name=HamishLaing:Speciality=Plastics
H.Dafydd:Name=HywelDafydd:Speciality=Plastics
H.Laing:Name=HamishLaing:Speciality=Plastics
Hamish Laing:Name=HamishLaing:Speciality=Plastics
Hywel Dafydd:Name=HywelDafydd:Speciality=Plastics
I Josty:Name=IainJostySpeciality=Plastics
I Whitaker:Name=IainWhitakerSpeciality=Plastics
I. Josty:Name=IainJosty:Speciality=Plastics
I. Whitaker:Name=IainWhitaker:Speciality=Plastics
I.Josty:Name=IainJosty:Speciality=Plastics
I.Whitaker:Name=IainWhitaker:Speciality=Plastics
Iain Josty:Name=IainJosty:Speciality=Plastics
Iain Whitaker:Name=IainWhitaker:Speciality=Plastics
J Cubitt:Name=JonathanCubittSpeciality=Plastics
J Smith:Name=JamesWSmithSpeciality=Plastics
J Yarrow:Name=JeremyYarrowSpeciality=Plastics
J. Cubitt:Name=JonathanCubitt:Speciality=Plastics
J. Warbrick-Smith:Name=JamesWSmith:Speciality=Plastics
J. Yarrow:Name=JeremyYarrow:Speciality=Plastics
J.Cubitt:Name=JonathanCubitt:Speciality=Plastics
J.Warbrick-Smith:Name=JamesWSmith:Speciality=Plastics
J.Yarrow:Name=JeremyYarrow:Speciality=Plastics
James Warbrick-Smith:Name=JamesWSmith:Speciality=Plastics
Jeremy Yarrow:Name=JeremyYarrow:Speciality=Plastics
Jon Cubitt:Name=JonathanCubitt:Speciality=Plastics
Jonathan Cubitt:Name=JonathanCubitt:Speciality=Plastics
L Harry:Name=LozHarrySpeciality=Plastics
L Hiew:Name=LeongHiewSpeciality=Plastics
L Tang:Name=LydiaTangSpeciality=Plastics
L. Harry:Name=LozHarry:Speciality=Plastics
L. Hiew:Name=LeongHiew:Speciality=Plastics
L. Tang:Name=LydiaTang:Speciality=Plastics
L.Harry:Name=LozHarry:Speciality=Plastics
L.Hiew:Name=LeongHiew:Speciality=Plastics
L.Tang:Name=LydiaTang:Speciality=Plastics
Leong Hiew:Name=LeongHiew:Speciality=Plastics
Lorraine Harry:Name=LozHarry:Speciality=Plastics
Loz Harry:Name=LozHarry:Speciality=Plastics
Lydia Tang:Name=LydiaTang:Speciality=Plastics
Lydia Tang:Name=LydiaTang:Speciality=Plastics
M Cooper:Name=MarkCooperSpeciality=Plastics
M Haj-Basheer:Name=MohammedHBasheerSpeciality=Plastics
M Javaid:Name=MuhammadJavaidSpeciality=Plastics
M Murison:Name=MaxMurisonSpeciality=Plastics
M. Cooper:Name=MarkCooper:Speciality=Plastics
M. Haj-Basheer:Name=MohammedHBasheer:Speciality=Plastics
M. Javaid:Name=MuhammadJavaid:Speciality=Plastics
M. Murison:Name=MaxMurison:Speciality=Plastics
M.Cooper:Name=MarkCooper:Speciality=Plastics
M.Haj-Basheer:Name=MohammedHBasheer:Speciality=Plastics
M.Javaid:Name=MuhammadJavaid:Speciality=Plastics
M.Murison:Name=MaxMurison:Speciality=Plastics
MarkCooper:Name=MarkCooper:Speciality=Plastics
MaxMurison:Name=MaxMurison:Speciality=Plastics
Mohammed Haj-Basheer:Name=MohammedHBasheer:Speciality=Plastics
Muhammad Javaid:Name=MuhammadJavaid:Speciality=Plastics
N Marsden:Name=NickMarsdenSpeciality=Plastics
N Wilson-Jones:Name=NicholasWJonesSpeciality=Plastics
N. Marsden:Name=NickMarsden:Speciality=Plastics
N. Wilson-Jones:Name=NicholasWJones:Speciality=Plastics
N.Marsden:Name=NickMarsden:Speciality=Plastics
N.Wilson-Jones:Name=NicholasWJones:Speciality=Plastics
Nicholas Marsden:Name=NickMarsden:Speciality=Plastics
Nicholas Wilson-Jones:Name=NicholasWJones:Speciality=Plastics
Nick Marsden:Name=NickMarsden:Speciality=Plastics
Nick Wilson-Jones:Name=NicholasWJones:Speciality=Plastics
P Drew:Name=PeterDrewSpeciality=Plastics
P. Drew:Name=PeterDrew:Speciality=Plastics
P.Drew:Name=PeterDrew:Speciality=Plastics
Peter Drew:Name=PeterDrew:Speciality=Plastics
Prof. I. Whitaker:Name=IainWhitaker:Speciality=Plastics
Prof. I.Whitaker:Name=IainWhitaker:Speciality=Plastics
Prof.I. Whitaker:Name=IainWhitaker:Speciality=Plastics
Prof.I.Whitaker:Name=IainWhitaker:Speciality=Plastics
R Duncan:Name=RobDuncanSpeciality=Plastics
R Karoo:Name=RichardKarooSpeciality=Plastics
R. Duncan:Name=RobDuncan:Speciality=Plastics
R. Karoo:Name=RichardKaroo:Speciality=Plastics
R. Nguyen:Name=DaiNguyen:Speciality=Plastics
R.Duncan:Name=RobDuncan:Speciality=Plastics
R.Karoo:Name=RichardKaroo:Speciality=Plastics
Richard Karoo:Name=RichardKaroo:Speciality=Plastics
Rob Duncan:Name=RobDuncan:Speciality=Plastics
Robert Duncan:Name=RobDuncan:Speciality=Plastics
S Blackford:Name=SharonBlackfordSpeciality=Dermatology
S Hemmington-Gorse:Name=SarahHGorseSpeciality=Plastics
S Pope-Jones:Name=SophiePJonesSpeciality=Plastics
S Whitaker:Name=SairanWhitakerSpeciality=Dermatology
S. Blackford:Name=SharonBlackford:Speciality=Dermatology
S. Hemmington-Gorse:Name=SarahHGorse:Speciality=Plastics
S. Pope-Jones:Name=SophiePJones:Speciality=Plastics
S. Whitaker:Name=SairanWhitaker:Speciality=Dermatology
S.Blackford:Name=SharonBlackford:Speciality=Dermatology
S.Hemmington-Gorse:Name=SarahHGorse:Speciality=Plastics
S.Pope-Jones:Name=SophiePJones:Speciality=Plastics
S.Whitaker:Name=SairanWhitaker:Speciality=Dermatology
Sairan Whitaker:Name=SairanWhitaker:Speciality=Dermatology
Sarah Hemmington-Gorse:Name=SarahHGorse:Speciality=Plastics
Sharon Blackford:Name=SharonBlackford:Speciality=Dermatology
Sophie Pope-Jones:Name=SophiePJones:Speciality=Plastics
T Bragg:Name=ThomasBraggSpeciality=Plastics
T ONeill:Name=TomasONeillSpeciality=Plastics
T Potokar:Name=TomPotokarSpeciality=Plastics
T Tickunas:Name=TomasTickunasSpeciality=Plastics
T. Bragg:Name=ThomasBragg:Speciality=Plastics
T. O’Neill:Name=TomasONeill:Speciality=Plastics
T. Potokar:Name=TomPotokar:Speciality=Plastics
T. Tickunas:Name=TomasTickunas:Speciality=Plastics
T.Bragg:Name=ThomasBragg:Speciality=Plastics
T.O’Neill:Name=TomasONeill:Speciality=Plastics
T.Potokar:Name=TomPotokar:Speciality=Plastics
T.Tickunas:Name=TomasTickunas:Speciality=Plastics
Thomas Bragg:Name=ThomasBragg:Speciality=Plastics
Thomas Potokar:Name=TomPotokar:Speciality=Plastics
Tom Bragg:Name=ThomasBragg:Speciality=Plastics
Tom Potokar:Name=TomPotokar:Speciality=Plastics
Tomas O’Neill:Name=TomasONeill:Speciality=Plastics
Tomas Tickunas:Name=TomasTickunas:Speciality=Plastics
