MarkCooper:Name=MarkCooper
M.Cooper:Name=MarkCooper
M. Cooper:Name=MarkCooper
Mr. M.Cooper:Name=MarkCooper
Mr. M. Cooper:Name=MarkCooper
Mr.M.Cooper:Name=MarkCooper
Mr.M. Cooper:Name=MarkCooper
MaxMurison:Name=MaxMurison
M.Murison:Name=MaxMurison
M. Murison:Name=MaxMurison
Mr. M.Murison:Name=MaxMurison
Mr. M. Murison:Name=MaxMurison
Mr.M.Murison:Name=MaxMurison
Mr.M. Murison:Name=MaxMurison
Dean Boyce:Name=DeanBoyce
D.Boyce:Name=DeanBoyce
D. Boyce:Name=DeanBoyce
Mr. D.Boyce:Name=DeanBoyce
Mr. D. Boyce:Name=DeanBoyce
Mr.D.Boyce:Name=DeanBoyce
Mr.D. Boyce:Name=DeanBoyce
Peter Drew:Name=PeterDrew
P.Drew:Name=PeterDrew
P. Drew:Name=PeterDrew
Mr. P.Drew:Name=PeterDrew
Mr. P. Drew:Name=PeterDrew
Mr.P.Drew:Name=PeterDrew
Mr.P. Drew:Name=PeterDrew
Iain Josty:Name=IainJosty
I.Josty:Name=IainJosty
I. Josty:Name=IainJosty
Mr. I.Josty:Name=IainJosty
Mr. I. Josty:Name=IainJosty
Mr.I.Josty:Name=IainJosty
Mr.I. Josty:Name=IainJosty
Leong Hiew:Name=LeongHiew
L.Hiew:Name=LeongHiew
L. Hiew:Name=LeongHiew
Mr. L.Hiew:Name=LeongHiew
Mr. L. Hiew:Name=LeongHiew
Mr.L.Hiew:Name=LeongHiew
Mr.L. Hiew:Name=LeongHiew
Nicholas Wilson-Jones:Name=NicholasWJones
Nick Wilson-Jones:Name=NicholasWJones
N.Wilson-Jones:Name=NicholasWJones
N. Wilson-Jones:Name=NicholasWJones
Mr. N.Wilson-Jones:Name=NicholasWJones
Mr. N. Wilson-Jones:Name=NicholasWJones
Mr.N.Wilson-Jones:Name=NicholasWJones
Mr.N. Wilson-Jones:Name=NicholasWJones
Dai Nguyen:Name=DaiNguyen
D.Nguyen:Name=DaiNguyen
R. Nguyen:Name=DaiNguyen
Miss. D.Nguyen:Name=DaiNguyen
Miss. D. Nguyen:Name=DaiNguyen
Miss.D.Nguyen:Name=DaiNguyen
Miss.D. Nguyen: Name=DaiNguyen
Ms. D.Nguyen:Name=DaiNguyen
Ms. D. Nguyen:Name=DaiNguyen
Ms.D.Nguyen:Name=DaiNguyen
Ms.D. Nguyen: Name=DaiNguyen
Sarah Hemmington-Gorse:Name=SarahHGorse
S.Hemmington-Gorse:Name=SarahHGorse
S. Hemmington-Gorse:Name=SarahHGorse
Miss. S.Hemmington-Gorse:Name=SarahHGorse
Miss. S. Hemmington-Gorse:Name=SarahHGorse
Miss.S.Hemmington-Gorse:Name=SarahHGorse
Miss.S. Hemmington-Gorse: Name=SarahHGorse
Ms. S.Hemmington-Gorse:Name=SarahHGorse
Ms. S. Hemmington-Gorse:Name=SarahHGorse
Ms.S.Hemmington-Gorse:Name=SarahHGorse
Ms.S. Hemmington-Gorse: Name=SarahHGorse
Richard Karoo:Name=RichardKaroo
R.Karoo:Name=RichardKaroo
R. Karoo:Name=RichardKaroo
Mr. R.Karoo:Name=RichardKaroo
Mr. R. Karoo:Name=RichardKaroo
Mr.R.Karoo:Name=RichardKaroo
Mr.R. Karoo: Name=RichardKaroo
Amar Ghattaura:Name=AmarGhattaura
A.Ghattaura:Name=AmarGhattaura
A. Ghattaura:Name=AmarGhattaura
Mr. A.Ghattaura:Name=AmarGhattaura
Mr. A. Ghattaura:Name=AmarGhattaura
Mr.A.Ghattaura:Name=AmarGhattaura
Mr.A. Ghattaura: Name=AmarGhattaura
Mohammed Haj-Basheer:Name=MohammedHBasheer
M.Haj-Basheer:Name=MohammedHBasheer
M. Haj-Basheer:Name=MohammedHBasheer
Mr. M.Haj-Basheer:Name=MohammedHBasheer
Mr. M. Haj-Basheer:Name=MohammedHBasheer
Mr.M.Haj-Basheer:Name=MohammedHBasheer
Mr.M. Haj-Basheer:Name=MohammedHBasheer
Iain Whitaker:Name=IainWhitaker
I.Whitaker:Name=IainWhitaker
I. Whitaker:Name=IainWhitaker
Prof. I.Whitaker:Name=IainWhitaker
Prof. I. Whitaker:Name=IainWhitaker
Prof.I.Whitaker:Name=IainWhitaker
Prof.I. Whitaker:Name=IainWhitaker
Hywel Dafydd:Name=HywelDafydd
H.Dafydd:Name=HywelDafydd
H. Dafydd:Name=HywelDafydd
Mr. H.Dafydd:Name=HywelDafydd
Mr. H. Dafydd:Name=HywelDafydd
Mr.H.Dafydd:Name=HywelDafydd
Mr.H. Dafydd:Name=HywelDafydd
Jeremy Yarrow:Name=JeremyYarrow
J.Yarrow:Name=JeremyYarrow
J. Yarrow:Name=JeremyYarrow
Mr. J.Yarrow:Name=JeremyYarrow
Mr. J. Yarrow:Name=JeremyYarrow
Mr.J.Yarrow:Name=JeremyYarrow
Mr.J. Yarrow:Name=JeremyYarrow
Ernest Azzopardi:Name=ErnestAzzopardi
E.Azzopardi:Name=ErnestAzzopardi
E. Azzopardi:Name=ErnestAzzopardi
Mr. E.Azzopardi:Name=ErnestAzzopardi
Mr. E. Azzopardi:Name=ErnestAzzopardi
Mr.E.Azzopardi:Name=ErnestAzzopardi
Mr.E. Azzopardi:Name=ErnestAzzopardi
Tomas Tickunas:Name=TomasTickunas
T.Tickunas:Name=TomasTickunas
T. Tickunas:Name=TomasTickunas
Mr. T.Tickunas:Name=TomasTickunas
Mr. T. Tickunas:Name=TomasTickunas
Mr.T.Tickunas:Name=TomasTickunas
Mr.T. Tickunas:Name=TomasTickunas
Sophie Pope-Jones:Name=SophiePJones
S.Pope-Jones:Name=SophiePJones
S. Pope-Jones:Name=SophiePJones
Miss. S.Pope-Jones:Name=SophiePJones
Miss. S. Pope-Jones:Name=SophiePJones
Miss.S.Pope-Jones:Name=SophiePJones
Miss.S. Pope-Jones:Name=SophiePJones
Ms. S.Pope-Jones:Name=SophiePJones
Ms. S. Pope-Jones:Name=SophiePJones
Ms.S.Pope-Jones:Name=SophiePJones
Ms.S. Pope-Jones: Name=SophiePJones
Mrs. S.Pope-Jones:Name=SophiePJones
Mrs. S. Pope-Jones:Name=SophiePJones
Mrs.S.Pope-Jones:Name=SophiePJones
Mrs.S. Pope-Jones:Name=SophiePJones
Tomas O’Neill:Name=TomasONeill
T.O’Neill:Name=TomasONeill
T. O’Neill:Name=TomasONeill
Mr. T.O’Neill:Name=TomasONeill
Mr. T. O’Neill:Name=TomasONeill
Mr.T.O’Neill:Name=TomasONeill
Mr.T. O’Neill:Name=TomasONeill
Ahmed Emam:Name=AhmedEmam
A.Emam:Name=AhmedEmam
A. Emam:Name=AhmedEmam
Mr. A.Emam:Name=AhmedEmam
Mr. A. Emam:Name=AhmedEmam
Mr.A.Emam:Name=AhmedEmam
Mr.A. Emam:Name=AhmedEmam
Nicholas Marsden:Name=NickMarsden
Nick Marsden:Name=NickMarsden
N.Marsden:Name=NickMarsden
N. Marsden:Name=NickMarsden
Mr. N.Marsden:Name=NickMarsden
Mr. N. Marsden:Name=NickMarsden
Mr.N.Marsden:Name=NickMarsden
Mr.N. Marsden:Name=NickMarsden
Loz Harry:Name=LozHarry
Lorraine Harry:Name=LozHarry
L.Harry:Name=LozHarry
L. Harry:Name=LozHarry
Miss. L.Harry:Name=LozHarry
Miss. L. Harry:Name=LozHarry
Miss.L.Harry:Name=LozHarry
Miss.L. Harry: Name=LozHarry
Ms. L.Harry:Name=LozHarry
Ms. L. Harry:Name=LozHarry
Ms.L.Harry:Name=LozHarry
Ms.L. Harry: Name=LozHarry
Mrs. L.Harry:Name=LozHarry
Mrs. L. Harry:Name=LozHarry
Mrs.L.Harry:Name=LozHarry
Mrs.L. Harry:Name=LozHarry
James Warbrick-Smith:Name=JamesWSmith
J.Warbrick-Smith:Name=JamesWSmith
J. Warbrick-Smith:Name=JamesWSmith
Mr. J.Warbrick-Smith:Name=JamesWSmith
Mr. J. Warbrick-Smith:Name=JamesWSmith
Mr.J.Warbrick-Smith:Name=JamesWSmith
Mr.J. Warbrick-Smith:Name=JamesWSmith
Muhammad Javaid:Name=MuhammadJavaid
M.Javaid:Name=MuhammadJavaid
M. Javaid:Name=MuhammadJavaid
Mr. M.Javaid:Name=MuhammadJavaid
Mr. M. Javaid:Name=MuhammadJavaid
Mr.M.Javaid:Name=MuhammadJavaid
Mr.M. Javaid:Name=MuhammadJavaid
Jon Cubitt:Name=JonathanCubitt
Jonathan Cubitt:Name=JonathanCubitt
J.Cubitt:Name=JonathanCubitt
J. Cubitt:Name=JonathanCubitt
Mr. J.Cubitt:Name=JonathanCubitt
Mr. J. Cubitt:Name=JonathanCubitt
Mr.J.Cubitt:Name=JonathanCubitt
Mr.J. Cubitt:Name=JonathanCubitt
Thomas Bragg:Name=ThomasBragg
Tom Bragg:Name=ThomasBragg
T.Bragg:Name=ThomasBragg
T. Bragg:Name=ThomasBragg
Mr. T.Bragg:Name=ThomasBragg
Mr. T. Bragg:Name=ThomasBragg
Mr.T.Bragg:Name=ThomasBragg
Mr.T. Bragg:Name=ThomasBragg
Lydia Tang:Name=LydiaTang
Lydia Tang:Name=LydiaTang
L.Tang:Name=LydiaTang
L. Tang:Name=LydiaTang
Miss. L.Tang:Name=LydiaTang
Miss. L. Tang:Name=LydiaTang
Miss.L.Tang:Name=LydiaTang
Miss.L. Tang: Name=LydiaTang
Ms. L.Tang:Name=LydiaTang
Ms. L. Tang:Name=LydiaTang
Ms.L.Tang:Name=LydiaTang
Ms.L. Tang: Name=LydiaTang
Mrs. L.Tang:Name=LydiaTang
Mrs. L. Tang:Name=LydiaTang
Mrs.L.Tang:Name=LydiaTang
Mrs.L. Tang: Name=LydiaTang
Rob Duncan:Name=RobDuncan
Robert Duncan:Name=RobDuncan
R.Duncan:Name=RobDuncan
R. Duncan:Name=RobDuncan
Mr. R.Duncan:Name=RobDuncan
Mr. R. Duncan:Name=RobDuncan
Mr.R.Duncan:Name=RobDuncan
Mr.R. Duncan: Name=RobDuncan
