Mark Cooper:Name=Mark Cooper
M.Cooper:Name=Mark Cooper
M. Cooper:Name=Mark Cooper
Mr. M.Cooper:Name=Mark Cooper
Mr. M. Cooper:Name=Mark Cooper
Mr.M.Cooper:Name=Mark Cooper
Mr.M. Cooper:Name=Mark Cooper
Max Murison:Name=Max Mursion
M.Mursion:Name=Max Mursion
M. Mursion:Name=Max Mursion
Mr. M.Mursion:Name=Max Mursion
Mr. M. Mursion:Name=Max Mursion
Mr.M.Mursion:Name=Max Mursion
Mr.M. Mursion:Name=Max Mursion
Dean Boyce:Name=Dean Boyce
D.Boyce:Name=Dean Boyce
D. Boyce:Name=Dean Boyce
Mr. D.Boyce:Name=Dean Boyce
Mr. D. Boyce:Name=Dean Boyce
Mr.D.Boyce:Name=Dean Boyce
Mr.D. Boyce:Name=Dean Boyce
Peter Drew:Name=Peter Drew
P.Drew:Name=Peter Drew
P. Drew:Name=Peter Drew
Mr. P.Drew:Name=Peter Drew
Mr. P. Drew:Name=Peter Drew
Mr.P.Drew:Name=Peter Drew
Mr.P. Drew:Name=Peter Drew
Iain Josty:Name=Iain Josty
I.Josty:Name=Iain Josty
I. Josty:Name=Iain Josty
Mr. I.Josty:Name=Iain Josty
Mr. I. Josty:Name=Iain Josty
Mr.I.Josty:Name=Iain Josty
Mr.I. Josty:Name=Iain Josty
Leong Hiew:Name=Leong Hiew
L.Hiew:Name=Leong Hiew
L. Hiew:Name=Leong Hiew
Mr. L.Hiew:Name=Leong Hiew
Mr. L. Hiew:Name=Leong Hiew
Mr.L.Hiew:Name=Leong Hiew
Mr.L. Hiew:Name=Leong Hiew
Nicholas Wilson-Jones:Name=Nicholas Wilson-Jones
Nick Wilson-Jones:Name=Nicholas Wilson-Jones
N.Wilson-Jones:Name=Nicholas Wilson-Jones
N. Wilson-Jones:Name=Nicholas Wilson-Jones
Mr. N.Wilson-Jones:Name=Nicholas Wilson-Jones
Mr. N. Wilson-Jones:Name=Nicholas Wilson-Jones
Mr.N.Wilson-Jones:Name=Nicholas Wilson-Jones
Mr.N. Wilson-Jones:Name=Nicholas Wilson-Jones
Dai Nguyen:Name=Dai Nguyen
D.Nguyen:Name=Dai Nguyen
R. Nguyen:Name=Dai Nguyen
Miss. D.Nguyen:Name=Dai Nguyen
Miss. D. Nguyen:Name=Dai Nguyen
Miss.D.Nguyen:Name=Dai Nguyen
Miss.D. Nguyen: Name=Dai Nguyen
Ms. D.Nguyen:Name=Dai Nguyen
Ms. D. Nguyen:Name=Dai Nguyen
Ms.D.Nguyen:Name=Dai Nguyen
Ms.D. Nguyen: Name=Dai Nguyen
Sarah Hemmington-Gorse:Name=Sarah Hemmington-Gorse
S.Hemmington-Gorse:Name=Sarah Hemmington-Gorse
S. Hemmington-Gorse:Name=Sarah Hemmington-Gorse
Miss. S.Hemmington-Gorse:Name=Sarah Hemmington-Gorse
Miss. S. Hemmington-Gorse:Name=Sarah Hemmington-Gorse
Miss.S.Hemmington-Gorse:Name=Sarah Hemmington-Gorse
Miss.S. Hemmington-Gorse: Name=Sarah Hemmington-Gorse
Ms. S.Hemmington-Gorse:Name=Sarah Hemmington-Gorse
Ms. S. Hemmington-Gorse:Name=Sarah Hemmington-Gorse
Ms.S.Hemmington-Gorse:Name=Sarah Hemmington-Gorse
Ms.S. Hemmington-Gorse: Name=Sarah Hemmington-Gorse
Richard Karoo:Name=Richard Karoo
R.Karoo:Name=Richard Karoo
R. Karoo:Name=Richard Karoo
Mr. R.Karoo:Name=Richard Karoo
Mr. R. Karoo:Name=Richard Karoo
Mr.R.Karoo:Name=Richard Karoo
Mr.R. Karoo: Name=Richard Karoo
Amar Ghattaura:Name=Amar Ghattaura
A.Ghattaura:Name=Amar Ghattaura
A. Ghattaura:Name=Amar Ghattaura
Mr. A.Ghattaura:Name=Amar Ghattaura
Mr. A. Ghattaura:Name=Amar Ghattaura
Mr.A.Ghattaura:Name=Amar Ghattaura
Mr.A. Ghattaura: Name=Amar Ghattaura
Mohammed Haj-Basheer:Name=Mohammed Haj-Basheer
M.Haj-Basheer:Name=Mohammed Haj-Basheer
M. Haj-Basheer:Name=Mohammed Haj-Basheer
Mr. M.Haj-Basheer:Name=Mohammed Haj-Basheer
Mr. M. Haj-Basheer:Name=Mohammed Haj-Basheer
Mr.M.Haj-Basheer:Name=Mohammed Haj-Basheer
Mr.M. Haj-Basheer:Name=Mohammed Haj-Basheer
Iain Whitaker:Name=IainWhitaker
I.Whitaker:Name=IainWhitaker
I. Whitaker:Name=IainWhitaker
Prof. I.Whitaker:Name=IainWhitaker
Prof. I. Whitaker:Name=IainWhitaker
Prof.I.Whitaker:Name=IainWhitaker
Prof.I. Whitaker:Name=IainWhitaker
Hywel Dafydd:Name=Hywel Dafydd
H.Dafydd:Name=Hywel Dafydd
H. Dafydd:Name=Hywel Dafydd
Mr. H.Dafydd:Name=Hywel Dafydd
Mr. H. Dafydd:Name=Hywel Dafydd
Mr.H.Dafydd:Name=Hywel Dafydd
Mr.H. Dafydd:Name=Hywel Dafydd
Jeremy Yarrow:Name=Jeremy Yarrow
J.Yarrow:Name=Jeremy Yarrow
J. Yarrow:Name=Jeremy Yarrow
Mr. J.Yarrow:Name=Jeremy Yarrow
Mr. J. Yarrow:Name=Jeremy Yarrow
Mr.J.Yarrow:Name=Jeremy Yarrow
Mr.J. Yarrow:Name=Jeremy Yarrow
Ernest Azzopardi:Name=Ernest Azzopardi
E.Azzopardi:Name=Ernest Azzopardi
E. Azzopardi:Name=Ernest Azzopardi
Mr. E.Azzopardi:Name=Ernest Azzopardi
Mr. E. Azzopardi:Name=Ernest Azzopardi
Mr.E.Azzopardi:Name=Ernest Azzopardi
Mr.E. Azzopardi:Name=Ernest Azzopardi
Tomas Tickunas:Name=Tomas Tickunas
T.Tickunas:Name=Tomas Tickunas
T. Tickunas:Name=Tomas Tickunas
Mr. T.Tickunas:Name=Tomas Tickunas
Mr. T. Tickunas:Name=Tomas Tickunas
Mr.T.Tickunas:Name=Tomas Tickunas
Mr.T. Tickunas:Name=Tomas Tickunas
Sophie Pope-Jones:Name=Sophie Pope-Jones
S.Pope-Jones:Name=Sophie Pope-Jones
S. Pope-Jones:Name=Sophie Pope-Jones
Miss. S.Pope-Jones:Name=Sophie Pope-Jones
Miss. S. Pope-Jones:Name=Sophie Pope-Jones
Miss.S.Pope-Jones:Name=Sophie Pope-Jones
Miss.S. Pope-Jones: Name=Sophie Pope-Jones
Ms. S.Pope-Jones:Name=Sophie Pope-Jones
Ms. S. Pope-Jones:Name=Sophie Pope-Jones
Ms.S.Pope-Jones:Name=Sophie Pope-Jones
Ms.S. Pope-Jones: Name=Sophie Pope-Jones
Mrs. S.Pope-Jones:Name=Sophie Pope-Jones
Mrs. S. Pope-Jones:Name=Sophie Pope-Jones
Mrs.S.Pope-Jones:Name=Sophie Pope-Jones
Mrs.S. Pope-Jones: Name=Sophie Pope-Jones
Tomas O’Neill:Name=Tomas O’Neill
T.O’Neill:Name=Tomas O’Neill
T. O’Neill:Name=Tomas O’Neill
Mr. T.O’Neill:Name=Tomas O’Neill
Mr. T. O’Neill:Name=Tomas O’Neill
Mr.T.O’Neill:Name=Tomas O’Neill
Mr.T. O’Neill:Name=Tomas O’Neill
Ahmed Emam:Name=Ahmed Emam
A.Emam:Name=Ahmed Emam
A. Emam:Name=Ahmed Emam
Mr. A.Emam:Name=Ahmed Emam
Mr. A. Emam:Name=Ahmed Emam
Mr.A.Emam:Name=Ahmed Emam
Mr.A. Emam:Name=Ahmed Emam
Nicholas Marsden:Name=Nicholas Marsden
Nick Marsden:Name=Nicholas Marsden
N.Marsden:Name=Nicholas Marsden
N. Marsden:Name=Nicholas Marsden
Mr. N.Marsden:Name=Nicholas Marsden
Mr. N. Marsden:Name=Nicholas Marsden
Mr.N.Marsden:Name=Nicholas Marsden
Mr.N. Marsden:Name=Nicholas Marsden
Loz Harry:Name=Loz Harry
Lorraine Harry:Name=Loz Harry
L.Harry:Name=Loz Harry
L. Harry:Name=Loz Harry
Miss. L.Harry:Name=Loz Harry
Miss. L. Harry:Name=Loz Harry
Miss.L.Harry:Name=Loz Harry
Miss.L. Harry: Name=Loz Harry
Ms. L.Harry:Name=Loz Harry
Ms. L. Harry:Name=Loz Harry
Ms.L.Harry:Name=Loz Harry
Ms.L. Harry: Name=Loz Harry
Mrs. L.Harry:Name=Loz Harry
Mrs. L. Harry:Name=Loz Harry
Mrs.L.Harry:Name=Loz Harry
Mrs.L. Harry: Name=Loz Harry
James Warbrick-Smith:Name=James Warbrick-Smith
J.Warbrick-Smith:Name=James Warbrick-Smith
J. Warbrick-Smith:Name=James Warbrick-Smith
Mr. J.Warbrick-Smith:Name=James Warbrick-Smith
Mr. J. Warbrick-Smith:Name=James Warbrick-Smith
Mr.J.Warbrick-Smith:Name=James Warbrick-Smith
Mr.J. Warbrick-Smith:Name=James Warbrick-Smith