Residual:Negatives=true
Evidence of Residual Disease:Negatives=true
Residual Disease Evident:Negatives=true
Residual Disease Present:Negatives=true
Presence of residual disease:Negatives=true
Residual component:Negatives=true
Residual Disease is absent:Negatives=false
Residual Disease absent:Negatives=false
Residual disease is not Present:Negatives=false
Residual disease not Present:Negatives=false
Evidence of Residual tumour:Negatives=true
Residual tumour Evident:Negatives=true
Residual tumour Present:Negatives=true
Presence of tumour disease:Negatives=true
Residual tumour:Negatives=true
Residual tumour absent:Negatives=false
Residual tumour not Present:Negatives=false
Evidence of Residual cancer:Negatives=true
Residual cancer Evident:Negatives=true
Residual cancer Present:Negatives=true
Presence of cancer disease:Negatives=true
Residual cancer:Negatives=true
Residual cancer absent:Negatives=false
Residual cancer not Present:Negatives=false
Evidence of Residual malignancy:Negatives=true
Residual malignancy Evident:Negatives=true
Residual malignancy Present:Negatives=true
Presence of malignant disease:Negatives=true
Residual malignancy:Negatives=true
Residual malignancy absent:Negatives=false
Residual malignancy not Present:Negatives=false
Residual/recurrent:Negatives=true
Evidence of dysplasia or recurrence:Negatives=true
