Non-ulcerated:Negatives=false
Non- ulcerated:Negatives=false
Non -ulcerated:Negatives=false 
Non - ulcerated:Negatives=false
Non ulcerated:Negatives=false
Nonulcerated:Negatives=false
Ulceration
Ulcerated
Ulcer
Ulcerating
With ulceration:Negatives=true
With an ulcerating:Negatives=true
With a ulcerating:Negatives=true
Ulceration ?:Negatives=true
Ulcerated ?:Negatives=true
Ulcerating ?:Negatives=true
Ulceration of lesion:Negatives=true
Ulceration present:Negatives=true
Ulcerated lesion:Negatives=true
Ulcerating lesion:Negatives=true
Evidence of ulceration:Negatives=true
Ulceration evident:Negatives=true
Ulceration present:Negatives=true
Presence of ulceration:Negatives=true
Ulcerated Irregular area:Negatives=true
Ulcerated Irregular areas:Negatives=true
Ulcerated Area:Negatives=true
Ulcerated Areas:Negatives=true
Ulcerated Nodule:Negatives=true
Ulcerated Nodules:Negatives=true
Ulcerated Lesion:Negatives=true
Ulcerated Lesions:Negatives=true
Ulcerated Plaque:Negatives=true
Ulcerated Plaques:Negatives=true
Ulcerated Irregular surface:Negatives=true
Ulcerated Surface:Negatives=true
Ulcerated Surfaces:Negatives=true
Ulcerated Irregular area:Negatives=true
Ulcerated Irregular areas:Negatives=true
Ulcerated Area:Negatives=true
Ulcerated Areas:Negatives=true
Ulcerated Nodule:Negatives=true
Ulcerated Nodules:Negatives=true
Ulcerated Lesion:Negatives=true
Ulcerated Lesions:Negatives=true
Ulcerated Plaque:Negatives=true
Ulcerated Plaques:Negatives=true
Ulcerated Irregular surface:Negatives=true
Ulcerated Surface:Negatives=true
Ulcerated Surfaces:Negatives=true
