Ulceration
Ulcerated
Ulcer
Ulcerating
Ulceration ?:Negatives=true
Ulcerated ?:Negatives=true
Ulcerating ?:Negatives=true
Ulceration of lesion:Negatives=true
Ulceration present:Negatives=true
Ulcerated lesion:Negatives=true
Ulcerating lesion:Negatives=true
Evidence of ulceration:Negatives=true
Ulceration evident:Negatives=true
Ulceration present:Negatives=true
Presence of ulceration:Negatives=true
Ulcerated BCC:Negatives=true
Ulcerated basal cell carcinoma:Negatives=true
Ulcerated SCC:Negatives=true
Ulcerated squamous cell carcinoma:Negatives=true
Ulcerated MM:Negatives=true
Ulcerated malignant melanoma:Negatives=true
Ulcerated Irregular area:Negatives=true
Ulcerated Irregular areas:Negatives=true
Ulcerated Area:Negatives=true
Ulcerated Areas:Negatives=true
Ulcerated Nodule:Negatives=false
Ulcerated Nodules:Negatives=true
Ulcerated Lesion:Negatives=true
Ulcerated Lesions:Negatives=true
Ulcerated Plaque:Negatives=true
Ulcerated Plaques:Negatives=true
Ulcerated Irregular surface:Negatives=true
Ulcerated Surface :Negatives=true
Ulcerated Surfaces:Negatives=true
Ulcerated Irregular area:Negatives=true
Ulcerated Irregular areas:Negatives=true
Ulcerated Area:Negatives=true
Ulcerated Areas:Negatives=true
Ulcerated Nodule :Negatives=true
Ulcerated Nodules:Negatives=true
Ulcerated Lesion:Negatives=true
Ulcerated Lesions:Negatives=true
Ulcerated Plaque:Negatives=true
Ulcerated Plaques:Negatives=true
Ulcerated Irregular surface:Negatives=true
Ulcerated Surface :Negatives=true
Ulcerated Surfaces:Negatives=true

